
 Start  Stop   Length Name               Class

 00000H 02519H 0251AH _TEXT              CODE
 0251AH 027FEH 002E5H TEST_TEXT          CODE
 02800H 028D5H 000D6H OS_CPU_A_TEXT      CODE
 028D6H 02AABH 001D6H OS_CPU_C_TEXT      CODE
 02AACH 02E28H 0037DH PC_TEXT            CODE
 02E29H 06766H 0393EH UCOS_II_TEXT       CODE
 06770H 06770H 00000H _FARDATA           FAR_DATA
 06770H 06770H 00000H _FARBSS            FAR_BSS
 06770H 06770H 00000H _OVERLAY_          OVRINFO
 06770H 06770H 00000H _1STUB_            STUBSEG
 06770H 06C53H 004E4H _DATA              DATA
 06C54H 06C55H 00002H _CVTSEG            DATA
 06C56H 06C5BH 00006H _SCNSEG            DATA
 06C5CH 06C5CH 00000H _CONST             CONST
 06C5CH 06C67H 0000CH _INIT_             INITDATA
 06C68H 06C68H 00000H _INITEND_          INITDATA
 06C68H 06C68H 00000H _EXIT_             EXITDATA
 06C68H 06C68H 00000H _EXITEND_          EXITDATA
 06C68H 082A9H 01642H _BSS               BSS
 082AAH 082AAH 00000H _BSSEND            BSSEND
 082B0H 0832FH 00080H _STACK             STACK


Detailed map of segments

 0000:0000 0295 C=CODE   S=_TEXT          G=(none)  M=c0.ASM     ACBP=28
 0000:0295 002D C=CODE   S=_TEXT          G=(none)  M=ATEXIT     ACBP=28
 0000:02C2 0093 C=CODE   S=_TEXT          G=(none)  M=EXIT       ACBP=28
 0000:0355 0000 C=CODE   S=_TEXT          G=(none)  M=FILES      ACBP=28
 0000:0355 0000 C=CODE   S=_TEXT          G=(none)  M=FILES2     ACBP=28
 0000:0355 0017 C=CODE   S=_TEXT          G=(none)  M=F_LXMUL    ACBP=28
 0000:036C 0026 C=CODE   S=_TEXT          G=(none)  M=GETDATE    ACBP=28
 0000:0392 00AE C=CODE   S=_TEXT          G=(none)  M=H_LDIV     ACBP=28
 0000:0440 0021 C=CODE   S=_TEXT          G=(none)  M=H_LLSH     ACBP=28
 0000:0461 0021 C=CODE   S=_TEXT          G=(none)  M=H_LURSH    ACBP=28
 0000:0482 0060 C=CODE   S=_TEXT          G=(none)  M=H_PADD     ACBP=28
 0000:04E2 004B C=CODE   S=_TEXT          G=(none)  M=IOERROR    ACBP=28
 0000:052D 0011 C=CODE   S=_TEXT          G=(none)  M=ISATTY     ACBP=28
 0000:053E 00A2 C=CODE   S=_TEXT          G=(none)  M=LONGTOA    ACBP=28
 0000:05E0 0029 C=CODE   S=_TEXT          G=(none)  M=LSEEK      ACBP=28
 0000:0609 0021 C=CODE   S=_TEXT          G=(none)  M=N_PCMP     ACBP=28
 0000:062A 00BA C=CODE   S=_TEXT          G=(none)  M=SETUPIO    ACBP=28
 0000:06E4 0000 C=CODE   S=_TEXT          G=(none)  M=STKLEN     ACBP=28
 0000:06E4 04DB C=CODE   S=_TEXT          G=(none)  M=VPRINTER   ACBP=28
 0000:0BBF 009F C=CODE   S=_TEXT          G=(none)  M=VRAM       ACBP=28
 0000:0C5E 0000 C=CODE   S=_TEXT          G=(none)  M=WSCROLL    ACBP=28
 0000:0C5E 014E C=CODE   S=_TEXT          G=(none)  M=CPRINTF    ACBP=28
 0000:0DAC 01A5 C=CODE   S=_TEXT          G=(none)  M=CRTINIT    ACBP=28
 0000:0F51 001F C=CODE   S=_TEXT          G=(none)  M=CVTFAK     ACBP=28
 0000:0F70 0432 C=CODE   S=_TEXT          G=(none)  M=FARHEAP    ACBP=28
 0000:13A2 0140 C=CODE   S=_TEXT          G=(none)  M=FBRK       ACBP=28
 0000:14E2 005E C=CODE   S=_TEXT          G=(none)  M=GETCH      ACBP=28
 0000:1540 00AC C=CODE   S=_TEXT          G=(none)  M=GPTEXT     ACBP=28
 0000:15EC 0012 C=CODE   S=_TEXT          G=(none)  M=KBHIT      ACBP=28
 0000:15FE 009D C=CODE   S=_TEXT          G=(none)  M=MOVETEXT   ACBP=28
 0000:169B 0017 C=CODE   S=_TEXT          G=(none)  M=PUTCH      ACBP=28
 0000:16B2 0004 C=CODE   S=_TEXT          G=(none)  M=REALCVT    ACBP=28
 0000:16B6 01C7 C=CODE   S=_TEXT          G=(none)  M=SCREEN     ACBP=28
 0000:187D 018E C=CODE   S=_TEXT          G=(none)  M=SCROLL     ACBP=28
 0000:1A0B 001C C=CODE   S=_TEXT          G=(none)  M=SETBLOCK   ACBP=28
 0000:1A27 006A C=CODE   S=_TEXT          G=(none)  M=SETJMP     ACBP=28
 0000:1A91 002C C=CODE   S=_TEXT          G=(none)  M=WHEREXY    ACBP=28
 0000:1ABD 00CD C=CODE   S=_TEXT          G=(none)  M=FFLUSH     ACBP=28
 0000:1B8A 0042 C=CODE   S=_TEXT          G=(none)  M=FLUSHALL   ACBP=28
 0000:1BCC 01E2 C=CODE   S=_TEXT          G=(none)  M=FSEEK      ACBP=28
 0000:1DAE 0024 C=CODE   S=_TEXT          G=(none)  M=MEMCPY     ACBP=28
 0000:1DD2 001B C=CODE   S=_TEXT          G=(none)  M=PRINTF     ACBP=28
 0000:1DED 03C8 C=CODE   S=_TEXT          G=(none)  M=PUTC       ACBP=28
 0000:21B5 011D C=CODE   S=_TEXT          G=(none)  M=SETVBUF    ACBP=28
 0000:22D2 0083 C=CODE   S=_TEXT          G=(none)  M=SPRINTF    ACBP=28
 0000:2355 0151 C=CODE   S=_TEXT          G=(none)  M=WRITE      ACBP=28
 0000:24A6 003C C=CODE   S=_TEXT          G=(none)  M=WRITEA     ACBP=28
 0000:24E2 0038 C=CODE   S=_TEXT          G=(none)  M=XFFLUSH    ACBP=28
 0251:000A 02E5 C=CODE   S=TEST_TEXT      G=(none)  M=test.c     ACBP=28
 0280:0000 00D6 C=CODE   S=OS_CPU_A_TEXT  G=(none)  M=\SOFTWARE\uCOS-II\Ix86L\BC45\OS_CPU_A.ASM ACBP=48
 028D:0006 01D6 C=CODE   S=OS_CPU_C_TEXT  G=(none)  M=os_cpu_c.c ACBP=28
 02AA:000C 037D C=CODE   S=PC_TEXT        G=(none)  M=pc.c       ACBP=28
 02E2:0009 393E C=CODE   S=UCOS_II_TEXT   G=(none)  M=ucos_ii.c  ACBP=28
 0677:0000 0000 C=FAR_DATA S=_FARDATA       G=(none)  M=c0.ASM     ACBP=68
 0677:0000 0000 C=FAR_BSS S=_FARBSS        G=(none)  M=c0.ASM     ACBP=68
 0677:0000 0000 C=OVRINFO S=_OVERLAY_      G=(none)  M=c0.ASM     ACBP=68
 0677:0000 0000 C=STUBSEG S=_1STUB_        G=(none)  M=c0.ASM     ACBP=68
 0677:0000 0093 C=DATA   S=_DATA          G=DGROUP  M=c0.ASM     ACBP=68
 0677:0094 0044 C=DATA   S=_DATA          G=DGROUP  M=test.c     ACBP=48
 0677:00D8 0000 C=DATA   S=_DATA          G=DGROUP  M=\SOFTWARE\uCOS-II\Ix86L\BC45\OS_CPU_A.ASM ACBP=48
 0677:00D8 0000 C=DATA   S=_DATA          G=DGROUP  M=os_cpu_c.c ACBP=48
 0677:00D8 001F C=DATA   S=_DATA          G=DGROUP  M=pc.c       ACBP=48
 0677:00F8 0108 C=DATA   S=_DATA          G=DGROUP  M=ucos_ii.c  ACBP=48
 0677:0200 0002 C=DATA   S=_DATA          G=DGROUP  M=ATEXIT     ACBP=48
 0677:0202 000C C=DATA   S=_DATA          G=DGROUP  M=EXIT       ACBP=48
 0677:020E 0190 C=DATA   S=_DATA          G=DGROUP  M=FILES      ACBP=48
 0677:039E 002A C=DATA   S=_DATA          G=DGROUP  M=FILES2     ACBP=48
 0677:03C8 0000 C=DATA   S=_DATA          G=DGROUP  M=F_LXMUL    ACBP=48
 0677:03C8 0000 C=DATA   S=_DATA          G=DGROUP  M=GETDATE    ACBP=48
 0677:03C8 0000 C=DATA   S=_DATA          G=DGROUP  M=H_LDIV     ACBP=48
 0677:03C8 0000 C=DATA   S=_DATA          G=DGROUP  M=H_LLSH     ACBP=48
 0677:03C8 0000 C=DATA   S=_DATA          G=DGROUP  M=H_LURSH    ACBP=48
 0677:03C8 0000 C=DATA   S=_DATA          G=DGROUP  M=H_PADD     ACBP=48
 0677:03C8 005B C=DATA   S=_DATA          G=DGROUP  M=IOERROR    ACBP=48
 0677:0424 0000 C=DATA   S=_DATA          G=DGROUP  M=ISATTY     ACBP=48
 0677:0424 0000 C=DATA   S=_DATA          G=DGROUP  M=LONGTOA    ACBP=48
 0677:0424 0000 C=DATA   S=_DATA          G=DGROUP  M=LSEEK      ACBP=48
 0677:0424 0000 C=DATA   S=_DATA          G=DGROUP  M=N_PCMP     ACBP=48
 0677:0424 0000 C=DATA   S=_DATA          G=DGROUP  M=SETUPIO    ACBP=48
 0677:0424 0002 C=DATA   S=_DATA          G=DGROUP  M=STKLEN     ACBP=48
 0677:0426 0067 C=DATA   S=_DATA          G=DGROUP  M=VPRINTER   ACBP=48
 0677:048E 0000 C=DATA   S=_DATA          G=DGROUP  M=VRAM       ACBP=48
 0677:048E 0002 C=DATA   S=_DATA          G=DGROUP  M=WSCROLL    ACBP=48
 0677:0490 0000 C=DATA   S=_DATA          G=DGROUP  M=CPRINTF    ACBP=48
 0677:0490 0018 C=DATA   S=_DATA          G=DGROUP  M=CRTINIT    ACBP=48
 0677:04A8 0031 C=DATA   S=_DATA          G=DGROUP  M=CVTFAK     ACBP=48
 0677:04DA 0000 C=DATA   S=_DATA          G=DGROUP  M=FARHEAP    ACBP=48
 0677:04DA 0002 C=DATA   S=_DATA          G=DGROUP  M=FBRK       ACBP=48
 0677:04DC 0000 C=DATA   S=_DATA          G=DGROUP  M=GETCH      ACBP=48
 0677:04DC 0000 C=DATA   S=_DATA          G=DGROUP  M=GPTEXT     ACBP=48
 0677:04DC 0002 C=DATA   S=_DATA          G=DGROUP  M=KBHIT      ACBP=48
 0677:04DE 0000 C=DATA   S=_DATA          G=DGROUP  M=MOVETEXT   ACBP=48
 0677:04DE 0000 C=DATA   S=_DATA          G=DGROUP  M=PUTCH      ACBP=48
 0677:04DE 0000 C=DATA   S=_DATA          G=DGROUP  M=REALCVT    ACBP=48
 0677:04DE 0000 C=DATA   S=_DATA          G=DGROUP  M=SCREEN     ACBP=48
 0677:04DE 0000 C=DATA   S=_DATA          G=DGROUP  M=SCROLL     ACBP=48
 0677:04DE 0000 C=DATA   S=_DATA          G=DGROUP  M=SETBLOCK   ACBP=48
 0677:04DE 0000 C=DATA   S=_DATA          G=DGROUP  M=SETJMP     ACBP=48
 0677:04DE 0000 C=DATA   S=_DATA          G=DGROUP  M=WHEREXY    ACBP=48
 0677:04DE 0000 C=DATA   S=_DATA          G=DGROUP  M=FFLUSH     ACBP=48
 0677:04DE 0000 C=DATA   S=_DATA          G=DGROUP  M=FLUSHALL   ACBP=48
 0677:04DE 0000 C=DATA   S=_DATA          G=DGROUP  M=FSEEK      ACBP=48
 0677:04DE 0000 C=DATA   S=_DATA          G=DGROUP  M=MEMCPY     ACBP=48
 0677:04DE 0000 C=DATA   S=_DATA          G=DGROUP  M=PRINTF     ACBP=48
 0677:04DE 0001 C=DATA   S=_DATA          G=DGROUP  M=PUTC       ACBP=48
 0677:04E0 0004 C=DATA   S=_DATA          G=DGROUP  M=SETVBUF    ACBP=48
 0677:04E4 0000 C=DATA   S=_DATA          G=DGROUP  M=SPRINTF    ACBP=48
 0677:04E4 0000 C=DATA   S=_DATA          G=DGROUP  M=WRITE      ACBP=48
 0677:04E4 0000 C=DATA   S=_DATA          G=DGROUP  M=WRITEA     ACBP=48
 0677:04E4 0000 C=DATA   S=_DATA          G=DGROUP  M=XFFLUSH    ACBP=48
 0677:04E4 0000 C=DATA   S=_CVTSEG        G=DGROUP  M=c0.ASM     ACBP=48
 0677:04E4 0002 C=DATA   S=_CVTSEG        G=DGROUP  M=CVTFAK     ACBP=48
 0677:04E6 0000 C=DATA   S=_CVTSEG        G=DGROUP  M=REALCVT    ACBP=48
 0677:04E6 0000 C=DATA   S=_SCNSEG        G=DGROUP  M=c0.ASM     ACBP=48
 0677:04E6 0006 C=DATA   S=_SCNSEG        G=DGROUP  M=CVTFAK     ACBP=48
 0677:04EC 0000 C=CONST  S=_CONST         G=DGROUP  M=c0.ASM     ACBP=48
 0677:04EC 0000 C=INITDATA S=_INIT_         G=DGROUP  M=c0.ASM     ACBP=48
 0677:04EC 0006 C=INITDATA S=_INIT_         G=DGROUP  M=SETUPIO    ACBP=48
 0677:04F2 0006 C=INITDATA S=_INIT_         G=DGROUP  M=CRTINIT    ACBP=48
 0677:04F8 0000 C=INITDATA S=_INITEND_      G=DGROUP  M=c0.ASM     ACBP=28
 0677:04F8 0000 C=EXITDATA S=_EXIT_         G=DGROUP  M=c0.ASM     ACBP=48
 0677:04F8 0000 C=EXITDATA S=_EXITEND_      G=DGROUP  M=c0.ASM     ACBP=28
 0677:04F8 0000 C=BSS    S=_BSS           G=DGROUP  M=c0.ASM     ACBP=48
 0677:04F8 0C00 C=BSS    S=_BSS           G=DGROUP  M=test.c     ACBP=48
 0677:10F8 0001 C=BSS    S=_BSS           G=DGROUP  M=os_cpu_c.c ACBP=48
 0677:10FA 001B C=BSS    S=_BSS           G=DGROUP  M=pc.c       ACBP=48
 0677:1116 09A1 C=BSS    S=_BSS           G=DGROUP  M=ucos_ii.c  ACBP=48
 0677:1AB8 0080 C=BSS    S=_BSS           G=DGROUP  M=ATEXIT     ACBP=48
 0677:1B38 0000 C=BSS    S=_BSS           G=DGROUP  M=IOERROR    ACBP=48
 0677:1B38 0000 C=BSS    S=_BSS           G=DGROUP  M=ISATTY     ACBP=48
 0677:1B38 0000 C=BSS    S=_BSS           G=DGROUP  M=LONGTOA    ACBP=48
 0677:1B38 0000 C=BSS    S=_BSS           G=DGROUP  M=LSEEK      ACBP=48
 0677:1B38 0000 C=BSS    S=_BSS           G=DGROUP  M=SETUPIO    ACBP=48
 0677:1B38 0000 C=BSS    S=_BSS           G=DGROUP  M=VPRINTER   ACBP=48
 0677:1B38 0000 C=BSS    S=_BSS           G=DGROUP  M=VRAM       ACBP=48
 0677:1B38 0000 C=BSS    S=_BSS           G=DGROUP  M=CRTINIT    ACBP=48
 0677:1B38 0000 C=BSS    S=_BSS           G=DGROUP  M=GETCH      ACBP=48
 0677:1B38 0000 C=BSS    S=_BSS           G=DGROUP  M=KBHIT      ACBP=48
 0677:1B38 0000 C=BSS    S=_BSS           G=DGROUP  M=SETBLOCK   ACBP=48
 0677:1B38 0000 C=BSS    S=_BSS           G=DGROUP  M=SETJMP     ACBP=48
 0677:1B38 0000 C=BSS    S=_BSS           G=DGROUP  M=MEMCPY     ACBP=48
 0677:1B38 0001 C=BSS    S=_BSS           G=DGROUP  M=PUTC       ACBP=48
 0677:1B3A 0000 C=BSS    S=_BSS           G=DGROUP  M=WRITEA     ACBP=48
 0677:1B3A 0000 C=BSSEND S=_BSSEND        G=DGROUP  M=c0.ASM     ACBP=28
 082B:0000 0080 C=STACK  S=_STACK         G=(none)  M=c0.ASM     ACBP=74

  Address         Publics by Name

 0677:0000 idle  DATASEG@
 0000:0291 idle  DGROUP@
 0000:0395 idle  F_LDIV@
 0000:03A4 idle  F_LMOD@
 0000:039C       F_LUDIV@
 0000:03AC idle  F_LUMOD@
 0000:0443       F_LXLSH@
 0000:0355       F_LXMUL@
 0000:0464       F_LXURSH@
 0000:0485 idle  F_PADD@
 0000:04B4 idle  F_PSUB@
 0000:0395 idle  LDIV@
 0000:03A4 idle  LMOD@
 0000:039C idle  LUDIV@
 0000:03AC idle  LUMOD@
 0000:0443 idle  LXLSH@
 0000:0355 idle  LXMUL@
 0000:0464 idle  LXURSH@
 0000:0392 idle  N_LDIV@
 0000:03A1 idle  N_LMOD@
 0000:0399 idle  N_LUDIV@
 0000:03A9 idle  N_LUMOD@
 0000:0440       N_LXLSH@
 0000:0461 idle  N_LXURSH@
 0000:0482       N_PADD@
 0000:0609       N_PCMP@
 0000:04B1 idle  N_PSUB@
 0000:0485 idle  PADD@
 0000:04B4 idle  PSUB@
 0000:027A       _abort
 0000:0295 idle  _atexit
 0000:0D90 idle  _cprintf
 0677:049F       _directvideo
 0677:007F       _errno
 0000:031A       _exit
 0000:10B0 idle  _farfree
 0000:11C4 idle  _farmalloc
 0000:1328 idle  _farrealloc
 0000:1ABD       _fflush
 0000:1B8A       _flushall
 0000:1E09 idle  _fputc
 0000:1F9E idle  _fputchar
 0000:10B0       _free
 0000:1C4E       _fseek
 0000:1CCE idle  _ftell
 0000:14E2       _getch
 0000:14FE idle  _getche
 0000:036C       _getdate
 0000:1540       _gettext
 0000:037F       _gettime
 0677:1116       _head
 0000:052D       _isatty
 0000:15EC       _kbhit
 02E2:0009 idle  _ListInsertNode
 0251:0227 idle  _ListPrintNode
 0000:1A5D       _longjmp
 0000:05E0       _lseek
 0251:000A       _main
 0000:11BA       _malloc
 0000:1DAE       _memcpy
 0000:15FE       _movetext
 0280:001E       _OSCtxSw
 0677:1AB3 idle  _OSCtxSwCtr
 0677:1AAF idle  _OSEventFreeList
 0677:1A8F idle  _OSEventTbl
 02E2:08DE idle  _OSFlagAccept
 02E2:0A10 idle  _OSFlagCreate
 02E2:0A88 idle  _OSFlagDel
 0677:1A68 idle  _OSFlagFreeList
 02E2:0BCA idle  _OSFlagPend
 02E2:0E24 idle  _OSFlagPost
 02E2:0FC4 idle  _OSFlagQuery
 0677:1A6C idle  _OSFlagTbl
 0677:1A54 idle  _OSIdleCtr
 02E2:0123       _OSInit
 028D:0006       _OSInitHookBegin
 028D:0007       _OSInitHookEnd
 0280:0059       _OSIntCtxSw
 02E2:0156 idle  _OSIntEnter
 02E2:0169       _OSIntExit
 0677:1A66 idle  _OSIntExitY
 0677:1A67       _OSIntNesting
 0677:1A65 idle  _OSLockNesting
 0677:00F8 idle  _OSMapTbl
 02E2:1254 idle  _OSMboxAccept
 02E2:129F idle  _OSMboxCreate
 02E2:1314 idle  _OSMboxDel
 02E2:1432 idle  _OSMboxPend
 02E2:1534 idle  _OSMboxPost
 02E2:15AC idle  _OSMboxPostOpt
 02E2:164F idle  _OSMboxQuery
 02E2:1743 idle  _OSMemCreate
 0677:121C idle  _OSMemFreeList
 02E2:188E idle  _OSMemGet
 02E2:190C idle  _OSMemPut
 02E2:197C idle  _OSMemQuery
 0677:11B8 idle  _OSMemTbl
 02E2:1AC9 idle  _OSMutexAccept
 02E2:1B54 idle  _OSMutexCreate
 02E2:1C3A idle  _OSMutexDel
 02E2:1D94 idle  _OSMutexPend
 02E2:1F7F idle  _OSMutexPost
 02E2:2107 idle  _OSMutexQuery
 0677:1A64       _OSPrioCur
 0677:1A63       _OSPrioHighRdy
 02E2:2222 idle  _OSQAccept
 02E2:22C2 idle  _OSQCreate
 02E2:23E5 idle  _OSQDel
 02E2:2562 idle  _OSQFlush
 0677:11B4 idle  _OSQFreeList
 02E2:25BA idle  _OSQPend
 02E2:2700 idle  _OSQPost
 02E2:27C8 idle  _OSQPostFront
 02E2:288A idle  _OSQPostOpt
 02E2:29C8 idle  _OSQQuery
 0677:1184 idle  _OSQTbl
 0677:1A62 idle  _OSRdyGrp
 0677:1A5A idle  _OSRdyTbl
 0677:1A59       _OSRunning
 02E2:0205 idle  _OSSchedLock
 02E2:021B idle  _OSSchedUnlock
 02E2:2B53 idle  _OSSemAccept
 02E2:2B85 idle  _OSSemCreate
 02E2:2BF9 idle  _OSSemDel
 02E2:2D17 idle  _OSSemPend
 02E2:2DC7 idle  _OSSemPost
 02E2:2E21 idle  _OSSemQuery
 02E2:0248       _OSStart
 0280:0000       _OSStartHighRdy
 02E2:2F0D idle  _OSTaskChangePrio
 02E2:30D9       _OSTaskCreate
 02E2:31A2 idle  _OSTaskCreateExt
 028D:0008       _OSTaskCreateHook
 0677:1A58 idle  _OSTaskCtr
 02E2:329A idle  _OSTaskDel
 028D:000D       _OSTaskDelHook
 02E2:3479 idle  _OSTaskDelReq
 028D:0012       _OSTaskIdleHook
 0677:1654 idle  _OSTaskIdleStk
 02E2:36F7 idle  _OSTaskQuery
 02E2:34E5 idle  _OSTaskResume
 028D:0013 idle  _OSTaskStatHook
 02E2:3564 idle  _OSTaskStkChk
 028D:0014       _OSTaskStkInit
 028D:00FA idle  _OSTaskStkInit_FPE_x86
 02E2:3649 idle  _OSTaskSuspend
 028D:01D5       _OSTaskSwHook
 0677:1650       _OSTCBCur
 0677:164C idle  _OSTCBFreeList
 0677:1648       _OSTCBHighRdy
 028D:01D6       _OSTCBInitHook
 0677:1644 idle  _OSTCBList
 0677:1544 idle  _OSTCBPrioTbl
 0677:1220 idle  _OSTCBTbl
 0677:10F8       _OSTickDOSCtr
 0280:0086       _OSTickISR
 0677:1180 idle  _OSTime
 02E2:3765       _OSTimeDly
 02E2:37AC idle  _OSTimeDlyHMSM
 02E2:389B idle  _OSTimeDlyResume
 02E2:3913       _OSTimeGet
 02E2:3932       _OSTimeSet
 02E2:027C       _OSTimeTick
 028D:01DB       _OSTimeTickHook
 0677:0100 idle  _OSUnMapTbl
 02E2:0318 idle  _OSVersion
 02E2:031C idle  _OS_Dummy
 02E2:031D idle  _OS_EventTaskRdy
 02E2:03E7 idle  _OS_EventTaskWait
 02E2:0454 idle  _OS_EventTO
 02E2:04A8 idle  _OS_EventWaitListInit
 02E2:10E6 idle  _OS_FlagInit
 02E2:11A5 idle  _OS_FlagUnlink
 02E2:1A25 idle  _OS_MemInit
 02E2:2B03 idle  _OS_QInit
 02E2:0697 idle  _OS_Sched
 02E2:070A idle  _OS_TaskIdle
 02E2:072F idle  _OS_TCBInit
 02AA:000C idle  _PC_DispChar
 02AA:004A idle  _PC_DispClrCol
 02AA:0090 idle  _PC_DispClrRow
 02AA:00C9 idle  _PC_DispClrScr
 02AA:00FA idle  _PC_DispStr
 02AA:0149 idle  _PC_DOSReturn
 02AA:015D       _PC_DOSSaveReturn
 02AA:01CB idle  _PC_ElapsedInit
 02AA:01DF idle  _PC_ElapsedStart
 02AA:0205 idle  _PC_ElapsedStop
 02AA:0256 idle  _PC_GetDateTime
 02AA:02A9 idle  _PC_GetKey
 02AA:02D0       _PC_SetTickRate
 0677:10FA idle  _PC_TickISR
 02AA:031D idle  _PC_VectGet
 02AA:0354       _PC_VectSet
 0000:1DD2       _printf
 0000:169B       _putch
 0000:1596       _puttext
 0000:1321 idle  _realloc
 0000:1A0B       _setblock
 0000:1A27       _setjmp
 0000:21B5       _setvbuf
 0000:2312       _sprintf
 0251:00D8 idle  _Task1
 0677:0CF8 idle  _Task1_Stk
 0251:0140 idle  _Task2
 0677:08F8 idle  _Task2_Stk
 0251:01A8 idle  _Task3
 0677:04F8 idle  _Task3_Stk
 0677:111A idle  _task_log
 0677:117E       _task_log_index
 0000:1522 idle  _ungetch
 0000:2334 idle  _vsprintf
 0000:1A9B idle  _wherex
 0000:1AAA idle  _wherey
 0000:1000 idle  __AHINCR
 0000:000C idle  __AHSHIFT
 0677:0200       __atexitcnt
 0677:1AB8       __atexittbl
 0000:1418       __brk
 0677:008B       __brklvl
 0677:006B idle  __C0argc
 0677:006D idle  __C0argv
 0000:0E72 idle  __c0crtinit
 0677:0071 idle  __C0environ
 0677:04DD       __cChar
 0000:033B idle  __cexit
 0677:04DC       __cFlag
 0000:016A       __checknull
 0000:0157       __cleanup
 0000:0C5E       __CPUTN
 0000:0E8F idle  __crtinit
 0000:0000  Abs  __cvtfak
 0000:0349 idle  __c_exit
 0677:03C8 idle  __doserrno
 0000:051B idle  __DOSERROR
 0677:03CA idle  __dosErrorToSV
 0677:0075 idle  __envLng
 0677:0077 idle  __envseg
 0677:0079 idle  __envSize
 0000:0329       __exit
 0677:0202       __exitbuf
 0677:0206 idle  __exitfopen
 0677:020A idle  __exitopen
 0000:1DED idle  __fputc
 0000:1FB2       __FPUTN
 0677:0087       __heapbase
 0677:008F       __heaptop
 0677:005B idle  __Int0Vector
 0677:005F idle  __Int4Vector
 0677:0063 idle  __Int5Vector
 0677:0067 idle  __Int6Vector
 0000:04E2       __IOERROR
 0000:053E       __LONGTOA
 0000:0293 idle  __MMODEL
 0677:039E       __nfile
 0000:14FB idle  __Ngetche
 0000:151F idle  __Nungetch
 0677:03A0       __openfd
 0677:007D idle  __osmajor
 0677:007E idle  __osminor
 0677:007D idle  __osversion
 0677:007B       __psp
 0000:16B2       __REALCVT
 0677:04E4       __RealCvtVector
 0000:01C0       __restorezero
 0000:1457       __sbrk
 0677:04E6 idle  __ScanTodVector
 0000:17EC       __SCREENIO
 0000:189F       __SCROLL
 0000:062A       __setupio
 0677:0081 idle  __StartTime
 0677:0424       __stklen
 0677:020E       __streams
 0000:016B       __terminate
 0000:0000 idle  __turboCrt
 0000:05C0 idle  __UTOA
 0000:1828       __VALIDATEXY
 0677:007D idle  __version
 0677:0490       __video
 0000:0DE7       __VideoInt
 0000:06FC       __VPRINTER
 0000:0BBF       __VPTR
 0000:0BE4       __VRAM
 0000:1A91       __wherexy
 0000:24A6       __write
 0677:048E       __wscroll
 0000:24E2       __xfflush
 0677:0085 idle  ___brklvl
 0000:0F70 idle  ___first
 0000:0F72 idle  ___last
 0000:0F74 idle  ___rover
 0000:2355       ___write

  Address         Publics by Value

 0000:0000 idle  __turboCrt
 0000:0000  Abs  __cvtfak
 0000:000C idle  __AHSHIFT
 0000:0157       __cleanup
 0000:016A       __checknull
 0000:016B       __terminate
 0000:01C0       __restorezero
 0000:027A       _abort
 0000:0291 idle  DGROUP@
 0000:0293 idle  __MMODEL
 0000:0295 idle  _atexit
 0000:031A       _exit
 0000:0329       __exit
 0000:033B idle  __cexit
 0000:0349 idle  __c_exit
 0000:0355       F_LXMUL@
 0000:0355 idle  LXMUL@
 0000:036C       _getdate
 0000:037F       _gettime
 0000:0392 idle  N_LDIV@
 0000:0395 idle  LDIV@
 0000:0395 idle  F_LDIV@
 0000:0399 idle  N_LUDIV@
 0000:039C       F_LUDIV@
 0000:039C idle  LUDIV@
 0000:03A1 idle  N_LMOD@
 0000:03A4 idle  F_LMOD@
 0000:03A4 idle  LMOD@
 0000:03A9 idle  N_LUMOD@
 0000:03AC idle  LUMOD@
 0000:03AC idle  F_LUMOD@
 0000:0440       N_LXLSH@
 0000:0443       F_LXLSH@
 0000:0443 idle  LXLSH@
 0000:0461 idle  N_LXURSH@
 0000:0464       F_LXURSH@
 0000:0464 idle  LXURSH@
 0000:0482       N_PADD@
 0000:0485 idle  F_PADD@
 0000:0485 idle  PADD@
 0000:04B1 idle  N_PSUB@
 0000:04B4 idle  F_PSUB@
 0000:04B4 idle  PSUB@
 0000:04E2       __IOERROR
 0000:051B idle  __DOSERROR
 0000:052D       _isatty
 0000:053E       __LONGTOA
 0000:05C0 idle  __UTOA
 0000:05E0       _lseek
 0000:0609       N_PCMP@
 0000:062A       __setupio
 0000:06FC       __VPRINTER
 0000:0BBF       __VPTR
 0000:0BE4       __VRAM
 0000:0C5E       __CPUTN
 0000:0D90 idle  _cprintf
 0000:0DE7       __VideoInt
 0000:0E72 idle  __c0crtinit
 0000:0E8F idle  __crtinit
 0000:0F70 idle  ___first
 0000:0F72 idle  ___last
 0000:0F74 idle  ___rover
 0000:1000 idle  __AHINCR
 0000:10B0       _free
 0000:10B0 idle  _farfree
 0000:11BA       _malloc
 0000:11C4 idle  _farmalloc
 0000:1321 idle  _realloc
 0000:1328 idle  _farrealloc
 0000:1418       __brk
 0000:1457       __sbrk
 0000:14E2       _getch
 0000:14FB idle  __Ngetche
 0000:14FE idle  _getche
 0000:151F idle  __Nungetch
 0000:1522 idle  _ungetch
 0000:1540       _gettext
 0000:1596       _puttext
 0000:15EC       _kbhit
 0000:15FE       _movetext
 0000:169B       _putch
 0000:16B2       __REALCVT
 0000:17EC       __SCREENIO
 0000:1828       __VALIDATEXY
 0000:189F       __SCROLL
 0000:1A0B       _setblock
 0000:1A27       _setjmp
 0000:1A5D       _longjmp
 0000:1A91       __wherexy
 0000:1A9B idle  _wherex
 0000:1AAA idle  _wherey
 0000:1ABD       _fflush
 0000:1B8A       _flushall
 0000:1C4E       _fseek
 0000:1CCE idle  _ftell
 0000:1DAE       _memcpy
 0000:1DD2       _printf
 0000:1DED idle  __fputc
 0000:1E09 idle  _fputc
 0000:1F9E idle  _fputchar
 0000:1FB2       __FPUTN
 0000:21B5       _setvbuf
 0000:2312       _sprintf
 0000:2334 idle  _vsprintf
 0000:2355       ___write
 0000:24A6       __write
 0000:24E2       __xfflush
 0251:000A       _main
 0251:00D8 idle  _Task1
 0251:0140 idle  _Task2
 0251:01A8 idle  _Task3
 0251:0227 idle  _ListPrintNode
 0280:0000       _OSStartHighRdy
 0280:001E       _OSCtxSw
 0280:0059       _OSIntCtxSw
 0280:0086       _OSTickISR
 028D:0006       _OSInitHookBegin
 028D:0007       _OSInitHookEnd
 028D:0008       _OSTaskCreateHook
 028D:000D       _OSTaskDelHook
 028D:0012       _OSTaskIdleHook
 028D:0013 idle  _OSTaskStatHook
 028D:0014       _OSTaskStkInit
 028D:00FA idle  _OSTaskStkInit_FPE_x86
 028D:01D5       _OSTaskSwHook
 028D:01D6       _OSTCBInitHook
 028D:01DB       _OSTimeTickHook
 02AA:000C idle  _PC_DispChar
 02AA:004A idle  _PC_DispClrCol
 02AA:0090 idle  _PC_DispClrRow
 02AA:00C9 idle  _PC_DispClrScr
 02AA:00FA idle  _PC_DispStr
 02AA:0149 idle  _PC_DOSReturn
 02AA:015D       _PC_DOSSaveReturn
 02AA:01CB idle  _PC_ElapsedInit
 02AA:01DF idle  _PC_ElapsedStart
 02AA:0205 idle  _PC_ElapsedStop
 02AA:0256 idle  _PC_GetDateTime
 02AA:02A9 idle  _PC_GetKey
 02AA:02D0       _PC_SetTickRate
 02AA:031D idle  _PC_VectGet
 02AA:0354       _PC_VectSet
 02E2:0009 idle  _ListInsertNode
 02E2:0123       _OSInit
 02E2:0156 idle  _OSIntEnter
 02E2:0169       _OSIntExit
 02E2:0205 idle  _OSSchedLock
 02E2:021B idle  _OSSchedUnlock
 02E2:0248       _OSStart
 02E2:027C       _OSTimeTick
 02E2:0318 idle  _OSVersion
 02E2:031C idle  _OS_Dummy
 02E2:031D idle  _OS_EventTaskRdy
 02E2:03E7 idle  _OS_EventTaskWait
 02E2:0454 idle  _OS_EventTO
 02E2:04A8 idle  _OS_EventWaitListInit
 02E2:0697 idle  _OS_Sched
 02E2:070A idle  _OS_TaskIdle
 02E2:072F idle  _OS_TCBInit
 02E2:08DE idle  _OSFlagAccept
 02E2:0A10 idle  _OSFlagCreate
 02E2:0A88 idle  _OSFlagDel
 02E2:0BCA idle  _OSFlagPend
 02E2:0E24 idle  _OSFlagPost
 02E2:0FC4 idle  _OSFlagQuery
 02E2:10E6 idle  _OS_FlagInit
 02E2:11A5 idle  _OS_FlagUnlink
 02E2:1254 idle  _OSMboxAccept
 02E2:129F idle  _OSMboxCreate
 02E2:1314 idle  _OSMboxDel
 02E2:1432 idle  _OSMboxPend
 02E2:1534 idle  _OSMboxPost
 02E2:15AC idle  _OSMboxPostOpt
 02E2:164F idle  _OSMboxQuery
 02E2:1743 idle  _OSMemCreate
 02E2:188E idle  _OSMemGet
 02E2:190C idle  _OSMemPut
 02E2:197C idle  _OSMemQuery
 02E2:1A25 idle  _OS_MemInit
 02E2:1AC9 idle  _OSMutexAccept
 02E2:1B54 idle  _OSMutexCreate
 02E2:1C3A idle  _OSMutexDel
 02E2:1D94 idle  _OSMutexPend
 02E2:1F7F idle  _OSMutexPost
 02E2:2107 idle  _OSMutexQuery
 02E2:2222 idle  _OSQAccept
 02E2:22C2 idle  _OSQCreate
 02E2:23E5 idle  _OSQDel
 02E2:2562 idle  _OSQFlush
 02E2:25BA idle  _OSQPend
 02E2:2700 idle  _OSQPost
 02E2:27C8 idle  _OSQPostFront
 02E2:288A idle  _OSQPostOpt
 02E2:29C8 idle  _OSQQuery
 02E2:2B03 idle  _OS_QInit
 02E2:2B53 idle  _OSSemAccept
 02E2:2B85 idle  _OSSemCreate
 02E2:2BF9 idle  _OSSemDel
 02E2:2D17 idle  _OSSemPend
 02E2:2DC7 idle  _OSSemPost
 02E2:2E21 idle  _OSSemQuery
 02E2:2F0D idle  _OSTaskChangePrio
 02E2:30D9       _OSTaskCreate
 02E2:31A2 idle  _OSTaskCreateExt
 02E2:329A idle  _OSTaskDel
 02E2:3479 idle  _OSTaskDelReq
 02E2:34E5 idle  _OSTaskResume
 02E2:3564 idle  _OSTaskStkChk
 02E2:3649 idle  _OSTaskSuspend
 02E2:36F7 idle  _OSTaskQuery
 02E2:3765       _OSTimeDly
 02E2:37AC idle  _OSTimeDlyHMSM
 02E2:389B idle  _OSTimeDlyResume
 02E2:3913       _OSTimeGet
 02E2:3932       _OSTimeSet
 0677:0000 idle  DATASEG@
 0677:005B idle  __Int0Vector
 0677:005F idle  __Int4Vector
 0677:0063 idle  __Int5Vector
 0677:0067 idle  __Int6Vector
 0677:006B idle  __C0argc
 0677:006D idle  __C0argv
 0677:0071 idle  __C0environ
 0677:0075 idle  __envLng
 0677:0077 idle  __envseg
 0677:0079 idle  __envSize
 0677:007B       __psp
 0677:007D idle  __osversion
 0677:007D idle  __osmajor
 0677:007D idle  __version
 0677:007E idle  __osminor
 0677:007F       _errno
 0677:0081 idle  __StartTime
 0677:0085 idle  ___brklvl
 0677:0087       __heapbase
 0677:008B       __brklvl
 0677:008F       __heaptop
 0677:00F8 idle  _OSMapTbl
 0677:0100 idle  _OSUnMapTbl
 0677:0200       __atexitcnt
 0677:0202       __exitbuf
 0677:0206 idle  __exitfopen
 0677:020A idle  __exitopen
 0677:020E       __streams
 0677:039E       __nfile
 0677:03A0       __openfd
 0677:03C8 idle  __doserrno
 0677:03CA idle  __dosErrorToSV
 0677:0424       __stklen
 0677:048E       __wscroll
 0677:0490       __video
 0677:049F       _directvideo
 0677:04DC       __cFlag
 0677:04DD       __cChar
 0677:04E4       __RealCvtVector
 0677:04E6 idle  __ScanTodVector
 0677:04F8 idle  _Task3_Stk
 0677:08F8 idle  _Task2_Stk
 0677:0CF8 idle  _Task1_Stk
 0677:10F8       _OSTickDOSCtr
 0677:10FA idle  _PC_TickISR
 0677:1116       _head
 0677:111A idle  _task_log
 0677:117E       _task_log_index
 0677:1180 idle  _OSTime
 0677:1184 idle  _OSQTbl
 0677:11B4 idle  _OSQFreeList
 0677:11B8 idle  _OSMemTbl
 0677:121C idle  _OSMemFreeList
 0677:1220 idle  _OSTCBTbl
 0677:1544 idle  _OSTCBPrioTbl
 0677:1644 idle  _OSTCBList
 0677:1648       _OSTCBHighRdy
 0677:164C idle  _OSTCBFreeList
 0677:1650       _OSTCBCur
 0677:1654 idle  _OSTaskIdleStk
 0677:1A54 idle  _OSIdleCtr
 0677:1A58 idle  _OSTaskCtr
 0677:1A59       _OSRunning
 0677:1A5A idle  _OSRdyTbl
 0677:1A62 idle  _OSRdyGrp
 0677:1A63       _OSPrioHighRdy
 0677:1A64       _OSPrioCur
 0677:1A65 idle  _OSLockNesting
 0677:1A66 idle  _OSIntExitY
 0677:1A67       _OSIntNesting
 0677:1A68 idle  _OSFlagFreeList
 0677:1A6C idle  _OSFlagTbl
 0677:1A8F idle  _OSEventTbl
 0677:1AAF idle  _OSEventFreeList
 0677:1AB3 idle  _OSCtxSwCtr
 0677:1AB8       __atexittbl

Program entry point at 0000:0000

