
 Start  Stop   Length Name               Class

 00000H 02519H 0251AH _TEXT              CODE
 0251AH 0278CH 00273H TEST_TEXT          CODE
 0278EH 02863H 000D6H OS_CPU_A_TEXT      CODE
 02864H 02A39H 001D6H OS_CPU_C_TEXT      CODE
 02A3AH 02DB6H 0037DH PC_TEXT            CODE
 02DB7H 066B5H 038FFH UCOS_II_TEXT       CODE
 066C0H 066C0H 00000H _FARDATA           FAR_DATA
 066C0H 066C0H 00000H _FARBSS            FAR_BSS
 066C0H 066C0H 00000H _OVERLAY_          OVRINFO
 066C0H 066C0H 00000H _1STUB_            STUBSEG
 066C0H 06BA3H 004E4H _DATA              DATA
 06BA4H 06BA5H 00002H _CVTSEG            DATA
 06BA6H 06BABH 00006H _SCNSEG            DATA
 06BACH 06BACH 00000H _CONST             CONST
 06BACH 06BB7H 0000CH _INIT_             INITDATA
 06BB8H 06BB8H 00000H _INITEND_          INITDATA
 06BB8H 06BB8H 00000H _EXIT_             EXITDATA
 06BB8H 06BB8H 00000H _EXITEND_          EXITDATA
 06BB8H 07DF9H 01242H _BSS               BSS
 07DFAH 07DFAH 00000H _BSSEND            BSSEND
 07E00H 07E7FH 00080H _STACK             STACK


Detailed map of segments

 0000:0000 0295 C=CODE   S=_TEXT          G=(none)  M=c0.ASM     ACBP=28
 0000:0295 002D C=CODE   S=_TEXT          G=(none)  M=ATEXIT     ACBP=28
 0000:02C2 0093 C=CODE   S=_TEXT          G=(none)  M=EXIT       ACBP=28
 0000:0355 0000 C=CODE   S=_TEXT          G=(none)  M=FILES      ACBP=28
 0000:0355 0000 C=CODE   S=_TEXT          G=(none)  M=FILES2     ACBP=28
 0000:0355 0017 C=CODE   S=_TEXT          G=(none)  M=F_LXMUL    ACBP=28
 0000:036C 0026 C=CODE   S=_TEXT          G=(none)  M=GETDATE    ACBP=28
 0000:0392 00AE C=CODE   S=_TEXT          G=(none)  M=H_LDIV     ACBP=28
 0000:0440 0021 C=CODE   S=_TEXT          G=(none)  M=H_LLSH     ACBP=28
 0000:0461 0021 C=CODE   S=_TEXT          G=(none)  M=H_LURSH    ACBP=28
 0000:0482 0060 C=CODE   S=_TEXT          G=(none)  M=H_PADD     ACBP=28
 0000:04E2 004B C=CODE   S=_TEXT          G=(none)  M=IOERROR    ACBP=28
 0000:052D 0011 C=CODE   S=_TEXT          G=(none)  M=ISATTY     ACBP=28
 0000:053E 00A2 C=CODE   S=_TEXT          G=(none)  M=LONGTOA    ACBP=28
 0000:05E0 0029 C=CODE   S=_TEXT          G=(none)  M=LSEEK      ACBP=28
 0000:0609 0021 C=CODE   S=_TEXT          G=(none)  M=N_PCMP     ACBP=28
 0000:062A 00BA C=CODE   S=_TEXT          G=(none)  M=SETUPIO    ACBP=28
 0000:06E4 0000 C=CODE   S=_TEXT          G=(none)  M=STKLEN     ACBP=28
 0000:06E4 04DB C=CODE   S=_TEXT          G=(none)  M=VPRINTER   ACBP=28
 0000:0BBF 009F C=CODE   S=_TEXT          G=(none)  M=VRAM       ACBP=28
 0000:0C5E 0000 C=CODE   S=_TEXT          G=(none)  M=WSCROLL    ACBP=28
 0000:0C5E 014E C=CODE   S=_TEXT          G=(none)  M=CPRINTF    ACBP=28
 0000:0DAC 01A5 C=CODE   S=_TEXT          G=(none)  M=CRTINIT    ACBP=28
 0000:0F51 001F C=CODE   S=_TEXT          G=(none)  M=CVTFAK     ACBP=28
 0000:0F70 0432 C=CODE   S=_TEXT          G=(none)  M=FARHEAP    ACBP=28
 0000:13A2 0140 C=CODE   S=_TEXT          G=(none)  M=FBRK       ACBP=28
 0000:14E2 005E C=CODE   S=_TEXT          G=(none)  M=GETCH      ACBP=28
 0000:1540 00AC C=CODE   S=_TEXT          G=(none)  M=GPTEXT     ACBP=28
 0000:15EC 0012 C=CODE   S=_TEXT          G=(none)  M=KBHIT      ACBP=28
 0000:15FE 009D C=CODE   S=_TEXT          G=(none)  M=MOVETEXT   ACBP=28
 0000:169B 0017 C=CODE   S=_TEXT          G=(none)  M=PUTCH      ACBP=28
 0000:16B2 0004 C=CODE   S=_TEXT          G=(none)  M=REALCVT    ACBP=28
 0000:16B6 01C7 C=CODE   S=_TEXT          G=(none)  M=SCREEN     ACBP=28
 0000:187D 018E C=CODE   S=_TEXT          G=(none)  M=SCROLL     ACBP=28
 0000:1A0B 001C C=CODE   S=_TEXT          G=(none)  M=SETBLOCK   ACBP=28
 0000:1A27 006A C=CODE   S=_TEXT          G=(none)  M=SETJMP     ACBP=28
 0000:1A91 002C C=CODE   S=_TEXT          G=(none)  M=WHEREXY    ACBP=28
 0000:1ABD 00CD C=CODE   S=_TEXT          G=(none)  M=FFLUSH     ACBP=28
 0000:1B8A 0042 C=CODE   S=_TEXT          G=(none)  M=FLUSHALL   ACBP=28
 0000:1BCC 01E2 C=CODE   S=_TEXT          G=(none)  M=FSEEK      ACBP=28
 0000:1DAE 0024 C=CODE   S=_TEXT          G=(none)  M=MEMCPY     ACBP=28
 0000:1DD2 001B C=CODE   S=_TEXT          G=(none)  M=PRINTF     ACBP=28
 0000:1DED 03C8 C=CODE   S=_TEXT          G=(none)  M=PUTC       ACBP=28
 0000:21B5 011D C=CODE   S=_TEXT          G=(none)  M=SETVBUF    ACBP=28
 0000:22D2 0083 C=CODE   S=_TEXT          G=(none)  M=SPRINTF    ACBP=28
 0000:2355 0151 C=CODE   S=_TEXT          G=(none)  M=WRITE      ACBP=28
 0000:24A6 003C C=CODE   S=_TEXT          G=(none)  M=WRITEA     ACBP=28
 0000:24E2 0038 C=CODE   S=_TEXT          G=(none)  M=XFFLUSH    ACBP=28
 0251:000A 0273 C=CODE   S=TEST_TEXT      G=(none)  M=test.c     ACBP=28
 0278:000E 00D6 C=CODE   S=OS_CPU_A_TEXT  G=(none)  M=\SOFTWARE\uCOS-II\Ix86L\BC45\OS_CPU_A.ASM ACBP=48
 0286:0004 01D6 C=CODE   S=OS_CPU_C_TEXT  G=(none)  M=os_cpu_c.c ACBP=28
 02A3:000A 037D C=CODE   S=PC_TEXT        G=(none)  M=pc.c       ACBP=28
 02DB:0007 38FF C=CODE   S=UCOS_II_TEXT   G=(none)  M=ucos_ii.c  ACBP=28
 066C:0000 0000 C=FAR_DATA S=_FARDATA       G=(none)  M=c0.ASM     ACBP=68
 066C:0000 0000 C=FAR_BSS S=_FARBSS        G=(none)  M=c0.ASM     ACBP=68
 066C:0000 0000 C=OVRINFO S=_OVERLAY_      G=(none)  M=c0.ASM     ACBP=68
 066C:0000 0000 C=STUBSEG S=_1STUB_        G=(none)  M=c0.ASM     ACBP=68
 066C:0000 0093 C=DATA   S=_DATA          G=DGROUP  M=c0.ASM     ACBP=68
 066C:0094 0044 C=DATA   S=_DATA          G=DGROUP  M=test.c     ACBP=48
 066C:00D8 0000 C=DATA   S=_DATA          G=DGROUP  M=\SOFTWARE\uCOS-II\Ix86L\BC45\OS_CPU_A.ASM ACBP=48
 066C:00D8 0000 C=DATA   S=_DATA          G=DGROUP  M=os_cpu_c.c ACBP=48
 066C:00D8 001F C=DATA   S=_DATA          G=DGROUP  M=pc.c       ACBP=48
 066C:00F8 0108 C=DATA   S=_DATA          G=DGROUP  M=ucos_ii.c  ACBP=48
 066C:0200 0002 C=DATA   S=_DATA          G=DGROUP  M=ATEXIT     ACBP=48
 066C:0202 000C C=DATA   S=_DATA          G=DGROUP  M=EXIT       ACBP=48
 066C:020E 0190 C=DATA   S=_DATA          G=DGROUP  M=FILES      ACBP=48
 066C:039E 002A C=DATA   S=_DATA          G=DGROUP  M=FILES2     ACBP=48
 066C:03C8 0000 C=DATA   S=_DATA          G=DGROUP  M=F_LXMUL    ACBP=48
 066C:03C8 0000 C=DATA   S=_DATA          G=DGROUP  M=GETDATE    ACBP=48
 066C:03C8 0000 C=DATA   S=_DATA          G=DGROUP  M=H_LDIV     ACBP=48
 066C:03C8 0000 C=DATA   S=_DATA          G=DGROUP  M=H_LLSH     ACBP=48
 066C:03C8 0000 C=DATA   S=_DATA          G=DGROUP  M=H_LURSH    ACBP=48
 066C:03C8 0000 C=DATA   S=_DATA          G=DGROUP  M=H_PADD     ACBP=48
 066C:03C8 005B C=DATA   S=_DATA          G=DGROUP  M=IOERROR    ACBP=48
 066C:0424 0000 C=DATA   S=_DATA          G=DGROUP  M=ISATTY     ACBP=48
 066C:0424 0000 C=DATA   S=_DATA          G=DGROUP  M=LONGTOA    ACBP=48
 066C:0424 0000 C=DATA   S=_DATA          G=DGROUP  M=LSEEK      ACBP=48
 066C:0424 0000 C=DATA   S=_DATA          G=DGROUP  M=N_PCMP     ACBP=48
 066C:0424 0000 C=DATA   S=_DATA          G=DGROUP  M=SETUPIO    ACBP=48
 066C:0424 0002 C=DATA   S=_DATA          G=DGROUP  M=STKLEN     ACBP=48
 066C:0426 0067 C=DATA   S=_DATA          G=DGROUP  M=VPRINTER   ACBP=48
 066C:048E 0000 C=DATA   S=_DATA          G=DGROUP  M=VRAM       ACBP=48
 066C:048E 0002 C=DATA   S=_DATA          G=DGROUP  M=WSCROLL    ACBP=48
 066C:0490 0000 C=DATA   S=_DATA          G=DGROUP  M=CPRINTF    ACBP=48
 066C:0490 0018 C=DATA   S=_DATA          G=DGROUP  M=CRTINIT    ACBP=48
 066C:04A8 0031 C=DATA   S=_DATA          G=DGROUP  M=CVTFAK     ACBP=48
 066C:04DA 0000 C=DATA   S=_DATA          G=DGROUP  M=FARHEAP    ACBP=48
 066C:04DA 0002 C=DATA   S=_DATA          G=DGROUP  M=FBRK       ACBP=48
 066C:04DC 0000 C=DATA   S=_DATA          G=DGROUP  M=GETCH      ACBP=48
 066C:04DC 0000 C=DATA   S=_DATA          G=DGROUP  M=GPTEXT     ACBP=48
 066C:04DC 0002 C=DATA   S=_DATA          G=DGROUP  M=KBHIT      ACBP=48
 066C:04DE 0000 C=DATA   S=_DATA          G=DGROUP  M=MOVETEXT   ACBP=48
 066C:04DE 0000 C=DATA   S=_DATA          G=DGROUP  M=PUTCH      ACBP=48
 066C:04DE 0000 C=DATA   S=_DATA          G=DGROUP  M=REALCVT    ACBP=48
 066C:04DE 0000 C=DATA   S=_DATA          G=DGROUP  M=SCREEN     ACBP=48
 066C:04DE 0000 C=DATA   S=_DATA          G=DGROUP  M=SCROLL     ACBP=48
 066C:04DE 0000 C=DATA   S=_DATA          G=DGROUP  M=SETBLOCK   ACBP=48
 066C:04DE 0000 C=DATA   S=_DATA          G=DGROUP  M=SETJMP     ACBP=48
 066C:04DE 0000 C=DATA   S=_DATA          G=DGROUP  M=WHEREXY    ACBP=48
 066C:04DE 0000 C=DATA   S=_DATA          G=DGROUP  M=FFLUSH     ACBP=48
 066C:04DE 0000 C=DATA   S=_DATA          G=DGROUP  M=FLUSHALL   ACBP=48
 066C:04DE 0000 C=DATA   S=_DATA          G=DGROUP  M=FSEEK      ACBP=48
 066C:04DE 0000 C=DATA   S=_DATA          G=DGROUP  M=MEMCPY     ACBP=48
 066C:04DE 0000 C=DATA   S=_DATA          G=DGROUP  M=PRINTF     ACBP=48
 066C:04DE 0001 C=DATA   S=_DATA          G=DGROUP  M=PUTC       ACBP=48
 066C:04E0 0004 C=DATA   S=_DATA          G=DGROUP  M=SETVBUF    ACBP=48
 066C:04E4 0000 C=DATA   S=_DATA          G=DGROUP  M=SPRINTF    ACBP=48
 066C:04E4 0000 C=DATA   S=_DATA          G=DGROUP  M=WRITE      ACBP=48
 066C:04E4 0000 C=DATA   S=_DATA          G=DGROUP  M=WRITEA     ACBP=48
 066C:04E4 0000 C=DATA   S=_DATA          G=DGROUP  M=XFFLUSH    ACBP=48
 066C:04E4 0000 C=DATA   S=_CVTSEG        G=DGROUP  M=c0.ASM     ACBP=48
 066C:04E4 0002 C=DATA   S=_CVTSEG        G=DGROUP  M=CVTFAK     ACBP=48
 066C:04E6 0000 C=DATA   S=_CVTSEG        G=DGROUP  M=REALCVT    ACBP=48
 066C:04E6 0000 C=DATA   S=_SCNSEG        G=DGROUP  M=c0.ASM     ACBP=48
 066C:04E6 0006 C=DATA   S=_SCNSEG        G=DGROUP  M=CVTFAK     ACBP=48
 066C:04EC 0000 C=CONST  S=_CONST         G=DGROUP  M=c0.ASM     ACBP=48
 066C:04EC 0000 C=INITDATA S=_INIT_         G=DGROUP  M=c0.ASM     ACBP=48
 066C:04EC 0006 C=INITDATA S=_INIT_         G=DGROUP  M=SETUPIO    ACBP=48
 066C:04F2 0006 C=INITDATA S=_INIT_         G=DGROUP  M=CRTINIT    ACBP=48
 066C:04F8 0000 C=INITDATA S=_INITEND_      G=DGROUP  M=c0.ASM     ACBP=28
 066C:04F8 0000 C=EXITDATA S=_EXIT_         G=DGROUP  M=c0.ASM     ACBP=48
 066C:04F8 0000 C=EXITDATA S=_EXITEND_      G=DGROUP  M=c0.ASM     ACBP=28
 066C:04F8 0000 C=BSS    S=_BSS           G=DGROUP  M=c0.ASM     ACBP=48
 066C:04F8 0800 C=BSS    S=_BSS           G=DGROUP  M=test.c     ACBP=48
 066C:0CF8 0001 C=BSS    S=_BSS           G=DGROUP  M=os_cpu_c.c ACBP=48
 066C:0CFA 001B C=BSS    S=_BSS           G=DGROUP  M=pc.c       ACBP=48
 066C:0D16 09A1 C=BSS    S=_BSS           G=DGROUP  M=ucos_ii.c  ACBP=48
 066C:16B8 0080 C=BSS    S=_BSS           G=DGROUP  M=ATEXIT     ACBP=48
 066C:1738 0000 C=BSS    S=_BSS           G=DGROUP  M=IOERROR    ACBP=48
 066C:1738 0000 C=BSS    S=_BSS           G=DGROUP  M=ISATTY     ACBP=48
 066C:1738 0000 C=BSS    S=_BSS           G=DGROUP  M=LONGTOA    ACBP=48
 066C:1738 0000 C=BSS    S=_BSS           G=DGROUP  M=LSEEK      ACBP=48
 066C:1738 0000 C=BSS    S=_BSS           G=DGROUP  M=SETUPIO    ACBP=48
 066C:1738 0000 C=BSS    S=_BSS           G=DGROUP  M=VPRINTER   ACBP=48
 066C:1738 0000 C=BSS    S=_BSS           G=DGROUP  M=VRAM       ACBP=48
 066C:1738 0000 C=BSS    S=_BSS           G=DGROUP  M=CRTINIT    ACBP=48
 066C:1738 0000 C=BSS    S=_BSS           G=DGROUP  M=GETCH      ACBP=48
 066C:1738 0000 C=BSS    S=_BSS           G=DGROUP  M=KBHIT      ACBP=48
 066C:1738 0000 C=BSS    S=_BSS           G=DGROUP  M=SETBLOCK   ACBP=48
 066C:1738 0000 C=BSS    S=_BSS           G=DGROUP  M=SETJMP     ACBP=48
 066C:1738 0000 C=BSS    S=_BSS           G=DGROUP  M=MEMCPY     ACBP=48
 066C:1738 0001 C=BSS    S=_BSS           G=DGROUP  M=PUTC       ACBP=48
 066C:173A 0000 C=BSS    S=_BSS           G=DGROUP  M=WRITEA     ACBP=48
 066C:173A 0000 C=BSSEND S=_BSSEND        G=DGROUP  M=c0.ASM     ACBP=28
 07E0:0000 0080 C=STACK  S=_STACK         G=(none)  M=c0.ASM     ACBP=74

  Address         Publics by Name

 066C:0000 idle  DATASEG@
 0000:0291 idle  DGROUP@
 0000:0395 idle  F_LDIV@
 0000:03A4 idle  F_LMOD@
 0000:039C       F_LUDIV@
 0000:03AC idle  F_LUMOD@
 0000:0443       F_LXLSH@
 0000:0355       F_LXMUL@
 0000:0464       F_LXURSH@
 0000:0485 idle  F_PADD@
 0000:04B4 idle  F_PSUB@
 0000:0395 idle  LDIV@
 0000:03A4 idle  LMOD@
 0000:039C idle  LUDIV@
 0000:03AC idle  LUMOD@
 0000:0443 idle  LXLSH@
 0000:0355 idle  LXMUL@
 0000:0464 idle  LXURSH@
 0000:0392 idle  N_LDIV@
 0000:03A1 idle  N_LMOD@
 0000:0399 idle  N_LUDIV@
 0000:03A9 idle  N_LUMOD@
 0000:0440       N_LXLSH@
 0000:0461 idle  N_LXURSH@
 0000:0482       N_PADD@
 0000:0609       N_PCMP@
 0000:04B1 idle  N_PSUB@
 0000:0485 idle  PADD@
 0000:04B4 idle  PSUB@
 0000:027A       _abort
 0000:0295 idle  _atexit
 0000:0D90 idle  _cprintf
 066C:049F       _directvideo
 066C:007F       _errno
 0000:031A       _exit
 0000:10B0 idle  _farfree
 0000:11C4 idle  _farmalloc
 0000:1328 idle  _farrealloc
 0000:1ABD       _fflush
 0000:1B8A       _flushall
 0000:1E09 idle  _fputc
 0000:1F9E idle  _fputchar
 0000:10B0       _free
 0000:1C4E       _fseek
 0000:1CCE idle  _ftell
 0000:14E2       _getch
 0000:14FE idle  _getche
 0000:036C       _getdate
 0000:1540       _gettext
 0000:037F       _gettime
 066C:0D16       _head
 0000:052D       _isatty
 0000:15EC       _kbhit
 02DB:0007 idle  _ListInsertNode
 0251:01B5 idle  _ListPrintNode
 0000:1A5D       _longjmp
 0000:05E0       _lseek
 0251:000A       _main
 0000:11BA       _malloc
 0000:1DAE       _memcpy
 0000:15FE       _movetext
 0278:002C       _OSCtxSw
 066C:16B3 idle  _OSCtxSwCtr
 066C:16AF idle  _OSEventFreeList
 066C:168F idle  _OSEventTbl
 02DB:08B1 idle  _OSFlagAccept
 02DB:09E3 idle  _OSFlagCreate
 02DB:0A5B idle  _OSFlagDel
 066C:1668 idle  _OSFlagFreeList
 02DB:0B9D idle  _OSFlagPend
 02DB:0DF7 idle  _OSFlagPost
 02DB:0F97 idle  _OSFlagQuery
 066C:166C idle  _OSFlagTbl
 066C:1654 idle  _OSIdleCtr
 02DB:009F       _OSInit
 0286:0004       _OSInitHookBegin
 0286:0005       _OSInitHookEnd
 0278:0067       _OSIntCtxSw
 02DB:00D2 idle  _OSIntEnter
 02DB:00E5       _OSIntExit
 066C:1666 idle  _OSIntExitY
 066C:1667       _OSIntNesting
 066C:1665 idle  _OSLockNesting
 066C:00F8 idle  _OSMapTbl
 02DB:1227 idle  _OSMboxAccept
 02DB:1272 idle  _OSMboxCreate
 02DB:12E7 idle  _OSMboxDel
 02DB:1405 idle  _OSMboxPend
 02DB:1507 idle  _OSMboxPost
 02DB:157F idle  _OSMboxPostOpt
 02DB:1622 idle  _OSMboxQuery
 02DB:1716 idle  _OSMemCreate
 066C:0E1C idle  _OSMemFreeList
 02DB:1861 idle  _OSMemGet
 02DB:18DF idle  _OSMemPut
 02DB:194F idle  _OSMemQuery
 066C:0DB8 idle  _OSMemTbl
 02DB:1A9C idle  _OSMutexAccept
 02DB:1B27 idle  _OSMutexCreate
 02DB:1C0D idle  _OSMutexDel
 02DB:1D67 idle  _OSMutexPend
 02DB:1F52 idle  _OSMutexPost
 02DB:20DA idle  _OSMutexQuery
 066C:1664       _OSPrioCur
 066C:1663       _OSPrioHighRdy
 02DB:21F5 idle  _OSQAccept
 02DB:2295 idle  _OSQCreate
 02DB:23B8 idle  _OSQDel
 02DB:2535 idle  _OSQFlush
 066C:0DB4 idle  _OSQFreeList
 02DB:258D idle  _OSQPend
 02DB:26D3 idle  _OSQPost
 02DB:279B idle  _OSQPostFront
 02DB:285D idle  _OSQPostOpt
 02DB:299B idle  _OSQQuery
 066C:0D84 idle  _OSQTbl
 066C:1662 idle  _OSRdyGrp
 066C:165A idle  _OSRdyTbl
 066C:1659       _OSRunning
 02DB:019D idle  _OSSchedLock
 02DB:01B3 idle  _OSSchedUnlock
 02DB:2B26 idle  _OSSemAccept
 02DB:2B58 idle  _OSSemCreate
 02DB:2BCC idle  _OSSemDel
 02DB:2CEA idle  _OSSemPend
 02DB:2D9A idle  _OSSemPost
 02DB:2DF4 idle  _OSSemQuery
 02DB:01E0       _OSStart
 0278:000E       _OSStartHighRdy
 02DB:2EE0 idle  _OSTaskChangePrio
 02DB:30AC       _OSTaskCreate
 02DB:3169 idle  _OSTaskCreateExt
 0286:0006       _OSTaskCreateHook
 066C:1658 idle  _OSTaskCtr
 02DB:3259 idle  _OSTaskDel
 0286:000B       _OSTaskDelHook
 02DB:3438 idle  _OSTaskDelReq
 0286:0010       _OSTaskIdleHook
 066C:1254 idle  _OSTaskIdleStk
 02DB:36B6 idle  _OSTaskQuery
 02DB:34A4 idle  _OSTaskResume
 0286:0011 idle  _OSTaskStatHook
 02DB:3523 idle  _OSTaskStkChk
 0286:0012       _OSTaskStkInit
 0286:00F8 idle  _OSTaskStkInit_FPE_x86
 02DB:3608 idle  _OSTaskSuspend
 0286:01D3       _OSTaskSwHook
 066C:1250       _OSTCBCur
 066C:124C idle  _OSTCBFreeList
 066C:1248       _OSTCBHighRdy
 0286:01D4       _OSTCBInitHook
 066C:1244 idle  _OSTCBList
 066C:1144 idle  _OSTCBPrioTbl
 066C:0E20 idle  _OSTCBTbl
 066C:0CF8       _OSTickDOSCtr
 0278:0094       _OSTickISR
 066C:0D80 idle  _OSTime
 02DB:3724       _OSTimeDly
 02DB:376B idle  _OSTimeDlyHMSM
 02DB:385A idle  _OSTimeDlyResume
 02DB:38D2       _OSTimeGet
 02DB:38F1       _OSTimeSet
 02DB:023F       _OSTimeTick
 0286:01D9       _OSTimeTickHook
 066C:0100 idle  _OSUnMapTbl
 02DB:02DB idle  _OSVersion
 02DB:02DF idle  _OS_Dummy
 02DB:02E0 idle  _OS_EventTaskRdy
 02DB:03AA idle  _OS_EventTaskWait
 02DB:0417 idle  _OS_EventTO
 02DB:046B idle  _OS_EventWaitListInit
 02DB:10B9 idle  _OS_FlagInit
 02DB:1178 idle  _OS_FlagUnlink
 02DB:19F8 idle  _OS_MemInit
 02DB:2AD6 idle  _OS_QInit
 02DB:065A idle  _OS_Sched
 02DB:06F9 idle  _OS_TaskIdle
 02DB:071E idle  _OS_TCBInit
 02A3:000A idle  _PC_DispChar
 02A3:0048 idle  _PC_DispClrCol
 02A3:008E idle  _PC_DispClrRow
 02A3:00C7 idle  _PC_DispClrScr
 02A3:00F8 idle  _PC_DispStr
 02A3:0147 idle  _PC_DOSReturn
 02A3:015B       _PC_DOSSaveReturn
 02A3:01C9 idle  _PC_ElapsedInit
 02A3:01DD idle  _PC_ElapsedStart
 02A3:0203 idle  _PC_ElapsedStop
 02A3:0254 idle  _PC_GetDateTime
 02A3:02A7 idle  _PC_GetKey
 02A3:02CE       _PC_SetTickRate
 066C:0CFA idle  _PC_TickISR
 02A3:031B idle  _PC_VectGet
 02A3:0352       _PC_VectSet
 0000:1DD2       _printf
 0000:169B       _putch
 0000:1596       _puttext
 0000:1321 idle  _realloc
 0000:1A0B       _setblock
 0000:1A27       _setjmp
 0000:21B5       _setvbuf
 0000:2312       _sprintf
 0251:00A8 idle  _Task1
 066C:08F8 idle  _Task1_Stk
 0251:0123 idle  _Task2
 066C:04F8 idle  _Task2_Stk
 066C:0D1A idle  _task_log
 066C:0D7E       _task_log_index
 0000:1522 idle  _ungetch
 0000:2334 idle  _vsprintf
 0000:1A9B idle  _wherex
 0000:1AAA idle  _wherey
 0000:1000 idle  __AHINCR
 0000:000C idle  __AHSHIFT
 066C:0200       __atexitcnt
 066C:16B8       __atexittbl
 0000:1418       __brk
 066C:008B       __brklvl
 066C:006B idle  __C0argc
 066C:006D idle  __C0argv
 0000:0E72 idle  __c0crtinit
 066C:0071 idle  __C0environ
 066C:04DD       __cChar
 0000:033B idle  __cexit
 066C:04DC       __cFlag
 0000:016A       __checknull
 0000:0157       __cleanup
 0000:0C5E       __CPUTN
 0000:0E8F idle  __crtinit
 0000:0000  Abs  __cvtfak
 0000:0349 idle  __c_exit
 066C:03C8 idle  __doserrno
 0000:051B idle  __DOSERROR
 066C:03CA idle  __dosErrorToSV
 066C:0075 idle  __envLng
 066C:0077 idle  __envseg
 066C:0079 idle  __envSize
 0000:0329       __exit
 066C:0202       __exitbuf
 066C:0206 idle  __exitfopen
 066C:020A idle  __exitopen
 0000:1DED idle  __fputc
 0000:1FB2       __FPUTN
 066C:0087       __heapbase
 066C:008F       __heaptop
 066C:005B idle  __Int0Vector
 066C:005F idle  __Int4Vector
 066C:0063 idle  __Int5Vector
 066C:0067 idle  __Int6Vector
 0000:04E2       __IOERROR
 0000:053E       __LONGTOA
 0000:0293 idle  __MMODEL
 066C:039E       __nfile
 0000:14FB idle  __Ngetche
 0000:151F idle  __Nungetch
 066C:03A0       __openfd
 066C:007D idle  __osmajor
 066C:007E idle  __osminor
 066C:007D idle  __osversion
 066C:007B       __psp
 0000:16B2       __REALCVT
 066C:04E4       __RealCvtVector
 0000:01C0       __restorezero
 0000:1457       __sbrk
 066C:04E6 idle  __ScanTodVector
 0000:17EC       __SCREENIO
 0000:189F       __SCROLL
 0000:062A       __setupio
 066C:0081 idle  __StartTime
 066C:0424       __stklen
 066C:020E       __streams
 0000:016B       __terminate
 0000:0000 idle  __turboCrt
 0000:05C0 idle  __UTOA
 0000:1828       __VALIDATEXY
 066C:007D idle  __version
 066C:0490       __video
 0000:0DE7       __VideoInt
 0000:06FC       __VPRINTER
 0000:0BBF       __VPTR
 0000:0BE4       __VRAM
 0000:1A91       __wherexy
 0000:24A6       __write
 066C:048E       __wscroll
 0000:24E2       __xfflush
 066C:0085 idle  ___brklvl
 0000:0F70 idle  ___first
 0000:0F72 idle  ___last
 0000:0F74 idle  ___rover
 0000:2355       ___write

  Address         Publics by Value

 0000:0000 idle  __turboCrt
 0000:0000  Abs  __cvtfak
 0000:000C idle  __AHSHIFT
 0000:0157       __cleanup
 0000:016A       __checknull
 0000:016B       __terminate
 0000:01C0       __restorezero
 0000:027A       _abort
 0000:0291 idle  DGROUP@
 0000:0293 idle  __MMODEL
 0000:0295 idle  _atexit
 0000:031A       _exit
 0000:0329       __exit
 0000:033B idle  __cexit
 0000:0349 idle  __c_exit
 0000:0355       F_LXMUL@
 0000:0355 idle  LXMUL@
 0000:036C       _getdate
 0000:037F       _gettime
 0000:0392 idle  N_LDIV@
 0000:0395 idle  LDIV@
 0000:0395 idle  F_LDIV@
 0000:0399 idle  N_LUDIV@
 0000:039C       F_LUDIV@
 0000:039C idle  LUDIV@
 0000:03A1 idle  N_LMOD@
 0000:03A4 idle  F_LMOD@
 0000:03A4 idle  LMOD@
 0000:03A9 idle  N_LUMOD@
 0000:03AC idle  LUMOD@
 0000:03AC idle  F_LUMOD@
 0000:0440       N_LXLSH@
 0000:0443       F_LXLSH@
 0000:0443 idle  LXLSH@
 0000:0461 idle  N_LXURSH@
 0000:0464       F_LXURSH@
 0000:0464 idle  LXURSH@
 0000:0482       N_PADD@
 0000:0485 idle  F_PADD@
 0000:0485 idle  PADD@
 0000:04B1 idle  N_PSUB@
 0000:04B4 idle  F_PSUB@
 0000:04B4 idle  PSUB@
 0000:04E2       __IOERROR
 0000:051B idle  __DOSERROR
 0000:052D       _isatty
 0000:053E       __LONGTOA
 0000:05C0 idle  __UTOA
 0000:05E0       _lseek
 0000:0609       N_PCMP@
 0000:062A       __setupio
 0000:06FC       __VPRINTER
 0000:0BBF       __VPTR
 0000:0BE4       __VRAM
 0000:0C5E       __CPUTN
 0000:0D90 idle  _cprintf
 0000:0DE7       __VideoInt
 0000:0E72 idle  __c0crtinit
 0000:0E8F idle  __crtinit
 0000:0F70 idle  ___first
 0000:0F72 idle  ___last
 0000:0F74 idle  ___rover
 0000:1000 idle  __AHINCR
 0000:10B0       _free
 0000:10B0 idle  _farfree
 0000:11BA       _malloc
 0000:11C4 idle  _farmalloc
 0000:1321 idle  _realloc
 0000:1328 idle  _farrealloc
 0000:1418       __brk
 0000:1457       __sbrk
 0000:14E2       _getch
 0000:14FB idle  __Ngetche
 0000:14FE idle  _getche
 0000:151F idle  __Nungetch
 0000:1522 idle  _ungetch
 0000:1540       _gettext
 0000:1596       _puttext
 0000:15EC       _kbhit
 0000:15FE       _movetext
 0000:169B       _putch
 0000:16B2       __REALCVT
 0000:17EC       __SCREENIO
 0000:1828       __VALIDATEXY
 0000:189F       __SCROLL
 0000:1A0B       _setblock
 0000:1A27       _setjmp
 0000:1A5D       _longjmp
 0000:1A91       __wherexy
 0000:1A9B idle  _wherex
 0000:1AAA idle  _wherey
 0000:1ABD       _fflush
 0000:1B8A       _flushall
 0000:1C4E       _fseek
 0000:1CCE idle  _ftell
 0000:1DAE       _memcpy
 0000:1DD2       _printf
 0000:1DED idle  __fputc
 0000:1E09 idle  _fputc
 0000:1F9E idle  _fputchar
 0000:1FB2       __FPUTN
 0000:21B5       _setvbuf
 0000:2312       _sprintf
 0000:2334 idle  _vsprintf
 0000:2355       ___write
 0000:24A6       __write
 0000:24E2       __xfflush
 0251:000A       _main
 0251:00A8 idle  _Task1
 0251:0123 idle  _Task2
 0251:01B5 idle  _ListPrintNode
 0278:000E       _OSStartHighRdy
 0278:002C       _OSCtxSw
 0278:0067       _OSIntCtxSw
 0278:0094       _OSTickISR
 0286:0004       _OSInitHookBegin
 0286:0005       _OSInitHookEnd
 0286:0006       _OSTaskCreateHook
 0286:000B       _OSTaskDelHook
 0286:0010       _OSTaskIdleHook
 0286:0011 idle  _OSTaskStatHook
 0286:0012       _OSTaskStkInit
 0286:00F8 idle  _OSTaskStkInit_FPE_x86
 0286:01D3       _OSTaskSwHook
 0286:01D4       _OSTCBInitHook
 0286:01D9       _OSTimeTickHook
 02A3:000A idle  _PC_DispChar
 02A3:0048 idle  _PC_DispClrCol
 02A3:008E idle  _PC_DispClrRow
 02A3:00C7 idle  _PC_DispClrScr
 02A3:00F8 idle  _PC_DispStr
 02A3:0147 idle  _PC_DOSReturn
 02A3:015B       _PC_DOSSaveReturn
 02A3:01C9 idle  _PC_ElapsedInit
 02A3:01DD idle  _PC_ElapsedStart
 02A3:0203 idle  _PC_ElapsedStop
 02A3:0254 idle  _PC_GetDateTime
 02A3:02A7 idle  _PC_GetKey
 02A3:02CE       _PC_SetTickRate
 02A3:031B idle  _PC_VectGet
 02A3:0352       _PC_VectSet
 02DB:0007 idle  _ListInsertNode
 02DB:009F       _OSInit
 02DB:00D2 idle  _OSIntEnter
 02DB:00E5       _OSIntExit
 02DB:019D idle  _OSSchedLock
 02DB:01B3 idle  _OSSchedUnlock
 02DB:01E0       _OSStart
 02DB:023F       _OSTimeTick
 02DB:02DB idle  _OSVersion
 02DB:02DF idle  _OS_Dummy
 02DB:02E0 idle  _OS_EventTaskRdy
 02DB:03AA idle  _OS_EventTaskWait
 02DB:0417 idle  _OS_EventTO
 02DB:046B idle  _OS_EventWaitListInit
 02DB:065A idle  _OS_Sched
 02DB:06F9 idle  _OS_TaskIdle
 02DB:071E idle  _OS_TCBInit
 02DB:08B1 idle  _OSFlagAccept
 02DB:09E3 idle  _OSFlagCreate
 02DB:0A5B idle  _OSFlagDel
 02DB:0B9D idle  _OSFlagPend
 02DB:0DF7 idle  _OSFlagPost
 02DB:0F97 idle  _OSFlagQuery
 02DB:10B9 idle  _OS_FlagInit
 02DB:1178 idle  _OS_FlagUnlink
 02DB:1227 idle  _OSMboxAccept
 02DB:1272 idle  _OSMboxCreate
 02DB:12E7 idle  _OSMboxDel
 02DB:1405 idle  _OSMboxPend
 02DB:1507 idle  _OSMboxPost
 02DB:157F idle  _OSMboxPostOpt
 02DB:1622 idle  _OSMboxQuery
 02DB:1716 idle  _OSMemCreate
 02DB:1861 idle  _OSMemGet
 02DB:18DF idle  _OSMemPut
 02DB:194F idle  _OSMemQuery
 02DB:19F8 idle  _OS_MemInit
 02DB:1A9C idle  _OSMutexAccept
 02DB:1B27 idle  _OSMutexCreate
 02DB:1C0D idle  _OSMutexDel
 02DB:1D67 idle  _OSMutexPend
 02DB:1F52 idle  _OSMutexPost
 02DB:20DA idle  _OSMutexQuery
 02DB:21F5 idle  _OSQAccept
 02DB:2295 idle  _OSQCreate
 02DB:23B8 idle  _OSQDel
 02DB:2535 idle  _OSQFlush
 02DB:258D idle  _OSQPend
 02DB:26D3 idle  _OSQPost
 02DB:279B idle  _OSQPostFront
 02DB:285D idle  _OSQPostOpt
 02DB:299B idle  _OSQQuery
 02DB:2AD6 idle  _OS_QInit
 02DB:2B26 idle  _OSSemAccept
 02DB:2B58 idle  _OSSemCreate
 02DB:2BCC idle  _OSSemDel
 02DB:2CEA idle  _OSSemPend
 02DB:2D9A idle  _OSSemPost
 02DB:2DF4 idle  _OSSemQuery
 02DB:2EE0 idle  _OSTaskChangePrio
 02DB:30AC       _OSTaskCreate
 02DB:3169 idle  _OSTaskCreateExt
 02DB:3259 idle  _OSTaskDel
 02DB:3438 idle  _OSTaskDelReq
 02DB:34A4 idle  _OSTaskResume
 02DB:3523 idle  _OSTaskStkChk
 02DB:3608 idle  _OSTaskSuspend
 02DB:36B6 idle  _OSTaskQuery
 02DB:3724       _OSTimeDly
 02DB:376B idle  _OSTimeDlyHMSM
 02DB:385A idle  _OSTimeDlyResume
 02DB:38D2       _OSTimeGet
 02DB:38F1       _OSTimeSet
 066C:0000 idle  DATASEG@
 066C:005B idle  __Int0Vector
 066C:005F idle  __Int4Vector
 066C:0063 idle  __Int5Vector
 066C:0067 idle  __Int6Vector
 066C:006B idle  __C0argc
 066C:006D idle  __C0argv
 066C:0071 idle  __C0environ
 066C:0075 idle  __envLng
 066C:0077 idle  __envseg
 066C:0079 idle  __envSize
 066C:007B       __psp
 066C:007D idle  __osversion
 066C:007D idle  __osmajor
 066C:007D idle  __version
 066C:007E idle  __osminor
 066C:007F       _errno
 066C:0081 idle  __StartTime
 066C:0085 idle  ___brklvl
 066C:0087       __heapbase
 066C:008B       __brklvl
 066C:008F       __heaptop
 066C:00F8 idle  _OSMapTbl
 066C:0100 idle  _OSUnMapTbl
 066C:0200       __atexitcnt
 066C:0202       __exitbuf
 066C:0206 idle  __exitfopen
 066C:020A idle  __exitopen
 066C:020E       __streams
 066C:039E       __nfile
 066C:03A0       __openfd
 066C:03C8 idle  __doserrno
 066C:03CA idle  __dosErrorToSV
 066C:0424       __stklen
 066C:048E       __wscroll
 066C:0490       __video
 066C:049F       _directvideo
 066C:04DC       __cFlag
 066C:04DD       __cChar
 066C:04E4       __RealCvtVector
 066C:04E6 idle  __ScanTodVector
 066C:04F8 idle  _Task2_Stk
 066C:08F8 idle  _Task1_Stk
 066C:0CF8       _OSTickDOSCtr
 066C:0CFA idle  _PC_TickISR
 066C:0D16       _head
 066C:0D1A idle  _task_log
 066C:0D7E       _task_log_index
 066C:0D80 idle  _OSTime
 066C:0D84 idle  _OSQTbl
 066C:0DB4 idle  _OSQFreeList
 066C:0DB8 idle  _OSMemTbl
 066C:0E1C idle  _OSMemFreeList
 066C:0E20 idle  _OSTCBTbl
 066C:1144 idle  _OSTCBPrioTbl
 066C:1244 idle  _OSTCBList
 066C:1248       _OSTCBHighRdy
 066C:124C idle  _OSTCBFreeList
 066C:1250       _OSTCBCur
 066C:1254 idle  _OSTaskIdleStk
 066C:1654 idle  _OSIdleCtr
 066C:1658 idle  _OSTaskCtr
 066C:1659       _OSRunning
 066C:165A idle  _OSRdyTbl
 066C:1662 idle  _OSRdyGrp
 066C:1663       _OSPrioHighRdy
 066C:1664       _OSPrioCur
 066C:1665 idle  _OSLockNesting
 066C:1666 idle  _OSIntExitY
 066C:1667       _OSIntNesting
 066C:1668 idle  _OSFlagFreeList
 066C:166C idle  _OSFlagTbl
 066C:168F idle  _OSEventTbl
 066C:16AF idle  _OSEventFreeList
 066C:16B3 idle  _OSCtxSwCtr
 066C:16B8       __atexittbl

Program entry point at 0000:0000

