
 Start  Stop   Length Name               Class

 00000H 02519H 0251AH _TEXT              CODE
 0251AH 029B0H 00497H TEST_TEXT          CODE
 029B2H 02A87H 000D6H OS_CPU_A_TEXT      CODE
 02A88H 02C5DH 001D6H OS_CPU_C_TEXT      CODE
 02C5EH 02FDAH 0037DH PC_TEXT            CODE
 02FDBH 06988H 039AEH UCOS_II_TEXT       CODE
 06990H 06990H 00000H _FARDATA           FAR_DATA
 06990H 06990H 00000H _FARBSS            FAR_BSS
 06990H 06990H 00000H _OVERLAY_          OVRINFO
 06990H 06990H 00000H _1STUB_            STUBSEG
 06990H 06EC5H 00536H _DATA              DATA
 06EC6H 06EC7H 00002H _CVTSEG            DATA
 06EC8H 06ECDH 00006H _SCNSEG            DATA
 06ECEH 06ECEH 00000H _CONST             CONST
 06ECEH 06ED9H 0000CH _INIT_             INITDATA
 06EDAH 06EDAH 00000H _INITEND_          INITDATA
 06EDAH 06EDAH 00000H _EXIT_             EXITDATA
 06EDAH 06EDAH 00000H _EXITEND_          EXITDATA
 06EDAH 084C7H 015EEH _BSS               BSS
 084C8H 084C8H 00000H _BSSEND            BSSEND
 084D0H 0854FH 00080H _STACK             STACK


Detailed map of segments

 0000:0000 0295 C=CODE   S=_TEXT          G=(none)  M=c0.ASM     ACBP=28
 0000:0295 002D C=CODE   S=_TEXT          G=(none)  M=ATEXIT     ACBP=28
 0000:02C2 0093 C=CODE   S=_TEXT          G=(none)  M=EXIT       ACBP=28
 0000:0355 0000 C=CODE   S=_TEXT          G=(none)  M=FILES      ACBP=28
 0000:0355 0000 C=CODE   S=_TEXT          G=(none)  M=FILES2     ACBP=28
 0000:0355 0017 C=CODE   S=_TEXT          G=(none)  M=F_LXMUL    ACBP=28
 0000:036C 0026 C=CODE   S=_TEXT          G=(none)  M=GETDATE    ACBP=28
 0000:0392 00AE C=CODE   S=_TEXT          G=(none)  M=H_LDIV     ACBP=28
 0000:0440 0021 C=CODE   S=_TEXT          G=(none)  M=H_LLSH     ACBP=28
 0000:0461 0021 C=CODE   S=_TEXT          G=(none)  M=H_LURSH    ACBP=28
 0000:0482 0060 C=CODE   S=_TEXT          G=(none)  M=H_PADD     ACBP=28
 0000:04E2 004B C=CODE   S=_TEXT          G=(none)  M=IOERROR    ACBP=28
 0000:052D 0011 C=CODE   S=_TEXT          G=(none)  M=ISATTY     ACBP=28
 0000:053E 00A2 C=CODE   S=_TEXT          G=(none)  M=LONGTOA    ACBP=28
 0000:05E0 0029 C=CODE   S=_TEXT          G=(none)  M=LSEEK      ACBP=28
 0000:0609 0021 C=CODE   S=_TEXT          G=(none)  M=N_PCMP     ACBP=28
 0000:062A 00BA C=CODE   S=_TEXT          G=(none)  M=SETUPIO    ACBP=28
 0000:06E4 0000 C=CODE   S=_TEXT          G=(none)  M=STKLEN     ACBP=28
 0000:06E4 04DB C=CODE   S=_TEXT          G=(none)  M=VPRINTER   ACBP=28
 0000:0BBF 009F C=CODE   S=_TEXT          G=(none)  M=VRAM       ACBP=28
 0000:0C5E 0000 C=CODE   S=_TEXT          G=(none)  M=WSCROLL    ACBP=28
 0000:0C5E 014E C=CODE   S=_TEXT          G=(none)  M=CPRINTF    ACBP=28
 0000:0DAC 01A5 C=CODE   S=_TEXT          G=(none)  M=CRTINIT    ACBP=28
 0000:0F51 001F C=CODE   S=_TEXT          G=(none)  M=CVTFAK     ACBP=28
 0000:0F70 0432 C=CODE   S=_TEXT          G=(none)  M=FARHEAP    ACBP=28
 0000:13A2 0140 C=CODE   S=_TEXT          G=(none)  M=FBRK       ACBP=28
 0000:14E2 005E C=CODE   S=_TEXT          G=(none)  M=GETCH      ACBP=28
 0000:1540 00AC C=CODE   S=_TEXT          G=(none)  M=GPTEXT     ACBP=28
 0000:15EC 0012 C=CODE   S=_TEXT          G=(none)  M=KBHIT      ACBP=28
 0000:15FE 009D C=CODE   S=_TEXT          G=(none)  M=MOVETEXT   ACBP=28
 0000:169B 0017 C=CODE   S=_TEXT          G=(none)  M=PUTCH      ACBP=28
 0000:16B2 0004 C=CODE   S=_TEXT          G=(none)  M=REALCVT    ACBP=28
 0000:16B6 01C7 C=CODE   S=_TEXT          G=(none)  M=SCREEN     ACBP=28
 0000:187D 018E C=CODE   S=_TEXT          G=(none)  M=SCROLL     ACBP=28
 0000:1A0B 001C C=CODE   S=_TEXT          G=(none)  M=SETBLOCK   ACBP=28
 0000:1A27 006A C=CODE   S=_TEXT          G=(none)  M=SETJMP     ACBP=28
 0000:1A91 002C C=CODE   S=_TEXT          G=(none)  M=WHEREXY    ACBP=28
 0000:1ABD 00CD C=CODE   S=_TEXT          G=(none)  M=FFLUSH     ACBP=28
 0000:1B8A 0042 C=CODE   S=_TEXT          G=(none)  M=FLUSHALL   ACBP=28
 0000:1BCC 01E2 C=CODE   S=_TEXT          G=(none)  M=FSEEK      ACBP=28
 0000:1DAE 0024 C=CODE   S=_TEXT          G=(none)  M=MEMCPY     ACBP=28
 0000:1DD2 001B C=CODE   S=_TEXT          G=(none)  M=PRINTF     ACBP=28
 0000:1DED 03C8 C=CODE   S=_TEXT          G=(none)  M=PUTC       ACBP=28
 0000:21B5 011D C=CODE   S=_TEXT          G=(none)  M=SETVBUF    ACBP=28
 0000:22D2 0083 C=CODE   S=_TEXT          G=(none)  M=SPRINTF    ACBP=28
 0000:2355 0151 C=CODE   S=_TEXT          G=(none)  M=WRITE      ACBP=28
 0000:24A6 003C C=CODE   S=_TEXT          G=(none)  M=WRITEA     ACBP=28
 0000:24E2 0038 C=CODE   S=_TEXT          G=(none)  M=XFFLUSH    ACBP=28
 0251:000A 0497 C=CODE   S=TEST_TEXT      G=(none)  M=test.c     ACBP=28
 029B:0002 00D6 C=CODE   S=OS_CPU_A_TEXT  G=(none)  M=\SOFTWARE\uCOS-II\Ix86L\BC45\OS_CPU_A.ASM ACBP=48
 02A8:0008 01D6 C=CODE   S=OS_CPU_C_TEXT  G=(none)  M=os_cpu_c.c ACBP=28
 02C5:000E 037D C=CODE   S=PC_TEXT        G=(none)  M=pc.c       ACBP=28
 02FD:000B 39AE C=CODE   S=UCOS_II_TEXT   G=(none)  M=ucos_ii.c  ACBP=28
 0699:0000 0000 C=FAR_DATA S=_FARDATA       G=(none)  M=c0.ASM     ACBP=68
 0699:0000 0000 C=FAR_BSS S=_FARBSS        G=(none)  M=c0.ASM     ACBP=68
 0699:0000 0000 C=OVRINFO S=_OVERLAY_      G=(none)  M=c0.ASM     ACBP=68
 0699:0000 0000 C=STUBSEG S=_1STUB_        G=(none)  M=c0.ASM     ACBP=68
 0699:0000 0093 C=DATA   S=_DATA          G=DGROUP  M=c0.ASM     ACBP=68
 0699:0094 0096 C=DATA   S=_DATA          G=DGROUP  M=test.c     ACBP=48
 0699:012A 0000 C=DATA   S=_DATA          G=DGROUP  M=\SOFTWARE\uCOS-II\Ix86L\BC45\OS_CPU_A.ASM ACBP=48
 0699:012A 0000 C=DATA   S=_DATA          G=DGROUP  M=os_cpu_c.c ACBP=48
 0699:012A 001F C=DATA   S=_DATA          G=DGROUP  M=pc.c       ACBP=48
 0699:014A 0108 C=DATA   S=_DATA          G=DGROUP  M=ucos_ii.c  ACBP=48
 0699:0252 0002 C=DATA   S=_DATA          G=DGROUP  M=ATEXIT     ACBP=48
 0699:0254 000C C=DATA   S=_DATA          G=DGROUP  M=EXIT       ACBP=48
 0699:0260 0190 C=DATA   S=_DATA          G=DGROUP  M=FILES      ACBP=48
 0699:03F0 002A C=DATA   S=_DATA          G=DGROUP  M=FILES2     ACBP=48
 0699:041A 0000 C=DATA   S=_DATA          G=DGROUP  M=F_LXMUL    ACBP=48
 0699:041A 0000 C=DATA   S=_DATA          G=DGROUP  M=GETDATE    ACBP=48
 0699:041A 0000 C=DATA   S=_DATA          G=DGROUP  M=H_LDIV     ACBP=48
 0699:041A 0000 C=DATA   S=_DATA          G=DGROUP  M=H_LLSH     ACBP=48
 0699:041A 0000 C=DATA   S=_DATA          G=DGROUP  M=H_LURSH    ACBP=48
 0699:041A 0000 C=DATA   S=_DATA          G=DGROUP  M=H_PADD     ACBP=48
 0699:041A 005B C=DATA   S=_DATA          G=DGROUP  M=IOERROR    ACBP=48
 0699:0476 0000 C=DATA   S=_DATA          G=DGROUP  M=ISATTY     ACBP=48
 0699:0476 0000 C=DATA   S=_DATA          G=DGROUP  M=LONGTOA    ACBP=48
 0699:0476 0000 C=DATA   S=_DATA          G=DGROUP  M=LSEEK      ACBP=48
 0699:0476 0000 C=DATA   S=_DATA          G=DGROUP  M=N_PCMP     ACBP=48
 0699:0476 0000 C=DATA   S=_DATA          G=DGROUP  M=SETUPIO    ACBP=48
 0699:0476 0002 C=DATA   S=_DATA          G=DGROUP  M=STKLEN     ACBP=48
 0699:0478 0067 C=DATA   S=_DATA          G=DGROUP  M=VPRINTER   ACBP=48
 0699:04E0 0000 C=DATA   S=_DATA          G=DGROUP  M=VRAM       ACBP=48
 0699:04E0 0002 C=DATA   S=_DATA          G=DGROUP  M=WSCROLL    ACBP=48
 0699:04E2 0000 C=DATA   S=_DATA          G=DGROUP  M=CPRINTF    ACBP=48
 0699:04E2 0018 C=DATA   S=_DATA          G=DGROUP  M=CRTINIT    ACBP=48
 0699:04FA 0031 C=DATA   S=_DATA          G=DGROUP  M=CVTFAK     ACBP=48
 0699:052C 0000 C=DATA   S=_DATA          G=DGROUP  M=FARHEAP    ACBP=48
 0699:052C 0002 C=DATA   S=_DATA          G=DGROUP  M=FBRK       ACBP=48
 0699:052E 0000 C=DATA   S=_DATA          G=DGROUP  M=GETCH      ACBP=48
 0699:052E 0000 C=DATA   S=_DATA          G=DGROUP  M=GPTEXT     ACBP=48
 0699:052E 0002 C=DATA   S=_DATA          G=DGROUP  M=KBHIT      ACBP=48
 0699:0530 0000 C=DATA   S=_DATA          G=DGROUP  M=MOVETEXT   ACBP=48
 0699:0530 0000 C=DATA   S=_DATA          G=DGROUP  M=PUTCH      ACBP=48
 0699:0530 0000 C=DATA   S=_DATA          G=DGROUP  M=REALCVT    ACBP=48
 0699:0530 0000 C=DATA   S=_DATA          G=DGROUP  M=SCREEN     ACBP=48
 0699:0530 0000 C=DATA   S=_DATA          G=DGROUP  M=SCROLL     ACBP=48
 0699:0530 0000 C=DATA   S=_DATA          G=DGROUP  M=SETBLOCK   ACBP=48
 0699:0530 0000 C=DATA   S=_DATA          G=DGROUP  M=SETJMP     ACBP=48
 0699:0530 0000 C=DATA   S=_DATA          G=DGROUP  M=WHEREXY    ACBP=48
 0699:0530 0000 C=DATA   S=_DATA          G=DGROUP  M=FFLUSH     ACBP=48
 0699:0530 0000 C=DATA   S=_DATA          G=DGROUP  M=FLUSHALL   ACBP=48
 0699:0530 0000 C=DATA   S=_DATA          G=DGROUP  M=FSEEK      ACBP=48
 0699:0530 0000 C=DATA   S=_DATA          G=DGROUP  M=MEMCPY     ACBP=48
 0699:0530 0000 C=DATA   S=_DATA          G=DGROUP  M=PRINTF     ACBP=48
 0699:0530 0001 C=DATA   S=_DATA          G=DGROUP  M=PUTC       ACBP=48
 0699:0532 0004 C=DATA   S=_DATA          G=DGROUP  M=SETVBUF    ACBP=48
 0699:0536 0000 C=DATA   S=_DATA          G=DGROUP  M=SPRINTF    ACBP=48
 0699:0536 0000 C=DATA   S=_DATA          G=DGROUP  M=WRITE      ACBP=48
 0699:0536 0000 C=DATA   S=_DATA          G=DGROUP  M=WRITEA     ACBP=48
 0699:0536 0000 C=DATA   S=_DATA          G=DGROUP  M=XFFLUSH    ACBP=48
 0699:0536 0000 C=DATA   S=_CVTSEG        G=DGROUP  M=c0.ASM     ACBP=48
 0699:0536 0002 C=DATA   S=_CVTSEG        G=DGROUP  M=CVTFAK     ACBP=48
 0699:0538 0000 C=DATA   S=_CVTSEG        G=DGROUP  M=REALCVT    ACBP=48
 0699:0538 0000 C=DATA   S=_SCNSEG        G=DGROUP  M=c0.ASM     ACBP=48
 0699:0538 0006 C=DATA   S=_SCNSEG        G=DGROUP  M=CVTFAK     ACBP=48
 0699:053E 0000 C=CONST  S=_CONST         G=DGROUP  M=c0.ASM     ACBP=48
 0699:053E 0000 C=INITDATA S=_INIT_         G=DGROUP  M=c0.ASM     ACBP=48
 0699:053E 0006 C=INITDATA S=_INIT_         G=DGROUP  M=SETUPIO    ACBP=48
 0699:0544 0006 C=INITDATA S=_INIT_         G=DGROUP  M=CRTINIT    ACBP=48
 0699:054A 0000 C=INITDATA S=_INITEND_      G=DGROUP  M=c0.ASM     ACBP=28
 0699:054A 0000 C=EXITDATA S=_EXIT_         G=DGROUP  M=c0.ASM     ACBP=48
 0699:054A 0000 C=EXITDATA S=_EXITEND_      G=DGROUP  M=c0.ASM     ACBP=28
 0699:054A 0000 C=BSS    S=_BSS           G=DGROUP  M=c0.ASM     ACBP=48
 0699:054A 0C09 C=BSS    S=_BSS           G=DGROUP  M=test.c     ACBP=48
 0699:1154 0001 C=BSS    S=_BSS           G=DGROUP  M=os_cpu_c.c ACBP=48
 0699:1156 001B C=BSS    S=_BSS           G=DGROUP  M=pc.c       ACBP=48
 0699:1172 0943 C=BSS    S=_BSS           G=DGROUP  M=ucos_ii.c  ACBP=48
 0699:1AB6 0080 C=BSS    S=_BSS           G=DGROUP  M=ATEXIT     ACBP=48
 0699:1B36 0000 C=BSS    S=_BSS           G=DGROUP  M=IOERROR    ACBP=48
 0699:1B36 0000 C=BSS    S=_BSS           G=DGROUP  M=ISATTY     ACBP=48
 0699:1B36 0000 C=BSS    S=_BSS           G=DGROUP  M=LONGTOA    ACBP=48
 0699:1B36 0000 C=BSS    S=_BSS           G=DGROUP  M=LSEEK      ACBP=48
 0699:1B36 0000 C=BSS    S=_BSS           G=DGROUP  M=SETUPIO    ACBP=48
 0699:1B36 0000 C=BSS    S=_BSS           G=DGROUP  M=VPRINTER   ACBP=48
 0699:1B36 0000 C=BSS    S=_BSS           G=DGROUP  M=VRAM       ACBP=48
 0699:1B36 0000 C=BSS    S=_BSS           G=DGROUP  M=CRTINIT    ACBP=48
 0699:1B36 0000 C=BSS    S=_BSS           G=DGROUP  M=GETCH      ACBP=48
 0699:1B36 0000 C=BSS    S=_BSS           G=DGROUP  M=KBHIT      ACBP=48
 0699:1B36 0000 C=BSS    S=_BSS           G=DGROUP  M=SETBLOCK   ACBP=48
 0699:1B36 0000 C=BSS    S=_BSS           G=DGROUP  M=SETJMP     ACBP=48
 0699:1B36 0000 C=BSS    S=_BSS           G=DGROUP  M=MEMCPY     ACBP=48
 0699:1B36 0001 C=BSS    S=_BSS           G=DGROUP  M=PUTC       ACBP=48
 0699:1B38 0000 C=BSS    S=_BSS           G=DGROUP  M=WRITEA     ACBP=48
 0699:1B38 0000 C=BSSEND S=_BSSEND        G=DGROUP  M=c0.ASM     ACBP=28
 084D:0000 0080 C=STACK  S=_STACK         G=(none)  M=c0.ASM     ACBP=74

  Address         Publics by Name

 0699:0000 idle  DATASEG@
 0000:0291 idle  DGROUP@
 0000:0395 idle  F_LDIV@
 0000:03A4 idle  F_LMOD@
 0000:039C       F_LUDIV@
 0000:03AC idle  F_LUMOD@
 0000:0443       F_LXLSH@
 0000:0355       F_LXMUL@
 0000:0464       F_LXURSH@
 0000:0485 idle  F_PADD@
 0000:04B4 idle  F_PSUB@
 0000:0395 idle  LDIV@
 0000:03A4 idle  LMOD@
 0000:039C idle  LUDIV@
 0000:03AC idle  LUMOD@
 0000:0443 idle  LXLSH@
 0000:0355 idle  LXMUL@
 0000:0464 idle  LXURSH@
 0000:0392 idle  N_LDIV@
 0000:03A1 idle  N_LMOD@
 0000:0399 idle  N_LUDIV@
 0000:03A9 idle  N_LUMOD@
 0000:0440       N_LXLSH@
 0000:0461 idle  N_LXURSH@
 0000:0482       N_PADD@
 0000:0609       N_PCMP@
 0000:04B1 idle  N_PSUB@
 0000:0485 idle  PADD@
 0000:04B4 idle  PSUB@
 0000:027A       _abort
 0000:0295 idle  _atexit
 0000:0D90 idle  _cprintf
 0699:04F1       _directvideo
 0699:0552 idle  _err
 0699:007F       _errno
 0000:031A       _exit
 0000:10B0 idle  _farfree
 0000:11C4 idle  _farmalloc
 0000:1328 idle  _farrealloc
 0000:1ABD       _fflush
 0000:1B8A       _flushall
 0000:1E09 idle  _fputc
 0000:1F9E idle  _fputchar
 0000:10B0       _free
 0000:1C4E       _fseek
 0000:1CCE idle  _ftell
 0000:14E2       _getch
 0000:14FE idle  _getche
 0000:036C       _getdate
 0000:1540       _gettext
 0000:037F       _gettime
 0699:117A       _head
 0699:1176       _head2
 0000:052D       _isatty
 0000:15EC       _kbhit
 02FD:000B idle  _ListInsertNode
 02FD:1A63 idle  _ListInsertResource
 0251:03D9 idle  _ListPrintNode
 0251:0311 idle  _ListPrintResource
 0000:1A5D       _longjmp
 0000:05E0       _lseek
 0251:000A       _main
 0000:11BA       _malloc
 0000:1DAE       _memcpy
 0000:15FE       _movetext
 0699:1172 idle  _Mutex_store
 029B:0020       _OSCtxSw
 0699:1AB1 idle  _OSCtxSwCtr
 0699:1AAD idle  _OSEventFreeList
 0699:1A8D idle  _OSEventTbl
 02FD:0878 idle  _OSFlagAccept
 02FD:09AA idle  _OSFlagCreate
 02FD:0A22 idle  _OSFlagDel
 0699:1A66 idle  _OSFlagFreeList
 02FD:0B64 idle  _OSFlagPend
 02FD:0DBE idle  _OSFlagPost
 02FD:0F5E idle  _OSFlagQuery
 0699:1A6A idle  _OSFlagTbl
 0699:1A52 idle  _OSIdleCtr
 02FD:00A3       _OSInit
 02A8:0008       _OSInitHookBegin
 02A8:0009       _OSInitHookEnd
 029B:005B       _OSIntCtxSw
 02FD:00D6 idle  _OSIntEnter
 02FD:00E9       _OSIntExit
 0699:1A64 idle  _OSIntExitY
 0699:1A65       _OSIntNesting
 0699:1A63 idle  _OSLockNesting
 0699:014A idle  _OSMapTbl
 02FD:11EE idle  _OSMboxAccept
 02FD:1239 idle  _OSMboxCreate
 02FD:12AE idle  _OSMboxDel
 02FD:13CC idle  _OSMboxPend
 02FD:14CE idle  _OSMboxPost
 02FD:1546 idle  _OSMboxPostOpt
 02FD:15E9 idle  _OSMboxQuery
 02FD:16DD idle  _OSMemCreate
 0699:121A idle  _OSMemFreeList
 02FD:1828 idle  _OSMemGet
 02FD:18A6 idle  _OSMemPut
 02FD:1916 idle  _OSMemQuery
 0699:11B6 idle  _OSMemTbl
 02FD:1B02 idle  _OSMutexAccept
 02FD:1B8D       _OSMutexCreate
 02FD:1C73 idle  _OSMutexDel
 02FD:1DCD       _OSMutexPend
 02FD:1F7D       _OSMutexPost
 02FD:218D idle  _OSMutexQuery
 0699:1A62       _OSPrioCur
 0699:1A61       _OSPrioHighRdy
 02FD:22A8 idle  _OSQAccept
 02FD:2348 idle  _OSQCreate
 02FD:246B idle  _OSQDel
 02FD:25E8 idle  _OSQFlush
 0699:11B2 idle  _OSQFreeList
 02FD:2640 idle  _OSQPend
 02FD:2786 idle  _OSQPost
 02FD:284E idle  _OSQPostFront
 02FD:2910 idle  _OSQPostOpt
 02FD:2A4E idle  _OSQQuery
 0699:1182 idle  _OSQTbl
 0699:1A60 idle  _OSRdyGrp
 0699:1A58 idle  _OSRdyTbl
 0699:1A57       _OSRunning
 02FD:0164 idle  _OSSchedLock
 02FD:017A idle  _OSSchedUnlock
 02FD:2BD9 idle  _OSSemAccept
 02FD:2C0B idle  _OSSemCreate
 02FD:2C7F idle  _OSSemDel
 02FD:2D9D idle  _OSSemPend
 02FD:2E4D idle  _OSSemPost
 02FD:2EA7 idle  _OSSemQuery
 02FD:01A7       _OSStart
 029B:0002       _OSStartHighRdy
 02FD:2F93 idle  _OSTaskChangePrio
 02FD:315F       _OSTaskCreate
 02FD:321C idle  _OSTaskCreateExt
 02A8:000A       _OSTaskCreateHook
 0699:1A56 idle  _OSTaskCtr
 02FD:330C idle  _OSTaskDel
 02A8:000F       _OSTaskDelHook
 02FD:34EB idle  _OSTaskDelReq
 02A8:0014       _OSTaskIdleHook
 0699:1652 idle  _OSTaskIdleStk
 02FD:3769 idle  _OSTaskQuery
 02FD:3557 idle  _OSTaskResume
 02A8:0015 idle  _OSTaskStatHook
 02FD:35D6 idle  _OSTaskStkChk
 02A8:0016       _OSTaskStkInit
 02A8:00FC idle  _OSTaskStkInit_FPE_x86
 02FD:36BB       _OSTaskSuspend
 02A8:01D7       _OSTaskSwHook
 0699:164E       _OSTCBCur
 0699:164A idle  _OSTCBFreeList
 0699:1646       _OSTCBHighRdy
 02A8:01D8       _OSTCBInitHook
 0699:1642 idle  _OSTCBList
 0699:1542 idle  _OSTCBPrioTbl
 0699:121E idle  _OSTCBTbl
 0699:1154       _OSTickDOSCtr
 029B:0088       _OSTickISR
 0699:117E       _OSTime
 02FD:37D7       _OSTimeDly
 02FD:381E idle  _OSTimeDlyHMSM
 02FD:390D idle  _OSTimeDlyResume
 02FD:3985 idle  _OSTimeGet
 02FD:39A4       _OSTimeSet
 02FD:0206       _OSTimeTick
 02A8:01DD       _OSTimeTickHook
 0699:0152 idle  _OSUnMapTbl
 02FD:02A2 idle  _OSVersion
 02FD:02A6 idle  _OS_Dummy
 02FD:02A7 idle  _OS_EventTaskRdy
 02FD:0371 idle  _OS_EventTaskWait
 02FD:03DE idle  _OS_EventTO
 02FD:0432 idle  _OS_EventWaitListInit
 02FD:1080 idle  _OS_FlagInit
 02FD:113F idle  _OS_FlagUnlink
 02FD:19BF idle  _OS_MemInit
 02FD:2B89 idle  _OS_QInit
 02FD:0621 idle  _OS_Sched
 02FD:06C0 idle  _OS_TaskIdle
 02FD:06E5 idle  _OS_TCBInit
 02C5:000E idle  _PC_DispChar
 02C5:004C idle  _PC_DispClrCol
 02C5:0092 idle  _PC_DispClrRow
 02C5:00CB idle  _PC_DispClrScr
 02C5:00FC idle  _PC_DispStr
 02C5:014B idle  _PC_DOSReturn
 02C5:015F       _PC_DOSSaveReturn
 02C5:01CD idle  _PC_ElapsedInit
 02C5:01E1 idle  _PC_ElapsedStart
 02C5:0207 idle  _PC_ElapsedStop
 02C5:0258 idle  _PC_GetDateTime
 02C5:02AB idle  _PC_GetKey
 02C5:02D2       _PC_SetTickRate
 0699:1156 idle  _PC_TickISR
 02C5:031F idle  _PC_VectGet
 02C5:0356       _PC_VectSet
 0000:1DD2       _printf
 0000:169B       _putch
 0000:1596       _puttext
 0000:1321 idle  _realloc
 0699:054E idle  _ResourceMutex1
 0699:054A idle  _ResourceMutex2
 0000:1A0B       _setblock
 0000:1A27       _setjmp
 0000:21B5       _setvbuf
 0000:2312       _sprintf
 0251:00F6 idle  _Task1
 0699:0D53 idle  _Task1_Stk
 0251:01BD idle  _Task2
 0699:0953 idle  _Task2_Stk
 0251:028F idle  _Task3
 0699:0553 idle  _Task3_Stk
 0000:1522 idle  _ungetch
 0000:2334 idle  _vsprintf
 0000:1A9B idle  _wherex
 0000:1AAA idle  _wherey
 0000:1000 idle  __AHINCR
 0000:000C idle  __AHSHIFT
 0699:0252       __atexitcnt
 0699:1AB6       __atexittbl
 0000:1418       __brk
 0699:008B       __brklvl
 0699:006B idle  __C0argc
 0699:006D idle  __C0argv
 0000:0E72 idle  __c0crtinit
 0699:0071 idle  __C0environ
 0699:052F       __cChar
 0000:033B idle  __cexit
 0699:052E       __cFlag
 0000:016A       __checknull
 0000:0157       __cleanup
 0000:0C5E       __CPUTN
 0000:0E8F idle  __crtinit
 0000:0000  Abs  __cvtfak
 0000:0349 idle  __c_exit
 0699:041A idle  __doserrno
 0000:051B idle  __DOSERROR
 0699:041C idle  __dosErrorToSV
 0699:0075 idle  __envLng
 0699:0077 idle  __envseg
 0699:0079 idle  __envSize
 0000:0329       __exit
 0699:0254       __exitbuf
 0699:0258 idle  __exitfopen
 0699:025C idle  __exitopen
 0000:1DED idle  __fputc
 0000:1FB2       __FPUTN
 0699:0087       __heapbase
 0699:008F       __heaptop
 0699:005B idle  __Int0Vector
 0699:005F idle  __Int4Vector
 0699:0063 idle  __Int5Vector
 0699:0067 idle  __Int6Vector
 0000:04E2       __IOERROR
 0000:053E       __LONGTOA
 0000:0293 idle  __MMODEL
 0699:03F0       __nfile
 0000:14FB idle  __Ngetche
 0000:151F idle  __Nungetch
 0699:03F2       __openfd
 0699:007D idle  __osmajor
 0699:007E idle  __osminor
 0699:007D idle  __osversion
 0699:007B       __psp
 0000:16B2       __REALCVT
 0699:0536       __RealCvtVector
 0000:01C0       __restorezero
 0000:1457       __sbrk
 0699:0538 idle  __ScanTodVector
 0000:17EC       __SCREENIO
 0000:189F       __SCROLL
 0000:062A       __setupio
 0699:0081 idle  __StartTime
 0699:0476       __stklen
 0699:0260       __streams
 0000:016B       __terminate
 0000:0000 idle  __turboCrt
 0000:05C0 idle  __UTOA
 0000:1828       __VALIDATEXY
 0699:007D idle  __version
 0699:04E2       __video
 0000:0DE7       __VideoInt
 0000:06FC       __VPRINTER
 0000:0BBF       __VPTR
 0000:0BE4       __VRAM
 0000:1A91       __wherexy
 0000:24A6       __write
 0699:04E0       __wscroll
 0000:24E2       __xfflush
 0699:0085 idle  ___brklvl
 0000:0F70 idle  ___first
 0000:0F72 idle  ___last
 0000:0F74 idle  ___rover
 0000:2355       ___write

  Address         Publics by Value

 0000:0000 idle  __turboCrt
 0000:0000  Abs  __cvtfak
 0000:000C idle  __AHSHIFT
 0000:0157       __cleanup
 0000:016A       __checknull
 0000:016B       __terminate
 0000:01C0       __restorezero
 0000:027A       _abort
 0000:0291 idle  DGROUP@
 0000:0293 idle  __MMODEL
 0000:0295 idle  _atexit
 0000:031A       _exit
 0000:0329       __exit
 0000:033B idle  __cexit
 0000:0349 idle  __c_exit
 0000:0355       F_LXMUL@
 0000:0355 idle  LXMUL@
 0000:036C       _getdate
 0000:037F       _gettime
 0000:0392 idle  N_LDIV@
 0000:0395 idle  LDIV@
 0000:0395 idle  F_LDIV@
 0000:0399 idle  N_LUDIV@
 0000:039C       F_LUDIV@
 0000:039C idle  LUDIV@
 0000:03A1 idle  N_LMOD@
 0000:03A4 idle  F_LMOD@
 0000:03A4 idle  LMOD@
 0000:03A9 idle  N_LUMOD@
 0000:03AC idle  LUMOD@
 0000:03AC idle  F_LUMOD@
 0000:0440       N_LXLSH@
 0000:0443       F_LXLSH@
 0000:0443 idle  LXLSH@
 0000:0461 idle  N_LXURSH@
 0000:0464       F_LXURSH@
 0000:0464 idle  LXURSH@
 0000:0482       N_PADD@
 0000:0485 idle  F_PADD@
 0000:0485 idle  PADD@
 0000:04B1 idle  N_PSUB@
 0000:04B4 idle  F_PSUB@
 0000:04B4 idle  PSUB@
 0000:04E2       __IOERROR
 0000:051B idle  __DOSERROR
 0000:052D       _isatty
 0000:053E       __LONGTOA
 0000:05C0 idle  __UTOA
 0000:05E0       _lseek
 0000:0609       N_PCMP@
 0000:062A       __setupio
 0000:06FC       __VPRINTER
 0000:0BBF       __VPTR
 0000:0BE4       __VRAM
 0000:0C5E       __CPUTN
 0000:0D90 idle  _cprintf
 0000:0DE7       __VideoInt
 0000:0E72 idle  __c0crtinit
 0000:0E8F idle  __crtinit
 0000:0F70 idle  ___first
 0000:0F72 idle  ___last
 0000:0F74 idle  ___rover
 0000:1000 idle  __AHINCR
 0000:10B0       _free
 0000:10B0 idle  _farfree
 0000:11BA       _malloc
 0000:11C4 idle  _farmalloc
 0000:1321 idle  _realloc
 0000:1328 idle  _farrealloc
 0000:1418       __brk
 0000:1457       __sbrk
 0000:14E2       _getch
 0000:14FB idle  __Ngetche
 0000:14FE idle  _getche
 0000:151F idle  __Nungetch
 0000:1522 idle  _ungetch
 0000:1540       _gettext
 0000:1596       _puttext
 0000:15EC       _kbhit
 0000:15FE       _movetext
 0000:169B       _putch
 0000:16B2       __REALCVT
 0000:17EC       __SCREENIO
 0000:1828       __VALIDATEXY
 0000:189F       __SCROLL
 0000:1A0B       _setblock
 0000:1A27       _setjmp
 0000:1A5D       _longjmp
 0000:1A91       __wherexy
 0000:1A9B idle  _wherex
 0000:1AAA idle  _wherey
 0000:1ABD       _fflush
 0000:1B8A       _flushall
 0000:1C4E       _fseek
 0000:1CCE idle  _ftell
 0000:1DAE       _memcpy
 0000:1DD2       _printf
 0000:1DED idle  __fputc
 0000:1E09 idle  _fputc
 0000:1F9E idle  _fputchar
 0000:1FB2       __FPUTN
 0000:21B5       _setvbuf
 0000:2312       _sprintf
 0000:2334 idle  _vsprintf
 0000:2355       ___write
 0000:24A6       __write
 0000:24E2       __xfflush
 0251:000A       _main
 0251:00F6 idle  _Task1
 0251:01BD idle  _Task2
 0251:028F idle  _Task3
 0251:0311 idle  _ListPrintResource
 0251:03D9 idle  _ListPrintNode
 029B:0002       _OSStartHighRdy
 029B:0020       _OSCtxSw
 029B:005B       _OSIntCtxSw
 029B:0088       _OSTickISR
 02A8:0008       _OSInitHookBegin
 02A8:0009       _OSInitHookEnd
 02A8:000A       _OSTaskCreateHook
 02A8:000F       _OSTaskDelHook
 02A8:0014       _OSTaskIdleHook
 02A8:0015 idle  _OSTaskStatHook
 02A8:0016       _OSTaskStkInit
 02A8:00FC idle  _OSTaskStkInit_FPE_x86
 02A8:01D7       _OSTaskSwHook
 02A8:01D8       _OSTCBInitHook
 02A8:01DD       _OSTimeTickHook
 02C5:000E idle  _PC_DispChar
 02C5:004C idle  _PC_DispClrCol
 02C5:0092 idle  _PC_DispClrRow
 02C5:00CB idle  _PC_DispClrScr
 02C5:00FC idle  _PC_DispStr
 02C5:014B idle  _PC_DOSReturn
 02C5:015F       _PC_DOSSaveReturn
 02C5:01CD idle  _PC_ElapsedInit
 02C5:01E1 idle  _PC_ElapsedStart
 02C5:0207 idle  _PC_ElapsedStop
 02C5:0258 idle  _PC_GetDateTime
 02C5:02AB idle  _PC_GetKey
 02C5:02D2       _PC_SetTickRate
 02C5:031F idle  _PC_VectGet
 02C5:0356       _PC_VectSet
 02FD:000B idle  _ListInsertNode
 02FD:00A3       _OSInit
 02FD:00D6 idle  _OSIntEnter
 02FD:00E9       _OSIntExit
 02FD:0164 idle  _OSSchedLock
 02FD:017A idle  _OSSchedUnlock
 02FD:01A7       _OSStart
 02FD:0206       _OSTimeTick
 02FD:02A2 idle  _OSVersion
 02FD:02A6 idle  _OS_Dummy
 02FD:02A7 idle  _OS_EventTaskRdy
 02FD:0371 idle  _OS_EventTaskWait
 02FD:03DE idle  _OS_EventTO
 02FD:0432 idle  _OS_EventWaitListInit
 02FD:0621 idle  _OS_Sched
 02FD:06C0 idle  _OS_TaskIdle
 02FD:06E5 idle  _OS_TCBInit
 02FD:0878 idle  _OSFlagAccept
 02FD:09AA idle  _OSFlagCreate
 02FD:0A22 idle  _OSFlagDel
 02FD:0B64 idle  _OSFlagPend
 02FD:0DBE idle  _OSFlagPost
 02FD:0F5E idle  _OSFlagQuery
 02FD:1080 idle  _OS_FlagInit
 02FD:113F idle  _OS_FlagUnlink
 02FD:11EE idle  _OSMboxAccept
 02FD:1239 idle  _OSMboxCreate
 02FD:12AE idle  _OSMboxDel
 02FD:13CC idle  _OSMboxPend
 02FD:14CE idle  _OSMboxPost
 02FD:1546 idle  _OSMboxPostOpt
 02FD:15E9 idle  _OSMboxQuery
 02FD:16DD idle  _OSMemCreate
 02FD:1828 idle  _OSMemGet
 02FD:18A6 idle  _OSMemPut
 02FD:1916 idle  _OSMemQuery
 02FD:19BF idle  _OS_MemInit
 02FD:1A63 idle  _ListInsertResource
 02FD:1B02 idle  _OSMutexAccept
 02FD:1B8D       _OSMutexCreate
 02FD:1C73 idle  _OSMutexDel
 02FD:1DCD       _OSMutexPend
 02FD:1F7D       _OSMutexPost
 02FD:218D idle  _OSMutexQuery
 02FD:22A8 idle  _OSQAccept
 02FD:2348 idle  _OSQCreate
 02FD:246B idle  _OSQDel
 02FD:25E8 idle  _OSQFlush
 02FD:2640 idle  _OSQPend
 02FD:2786 idle  _OSQPost
 02FD:284E idle  _OSQPostFront
 02FD:2910 idle  _OSQPostOpt
 02FD:2A4E idle  _OSQQuery
 02FD:2B89 idle  _OS_QInit
 02FD:2BD9 idle  _OSSemAccept
 02FD:2C0B idle  _OSSemCreate
 02FD:2C7F idle  _OSSemDel
 02FD:2D9D idle  _OSSemPend
 02FD:2E4D idle  _OSSemPost
 02FD:2EA7 idle  _OSSemQuery
 02FD:2F93 idle  _OSTaskChangePrio
 02FD:315F       _OSTaskCreate
 02FD:321C idle  _OSTaskCreateExt
 02FD:330C idle  _OSTaskDel
 02FD:34EB idle  _OSTaskDelReq
 02FD:3557 idle  _OSTaskResume
 02FD:35D6 idle  _OSTaskStkChk
 02FD:36BB       _OSTaskSuspend
 02FD:3769 idle  _OSTaskQuery
 02FD:37D7       _OSTimeDly
 02FD:381E idle  _OSTimeDlyHMSM
 02FD:390D idle  _OSTimeDlyResume
 02FD:3985 idle  _OSTimeGet
 02FD:39A4       _OSTimeSet
 0699:0000 idle  DATASEG@
 0699:005B idle  __Int0Vector
 0699:005F idle  __Int4Vector
 0699:0063 idle  __Int5Vector
 0699:0067 idle  __Int6Vector
 0699:006B idle  __C0argc
 0699:006D idle  __C0argv
 0699:0071 idle  __C0environ
 0699:0075 idle  __envLng
 0699:0077 idle  __envseg
 0699:0079 idle  __envSize
 0699:007B       __psp
 0699:007D idle  __osversion
 0699:007D idle  __osmajor
 0699:007D idle  __version
 0699:007E idle  __osminor
 0699:007F       _errno
 0699:0081 idle  __StartTime
 0699:0085 idle  ___brklvl
 0699:0087       __heapbase
 0699:008B       __brklvl
 0699:008F       __heaptop
 0699:014A idle  _OSMapTbl
 0699:0152 idle  _OSUnMapTbl
 0699:0252       __atexitcnt
 0699:0254       __exitbuf
 0699:0258 idle  __exitfopen
 0699:025C idle  __exitopen
 0699:0260       __streams
 0699:03F0       __nfile
 0699:03F2       __openfd
 0699:041A idle  __doserrno
 0699:041C idle  __dosErrorToSV
 0699:0476       __stklen
 0699:04E0       __wscroll
 0699:04E2       __video
 0699:04F1       _directvideo
 0699:052E       __cFlag
 0699:052F       __cChar
 0699:0536       __RealCvtVector
 0699:0538 idle  __ScanTodVector
 0699:054A idle  _ResourceMutex2
 0699:054E idle  _ResourceMutex1
 0699:0552 idle  _err
 0699:0553 idle  _Task3_Stk
 0699:0953 idle  _Task2_Stk
 0699:0D53 idle  _Task1_Stk
 0699:1154       _OSTickDOSCtr
 0699:1156 idle  _PC_TickISR
 0699:1172 idle  _Mutex_store
 0699:1176       _head2
 0699:117A       _head
 0699:117E       _OSTime
 0699:1182 idle  _OSQTbl
 0699:11B2 idle  _OSQFreeList
 0699:11B6 idle  _OSMemTbl
 0699:121A idle  _OSMemFreeList
 0699:121E idle  _OSTCBTbl
 0699:1542 idle  _OSTCBPrioTbl
 0699:1642 idle  _OSTCBList
 0699:1646       _OSTCBHighRdy
 0699:164A idle  _OSTCBFreeList
 0699:164E       _OSTCBCur
 0699:1652 idle  _OSTaskIdleStk
 0699:1A52 idle  _OSIdleCtr
 0699:1A56 idle  _OSTaskCtr
 0699:1A57       _OSRunning
 0699:1A58 idle  _OSRdyTbl
 0699:1A60 idle  _OSRdyGrp
 0699:1A61       _OSPrioHighRdy
 0699:1A62       _OSPrioCur
 0699:1A63 idle  _OSLockNesting
 0699:1A64 idle  _OSIntExitY
 0699:1A65       _OSIntNesting
 0699:1A66 idle  _OSFlagFreeList
 0699:1A6A idle  _OSFlagTbl
 0699:1A8D idle  _OSEventTbl
 0699:1AAD idle  _OSEventFreeList
 0699:1AB1 idle  _OSCtxSwCtr
 0699:1AB6       __atexittbl

Program entry point at 0000:0000

