
 Start  Stop   Length Name               Class

 00000H 02519H 0251AH _TEXT              CODE
 0251AH 02939H 00420H TEST_TEXT          CODE
 0293AH 02A0FH 000D6H OS_CPU_A_TEXT      CODE
 02A10H 02BE5H 001D6H OS_CPU_C_TEXT      CODE
 02BE6H 02F62H 0037DH PC_TEXT            CODE
 02F63H 068FAH 03998H UCOS_II_TEXT       CODE
 06900H 06900H 00000H _FARDATA           FAR_DATA
 06900H 06900H 00000H _FARBSS            FAR_BSS
 06900H 06900H 00000H _OVERLAY_          OVRINFO
 06900H 06900H 00000H _1STUB_            STUBSEG
 06900H 06E35H 00536H _DATA              DATA
 06E36H 06E37H 00002H _CVTSEG            DATA
 06E38H 06E3DH 00006H _SCNSEG            DATA
 06E3EH 06E3EH 00000H _CONST             CONST
 06E3EH 06E49H 0000CH _INIT_             INITDATA
 06E4AH 06E4AH 00000H _INITEND_          INITDATA
 06E4AH 06E4AH 00000H _EXIT_             EXITDATA
 06E4AH 06E4AH 00000H _EXITEND_          EXITDATA
 06E4AH 08037H 011EEH _BSS               BSS
 08038H 08038H 00000H _BSSEND            BSSEND
 08040H 080BFH 00080H _STACK             STACK


Detailed map of segments

 0000:0000 0295 C=CODE   S=_TEXT          G=(none)  M=c0.ASM     ACBP=28
 0000:0295 002D C=CODE   S=_TEXT          G=(none)  M=ATEXIT     ACBP=28
 0000:02C2 0093 C=CODE   S=_TEXT          G=(none)  M=EXIT       ACBP=28
 0000:0355 0000 C=CODE   S=_TEXT          G=(none)  M=FILES      ACBP=28
 0000:0355 0000 C=CODE   S=_TEXT          G=(none)  M=FILES2     ACBP=28
 0000:0355 0017 C=CODE   S=_TEXT          G=(none)  M=F_LXMUL    ACBP=28
 0000:036C 0026 C=CODE   S=_TEXT          G=(none)  M=GETDATE    ACBP=28
 0000:0392 00AE C=CODE   S=_TEXT          G=(none)  M=H_LDIV     ACBP=28
 0000:0440 0021 C=CODE   S=_TEXT          G=(none)  M=H_LLSH     ACBP=28
 0000:0461 0021 C=CODE   S=_TEXT          G=(none)  M=H_LURSH    ACBP=28
 0000:0482 0060 C=CODE   S=_TEXT          G=(none)  M=H_PADD     ACBP=28
 0000:04E2 004B C=CODE   S=_TEXT          G=(none)  M=IOERROR    ACBP=28
 0000:052D 0011 C=CODE   S=_TEXT          G=(none)  M=ISATTY     ACBP=28
 0000:053E 00A2 C=CODE   S=_TEXT          G=(none)  M=LONGTOA    ACBP=28
 0000:05E0 0029 C=CODE   S=_TEXT          G=(none)  M=LSEEK      ACBP=28
 0000:0609 0021 C=CODE   S=_TEXT          G=(none)  M=N_PCMP     ACBP=28
 0000:062A 00BA C=CODE   S=_TEXT          G=(none)  M=SETUPIO    ACBP=28
 0000:06E4 0000 C=CODE   S=_TEXT          G=(none)  M=STKLEN     ACBP=28
 0000:06E4 04DB C=CODE   S=_TEXT          G=(none)  M=VPRINTER   ACBP=28
 0000:0BBF 009F C=CODE   S=_TEXT          G=(none)  M=VRAM       ACBP=28
 0000:0C5E 0000 C=CODE   S=_TEXT          G=(none)  M=WSCROLL    ACBP=28
 0000:0C5E 014E C=CODE   S=_TEXT          G=(none)  M=CPRINTF    ACBP=28
 0000:0DAC 01A5 C=CODE   S=_TEXT          G=(none)  M=CRTINIT    ACBP=28
 0000:0F51 001F C=CODE   S=_TEXT          G=(none)  M=CVTFAK     ACBP=28
 0000:0F70 0432 C=CODE   S=_TEXT          G=(none)  M=FARHEAP    ACBP=28
 0000:13A2 0140 C=CODE   S=_TEXT          G=(none)  M=FBRK       ACBP=28
 0000:14E2 005E C=CODE   S=_TEXT          G=(none)  M=GETCH      ACBP=28
 0000:1540 00AC C=CODE   S=_TEXT          G=(none)  M=GPTEXT     ACBP=28
 0000:15EC 0012 C=CODE   S=_TEXT          G=(none)  M=KBHIT      ACBP=28
 0000:15FE 009D C=CODE   S=_TEXT          G=(none)  M=MOVETEXT   ACBP=28
 0000:169B 0017 C=CODE   S=_TEXT          G=(none)  M=PUTCH      ACBP=28
 0000:16B2 0004 C=CODE   S=_TEXT          G=(none)  M=REALCVT    ACBP=28
 0000:16B6 01C7 C=CODE   S=_TEXT          G=(none)  M=SCREEN     ACBP=28
 0000:187D 018E C=CODE   S=_TEXT          G=(none)  M=SCROLL     ACBP=28
 0000:1A0B 001C C=CODE   S=_TEXT          G=(none)  M=SETBLOCK   ACBP=28
 0000:1A27 006A C=CODE   S=_TEXT          G=(none)  M=SETJMP     ACBP=28
 0000:1A91 002C C=CODE   S=_TEXT          G=(none)  M=WHEREXY    ACBP=28
 0000:1ABD 00CD C=CODE   S=_TEXT          G=(none)  M=FFLUSH     ACBP=28
 0000:1B8A 0042 C=CODE   S=_TEXT          G=(none)  M=FLUSHALL   ACBP=28
 0000:1BCC 01E2 C=CODE   S=_TEXT          G=(none)  M=FSEEK      ACBP=28
 0000:1DAE 0024 C=CODE   S=_TEXT          G=(none)  M=MEMCPY     ACBP=28
 0000:1DD2 001B C=CODE   S=_TEXT          G=(none)  M=PRINTF     ACBP=28
 0000:1DED 03C8 C=CODE   S=_TEXT          G=(none)  M=PUTC       ACBP=28
 0000:21B5 011D C=CODE   S=_TEXT          G=(none)  M=SETVBUF    ACBP=28
 0000:22D2 0083 C=CODE   S=_TEXT          G=(none)  M=SPRINTF    ACBP=28
 0000:2355 0151 C=CODE   S=_TEXT          G=(none)  M=WRITE      ACBP=28
 0000:24A6 003C C=CODE   S=_TEXT          G=(none)  M=WRITEA     ACBP=28
 0000:24E2 0038 C=CODE   S=_TEXT          G=(none)  M=XFFLUSH    ACBP=28
 0251:000A 0420 C=CODE   S=TEST_TEXT      G=(none)  M=test.c     ACBP=28
 0293:000A 00D6 C=CODE   S=OS_CPU_A_TEXT  G=(none)  M=\SOFTWARE\uCOS-II\Ix86L\BC45\OS_CPU_A.ASM ACBP=48
 02A1:0000 01D6 C=CODE   S=OS_CPU_C_TEXT  G=(none)  M=os_cpu_c.c ACBP=28
 02BE:0006 037D C=CODE   S=PC_TEXT        G=(none)  M=pc.c       ACBP=28
 02F6:0003 3998 C=CODE   S=UCOS_II_TEXT   G=(none)  M=ucos_ii.c  ACBP=28
 0690:0000 0000 C=FAR_DATA S=_FARDATA       G=(none)  M=c0.ASM     ACBP=68
 0690:0000 0000 C=FAR_BSS S=_FARBSS        G=(none)  M=c0.ASM     ACBP=68
 0690:0000 0000 C=OVRINFO S=_OVERLAY_      G=(none)  M=c0.ASM     ACBP=68
 0690:0000 0000 C=STUBSEG S=_1STUB_        G=(none)  M=c0.ASM     ACBP=68
 0690:0000 0093 C=DATA   S=_DATA          G=DGROUP  M=c0.ASM     ACBP=68
 0690:0094 0096 C=DATA   S=_DATA          G=DGROUP  M=test.c     ACBP=48
 0690:012A 0000 C=DATA   S=_DATA          G=DGROUP  M=\SOFTWARE\uCOS-II\Ix86L\BC45\OS_CPU_A.ASM ACBP=48
 0690:012A 0000 C=DATA   S=_DATA          G=DGROUP  M=os_cpu_c.c ACBP=48
 0690:012A 001F C=DATA   S=_DATA          G=DGROUP  M=pc.c       ACBP=48
 0690:014A 0108 C=DATA   S=_DATA          G=DGROUP  M=ucos_ii.c  ACBP=48
 0690:0252 0002 C=DATA   S=_DATA          G=DGROUP  M=ATEXIT     ACBP=48
 0690:0254 000C C=DATA   S=_DATA          G=DGROUP  M=EXIT       ACBP=48
 0690:0260 0190 C=DATA   S=_DATA          G=DGROUP  M=FILES      ACBP=48
 0690:03F0 002A C=DATA   S=_DATA          G=DGROUP  M=FILES2     ACBP=48
 0690:041A 0000 C=DATA   S=_DATA          G=DGROUP  M=F_LXMUL    ACBP=48
 0690:041A 0000 C=DATA   S=_DATA          G=DGROUP  M=GETDATE    ACBP=48
 0690:041A 0000 C=DATA   S=_DATA          G=DGROUP  M=H_LDIV     ACBP=48
 0690:041A 0000 C=DATA   S=_DATA          G=DGROUP  M=H_LLSH     ACBP=48
 0690:041A 0000 C=DATA   S=_DATA          G=DGROUP  M=H_LURSH    ACBP=48
 0690:041A 0000 C=DATA   S=_DATA          G=DGROUP  M=H_PADD     ACBP=48
 0690:041A 005B C=DATA   S=_DATA          G=DGROUP  M=IOERROR    ACBP=48
 0690:0476 0000 C=DATA   S=_DATA          G=DGROUP  M=ISATTY     ACBP=48
 0690:0476 0000 C=DATA   S=_DATA          G=DGROUP  M=LONGTOA    ACBP=48
 0690:0476 0000 C=DATA   S=_DATA          G=DGROUP  M=LSEEK      ACBP=48
 0690:0476 0000 C=DATA   S=_DATA          G=DGROUP  M=N_PCMP     ACBP=48
 0690:0476 0000 C=DATA   S=_DATA          G=DGROUP  M=SETUPIO    ACBP=48
 0690:0476 0002 C=DATA   S=_DATA          G=DGROUP  M=STKLEN     ACBP=48
 0690:0478 0067 C=DATA   S=_DATA          G=DGROUP  M=VPRINTER   ACBP=48
 0690:04E0 0000 C=DATA   S=_DATA          G=DGROUP  M=VRAM       ACBP=48
 0690:04E0 0002 C=DATA   S=_DATA          G=DGROUP  M=WSCROLL    ACBP=48
 0690:04E2 0000 C=DATA   S=_DATA          G=DGROUP  M=CPRINTF    ACBP=48
 0690:04E2 0018 C=DATA   S=_DATA          G=DGROUP  M=CRTINIT    ACBP=48
 0690:04FA 0031 C=DATA   S=_DATA          G=DGROUP  M=CVTFAK     ACBP=48
 0690:052C 0000 C=DATA   S=_DATA          G=DGROUP  M=FARHEAP    ACBP=48
 0690:052C 0002 C=DATA   S=_DATA          G=DGROUP  M=FBRK       ACBP=48
 0690:052E 0000 C=DATA   S=_DATA          G=DGROUP  M=GETCH      ACBP=48
 0690:052E 0000 C=DATA   S=_DATA          G=DGROUP  M=GPTEXT     ACBP=48
 0690:052E 0002 C=DATA   S=_DATA          G=DGROUP  M=KBHIT      ACBP=48
 0690:0530 0000 C=DATA   S=_DATA          G=DGROUP  M=MOVETEXT   ACBP=48
 0690:0530 0000 C=DATA   S=_DATA          G=DGROUP  M=PUTCH      ACBP=48
 0690:0530 0000 C=DATA   S=_DATA          G=DGROUP  M=REALCVT    ACBP=48
 0690:0530 0000 C=DATA   S=_DATA          G=DGROUP  M=SCREEN     ACBP=48
 0690:0530 0000 C=DATA   S=_DATA          G=DGROUP  M=SCROLL     ACBP=48
 0690:0530 0000 C=DATA   S=_DATA          G=DGROUP  M=SETBLOCK   ACBP=48
 0690:0530 0000 C=DATA   S=_DATA          G=DGROUP  M=SETJMP     ACBP=48
 0690:0530 0000 C=DATA   S=_DATA          G=DGROUP  M=WHEREXY    ACBP=48
 0690:0530 0000 C=DATA   S=_DATA          G=DGROUP  M=FFLUSH     ACBP=48
 0690:0530 0000 C=DATA   S=_DATA          G=DGROUP  M=FLUSHALL   ACBP=48
 0690:0530 0000 C=DATA   S=_DATA          G=DGROUP  M=FSEEK      ACBP=48
 0690:0530 0000 C=DATA   S=_DATA          G=DGROUP  M=MEMCPY     ACBP=48
 0690:0530 0000 C=DATA   S=_DATA          G=DGROUP  M=PRINTF     ACBP=48
 0690:0530 0001 C=DATA   S=_DATA          G=DGROUP  M=PUTC       ACBP=48
 0690:0532 0004 C=DATA   S=_DATA          G=DGROUP  M=SETVBUF    ACBP=48
 0690:0536 0000 C=DATA   S=_DATA          G=DGROUP  M=SPRINTF    ACBP=48
 0690:0536 0000 C=DATA   S=_DATA          G=DGROUP  M=WRITE      ACBP=48
 0690:0536 0000 C=DATA   S=_DATA          G=DGROUP  M=WRITEA     ACBP=48
 0690:0536 0000 C=DATA   S=_DATA          G=DGROUP  M=XFFLUSH    ACBP=48
 0690:0536 0000 C=DATA   S=_CVTSEG        G=DGROUP  M=c0.ASM     ACBP=48
 0690:0536 0002 C=DATA   S=_CVTSEG        G=DGROUP  M=CVTFAK     ACBP=48
 0690:0538 0000 C=DATA   S=_CVTSEG        G=DGROUP  M=REALCVT    ACBP=48
 0690:0538 0000 C=DATA   S=_SCNSEG        G=DGROUP  M=c0.ASM     ACBP=48
 0690:0538 0006 C=DATA   S=_SCNSEG        G=DGROUP  M=CVTFAK     ACBP=48
 0690:053E 0000 C=CONST  S=_CONST         G=DGROUP  M=c0.ASM     ACBP=48
 0690:053E 0000 C=INITDATA S=_INIT_         G=DGROUP  M=c0.ASM     ACBP=48
 0690:053E 0006 C=INITDATA S=_INIT_         G=DGROUP  M=SETUPIO    ACBP=48
 0690:0544 0006 C=INITDATA S=_INIT_         G=DGROUP  M=CRTINIT    ACBP=48
 0690:054A 0000 C=INITDATA S=_INITEND_      G=DGROUP  M=c0.ASM     ACBP=28
 0690:054A 0000 C=EXITDATA S=_EXIT_         G=DGROUP  M=c0.ASM     ACBP=48
 0690:054A 0000 C=EXITDATA S=_EXITEND_      G=DGROUP  M=c0.ASM     ACBP=28
 0690:054A 0000 C=BSS    S=_BSS           G=DGROUP  M=c0.ASM     ACBP=48
 0690:054A 0809 C=BSS    S=_BSS           G=DGROUP  M=test.c     ACBP=48
 0690:0D54 0001 C=BSS    S=_BSS           G=DGROUP  M=os_cpu_c.c ACBP=48
 0690:0D56 001B C=BSS    S=_BSS           G=DGROUP  M=pc.c       ACBP=48
 0690:0D72 0943 C=BSS    S=_BSS           G=DGROUP  M=ucos_ii.c  ACBP=48
 0690:16B6 0080 C=BSS    S=_BSS           G=DGROUP  M=ATEXIT     ACBP=48
 0690:1736 0000 C=BSS    S=_BSS           G=DGROUP  M=IOERROR    ACBP=48
 0690:1736 0000 C=BSS    S=_BSS           G=DGROUP  M=ISATTY     ACBP=48
 0690:1736 0000 C=BSS    S=_BSS           G=DGROUP  M=LONGTOA    ACBP=48
 0690:1736 0000 C=BSS    S=_BSS           G=DGROUP  M=LSEEK      ACBP=48
 0690:1736 0000 C=BSS    S=_BSS           G=DGROUP  M=SETUPIO    ACBP=48
 0690:1736 0000 C=BSS    S=_BSS           G=DGROUP  M=VPRINTER   ACBP=48
 0690:1736 0000 C=BSS    S=_BSS           G=DGROUP  M=VRAM       ACBP=48
 0690:1736 0000 C=BSS    S=_BSS           G=DGROUP  M=CRTINIT    ACBP=48
 0690:1736 0000 C=BSS    S=_BSS           G=DGROUP  M=GETCH      ACBP=48
 0690:1736 0000 C=BSS    S=_BSS           G=DGROUP  M=KBHIT      ACBP=48
 0690:1736 0000 C=BSS    S=_BSS           G=DGROUP  M=SETBLOCK   ACBP=48
 0690:1736 0000 C=BSS    S=_BSS           G=DGROUP  M=SETJMP     ACBP=48
 0690:1736 0000 C=BSS    S=_BSS           G=DGROUP  M=MEMCPY     ACBP=48
 0690:1736 0001 C=BSS    S=_BSS           G=DGROUP  M=PUTC       ACBP=48
 0690:1738 0000 C=BSS    S=_BSS           G=DGROUP  M=WRITEA     ACBP=48
 0690:1738 0000 C=BSSEND S=_BSSEND        G=DGROUP  M=c0.ASM     ACBP=28
 0804:0000 0080 C=STACK  S=_STACK         G=(none)  M=c0.ASM     ACBP=74

  Address         Publics by Name

 0690:0000 idle  DATASEG@
 0000:0291 idle  DGROUP@
 0000:0395 idle  F_LDIV@
 0000:03A4 idle  F_LMOD@
 0000:039C       F_LUDIV@
 0000:03AC idle  F_LUMOD@
 0000:0443       F_LXLSH@
 0000:0355       F_LXMUL@
 0000:0464       F_LXURSH@
 0000:0485 idle  F_PADD@
 0000:04B4 idle  F_PSUB@
 0000:0395 idle  LDIV@
 0000:03A4 idle  LMOD@
 0000:039C idle  LUDIV@
 0000:03AC idle  LUMOD@
 0000:0443 idle  LXLSH@
 0000:0355 idle  LXMUL@
 0000:0464 idle  LXURSH@
 0000:0392 idle  N_LDIV@
 0000:03A1 idle  N_LMOD@
 0000:0399 idle  N_LUDIV@
 0000:03A9 idle  N_LUMOD@
 0000:0440       N_LXLSH@
 0000:0461 idle  N_LXURSH@
 0000:0482       N_PADD@
 0000:0609       N_PCMP@
 0000:04B1 idle  N_PSUB@
 0000:0485 idle  PADD@
 0000:04B4 idle  PSUB@
 0000:027A       _abort
 0000:0295 idle  _atexit
 0000:0D90 idle  _cprintf
 0690:04F1       _directvideo
 0690:0552 idle  _err
 0690:007F       _errno
 0000:031A       _exit
 0000:10B0 idle  _farfree
 0000:11C4 idle  _farmalloc
 0000:1328 idle  _farrealloc
 0000:1ABD       _fflush
 0000:1B8A       _flushall
 0000:1E09 idle  _fputc
 0000:1F9E idle  _fputchar
 0000:10B0       _free
 0000:1C4E       _fseek
 0000:1CCE idle  _ftell
 0000:14E2       _getch
 0000:14FE idle  _getche
 0000:036C       _getdate
 0000:1540       _gettext
 0000:037F       _gettime
 0690:0D7A       _head
 0690:0D76       _head2
 0000:052D       _isatty
 0000:15EC       _kbhit
 02F6:0003 idle  _ListInsertNode
 02F6:1A5B idle  _ListInsertResource
 0251:0362 idle  _ListPrintNode
 0251:029A idle  _ListPrintResource
 0000:1A5D       _longjmp
 0000:05E0       _lseek
 0251:000A       _main
 0000:11BA       _malloc
 0000:1DAE       _memcpy
 0000:15FE       _movetext
 0690:0D72 idle  _Mutex_store
 0293:0028       _OSCtxSw
 0690:16B1 idle  _OSCtxSwCtr
 0690:16AD idle  _OSEventFreeList
 0690:168D idle  _OSEventTbl
 02F6:0870 idle  _OSFlagAccept
 02F6:09A2 idle  _OSFlagCreate
 02F6:0A1A idle  _OSFlagDel
 0690:1666 idle  _OSFlagFreeList
 02F6:0B5C idle  _OSFlagPend
 02F6:0DB6 idle  _OSFlagPost
 02F6:0F56 idle  _OSFlagQuery
 0690:166A idle  _OSFlagTbl
 0690:1652 idle  _OSIdleCtr
 02F6:009B       _OSInit
 02A1:0000       _OSInitHookBegin
 02A1:0001       _OSInitHookEnd
 0293:0063       _OSIntCtxSw
 02F6:00CE idle  _OSIntEnter
 02F6:00E1       _OSIntExit
 0690:1664 idle  _OSIntExitY
 0690:1665       _OSIntNesting
 0690:1663 idle  _OSLockNesting
 0690:014A idle  _OSMapTbl
 02F6:11E6 idle  _OSMboxAccept
 02F6:1231 idle  _OSMboxCreate
 02F6:12A6 idle  _OSMboxDel
 02F6:13C4 idle  _OSMboxPend
 02F6:14C6 idle  _OSMboxPost
 02F6:153E idle  _OSMboxPostOpt
 02F6:15E1 idle  _OSMboxQuery
 02F6:16D5 idle  _OSMemCreate
 0690:0E1A idle  _OSMemFreeList
 02F6:1820 idle  _OSMemGet
 02F6:189E idle  _OSMemPut
 02F6:190E idle  _OSMemQuery
 0690:0DB6 idle  _OSMemTbl
 02F6:1AFA idle  _OSMutexAccept
 02F6:1B85       _OSMutexCreate
 02F6:1C6B idle  _OSMutexDel
 02F6:1DC5       _OSMutexPend
 02F6:1F75       _OSMutexPost
 02F6:2185 idle  _OSMutexQuery
 0690:1662       _OSPrioCur
 0690:1661       _OSPrioHighRdy
 02F6:22A0 idle  _OSQAccept
 02F6:2340 idle  _OSQCreate
 02F6:2463 idle  _OSQDel
 02F6:25E0 idle  _OSQFlush
 0690:0DB2 idle  _OSQFreeList
 02F6:2638 idle  _OSQPend
 02F6:277E idle  _OSQPost
 02F6:2846 idle  _OSQPostFront
 02F6:2908 idle  _OSQPostOpt
 02F6:2A46 idle  _OSQQuery
 0690:0D82 idle  _OSQTbl
 0690:1660 idle  _OSRdyGrp
 0690:1658 idle  _OSRdyTbl
 0690:1657       _OSRunning
 02F6:015C idle  _OSSchedLock
 02F6:0172 idle  _OSSchedUnlock
 02F6:2BD1 idle  _OSSemAccept
 02F6:2C03 idle  _OSSemCreate
 02F6:2C77 idle  _OSSemDel
 02F6:2D95 idle  _OSSemPend
 02F6:2E45 idle  _OSSemPost
 02F6:2E9F idle  _OSSemQuery
 02F6:019F       _OSStart
 0293:000A       _OSStartHighRdy
 02F6:2F8B idle  _OSTaskChangePrio
 02F6:3157       _OSTaskCreate
 02F6:3214 idle  _OSTaskCreateExt
 02A1:0002       _OSTaskCreateHook
 0690:1656 idle  _OSTaskCtr
 02F6:3304 idle  _OSTaskDel
 02A1:0007       _OSTaskDelHook
 02F6:34E3 idle  _OSTaskDelReq
 02A1:000C       _OSTaskIdleHook
 0690:1252 idle  _OSTaskIdleStk
 02F6:3761 idle  _OSTaskQuery
 02F6:354F idle  _OSTaskResume
 02A1:000D idle  _OSTaskStatHook
 02F6:35CE idle  _OSTaskStkChk
 02A1:000E       _OSTaskStkInit
 02A1:00F4 idle  _OSTaskStkInit_FPE_x86
 02F6:36B3       _OSTaskSuspend
 02A1:01CF       _OSTaskSwHook
 0690:124E       _OSTCBCur
 0690:124A idle  _OSTCBFreeList
 0690:1246       _OSTCBHighRdy
 02A1:01D0       _OSTCBInitHook
 0690:1242 idle  _OSTCBList
 0690:1142 idle  _OSTCBPrioTbl
 0690:0E1E idle  _OSTCBTbl
 0690:0D54       _OSTickDOSCtr
 0293:0090       _OSTickISR
 0690:0D7E       _OSTime
 02F6:37CF       _OSTimeDly
 02F6:3816 idle  _OSTimeDlyHMSM
 02F6:38EF idle  _OSTimeDlyResume
 02F6:3967 idle  _OSTimeGet
 02F6:3986       _OSTimeSet
 02F6:01FE       _OSTimeTick
 02A1:01D5       _OSTimeTickHook
 0690:0152 idle  _OSUnMapTbl
 02F6:029A idle  _OSVersion
 02F6:029E idle  _OS_Dummy
 02F6:029F idle  _OS_EventTaskRdy
 02F6:0369 idle  _OS_EventTaskWait
 02F6:03D6 idle  _OS_EventTO
 02F6:042A idle  _OS_EventWaitListInit
 02F6:1078 idle  _OS_FlagInit
 02F6:1137 idle  _OS_FlagUnlink
 02F6:19B7 idle  _OS_MemInit
 02F6:2B81 idle  _OS_QInit
 02F6:0619 idle  _OS_Sched
 02F6:06B8 idle  _OS_TaskIdle
 02F6:06DD idle  _OS_TCBInit
 02BE:0006 idle  _PC_DispChar
 02BE:0044 idle  _PC_DispClrCol
 02BE:008A idle  _PC_DispClrRow
 02BE:00C3 idle  _PC_DispClrScr
 02BE:00F4 idle  _PC_DispStr
 02BE:0143 idle  _PC_DOSReturn
 02BE:0157       _PC_DOSSaveReturn
 02BE:01C5 idle  _PC_ElapsedInit
 02BE:01D9 idle  _PC_ElapsedStart
 02BE:01FF idle  _PC_ElapsedStop
 02BE:0250 idle  _PC_GetDateTime
 02BE:02A3 idle  _PC_GetKey
 02BE:02CA       _PC_SetTickRate
 0690:0D56 idle  _PC_TickISR
 02BE:0317 idle  _PC_VectGet
 02BE:034E       _PC_VectSet
 0000:1DD2       _printf
 0000:169B       _putch
 0000:1596       _puttext
 0000:1321 idle  _realloc
 0690:054E idle  _ResourceMutex1
 0690:054A idle  _ResourceMutex2
 0000:1A0B       _setblock
 0000:1A27       _setjmp
 0000:21B5       _setvbuf
 0000:2312       _sprintf
 0251:00DE idle  _Task1
 0690:0953 idle  _Task1_Stk
 0251:01E4 idle  _Task2
 0690:0553 idle  _Task2_Stk
 0000:1522 idle  _ungetch
 0000:2334 idle  _vsprintf
 0000:1A9B idle  _wherex
 0000:1AAA idle  _wherey
 0000:1000 idle  __AHINCR
 0000:000C idle  __AHSHIFT
 0690:0252       __atexitcnt
 0690:16B6       __atexittbl
 0000:1418       __brk
 0690:008B       __brklvl
 0690:006B idle  __C0argc
 0690:006D idle  __C0argv
 0000:0E72 idle  __c0crtinit
 0690:0071 idle  __C0environ
 0690:052F       __cChar
 0000:033B idle  __cexit
 0690:052E       __cFlag
 0000:016A       __checknull
 0000:0157       __cleanup
 0000:0C5E       __CPUTN
 0000:0E8F idle  __crtinit
 0000:0000  Abs  __cvtfak
 0000:0349 idle  __c_exit
 0690:041A idle  __doserrno
 0000:051B idle  __DOSERROR
 0690:041C idle  __dosErrorToSV
 0690:0075 idle  __envLng
 0690:0077 idle  __envseg
 0690:0079 idle  __envSize
 0000:0329       __exit
 0690:0254       __exitbuf
 0690:0258 idle  __exitfopen
 0690:025C idle  __exitopen
 0000:1DED idle  __fputc
 0000:1FB2       __FPUTN
 0690:0087       __heapbase
 0690:008F       __heaptop
 0690:005B idle  __Int0Vector
 0690:005F idle  __Int4Vector
 0690:0063 idle  __Int5Vector
 0690:0067 idle  __Int6Vector
 0000:04E2       __IOERROR
 0000:053E       __LONGTOA
 0000:0293 idle  __MMODEL
 0690:03F0       __nfile
 0000:14FB idle  __Ngetche
 0000:151F idle  __Nungetch
 0690:03F2       __openfd
 0690:007D idle  __osmajor
 0690:007E idle  __osminor
 0690:007D idle  __osversion
 0690:007B       __psp
 0000:16B2       __REALCVT
 0690:0536       __RealCvtVector
 0000:01C0       __restorezero
 0000:1457       __sbrk
 0690:0538 idle  __ScanTodVector
 0000:17EC       __SCREENIO
 0000:189F       __SCROLL
 0000:062A       __setupio
 0690:0081 idle  __StartTime
 0690:0476       __stklen
 0690:0260       __streams
 0000:016B       __terminate
 0000:0000 idle  __turboCrt
 0000:05C0 idle  __UTOA
 0000:1828       __VALIDATEXY
 0690:007D idle  __version
 0690:04E2       __video
 0000:0DE7       __VideoInt
 0000:06FC       __VPRINTER
 0000:0BBF       __VPTR
 0000:0BE4       __VRAM
 0000:1A91       __wherexy
 0000:24A6       __write
 0690:04E0       __wscroll
 0000:24E2       __xfflush
 0690:0085 idle  ___brklvl
 0000:0F70 idle  ___first
 0000:0F72 idle  ___last
 0000:0F74 idle  ___rover
 0000:2355       ___write

  Address         Publics by Value

 0000:0000 idle  __turboCrt
 0000:0000  Abs  __cvtfak
 0000:000C idle  __AHSHIFT
 0000:0157       __cleanup
 0000:016A       __checknull
 0000:016B       __terminate
 0000:01C0       __restorezero
 0000:027A       _abort
 0000:0291 idle  DGROUP@
 0000:0293 idle  __MMODEL
 0000:0295 idle  _atexit
 0000:031A       _exit
 0000:0329       __exit
 0000:033B idle  __cexit
 0000:0349 idle  __c_exit
 0000:0355       F_LXMUL@
 0000:0355 idle  LXMUL@
 0000:036C       _getdate
 0000:037F       _gettime
 0000:0392 idle  N_LDIV@
 0000:0395 idle  LDIV@
 0000:0395 idle  F_LDIV@
 0000:0399 idle  N_LUDIV@
 0000:039C       F_LUDIV@
 0000:039C idle  LUDIV@
 0000:03A1 idle  N_LMOD@
 0000:03A4 idle  F_LMOD@
 0000:03A4 idle  LMOD@
 0000:03A9 idle  N_LUMOD@
 0000:03AC idle  LUMOD@
 0000:03AC idle  F_LUMOD@
 0000:0440       N_LXLSH@
 0000:0443       F_LXLSH@
 0000:0443 idle  LXLSH@
 0000:0461 idle  N_LXURSH@
 0000:0464       F_LXURSH@
 0000:0464 idle  LXURSH@
 0000:0482       N_PADD@
 0000:0485 idle  F_PADD@
 0000:0485 idle  PADD@
 0000:04B1 idle  N_PSUB@
 0000:04B4 idle  F_PSUB@
 0000:04B4 idle  PSUB@
 0000:04E2       __IOERROR
 0000:051B idle  __DOSERROR
 0000:052D       _isatty
 0000:053E       __LONGTOA
 0000:05C0 idle  __UTOA
 0000:05E0       _lseek
 0000:0609       N_PCMP@
 0000:062A       __setupio
 0000:06FC       __VPRINTER
 0000:0BBF       __VPTR
 0000:0BE4       __VRAM
 0000:0C5E       __CPUTN
 0000:0D90 idle  _cprintf
 0000:0DE7       __VideoInt
 0000:0E72 idle  __c0crtinit
 0000:0E8F idle  __crtinit
 0000:0F70 idle  ___first
 0000:0F72 idle  ___last
 0000:0F74 idle  ___rover
 0000:1000 idle  __AHINCR
 0000:10B0       _free
 0000:10B0 idle  _farfree
 0000:11BA       _malloc
 0000:11C4 idle  _farmalloc
 0000:1321 idle  _realloc
 0000:1328 idle  _farrealloc
 0000:1418       __brk
 0000:1457       __sbrk
 0000:14E2       _getch
 0000:14FB idle  __Ngetche
 0000:14FE idle  _getche
 0000:151F idle  __Nungetch
 0000:1522 idle  _ungetch
 0000:1540       _gettext
 0000:1596       _puttext
 0000:15EC       _kbhit
 0000:15FE       _movetext
 0000:169B       _putch
 0000:16B2       __REALCVT
 0000:17EC       __SCREENIO
 0000:1828       __VALIDATEXY
 0000:189F       __SCROLL
 0000:1A0B       _setblock
 0000:1A27       _setjmp
 0000:1A5D       _longjmp
 0000:1A91       __wherexy
 0000:1A9B idle  _wherex
 0000:1AAA idle  _wherey
 0000:1ABD       _fflush
 0000:1B8A       _flushall
 0000:1C4E       _fseek
 0000:1CCE idle  _ftell
 0000:1DAE       _memcpy
 0000:1DD2       _printf
 0000:1DED idle  __fputc
 0000:1E09 idle  _fputc
 0000:1F9E idle  _fputchar
 0000:1FB2       __FPUTN
 0000:21B5       _setvbuf
 0000:2312       _sprintf
 0000:2334 idle  _vsprintf
 0000:2355       ___write
 0000:24A6       __write
 0000:24E2       __xfflush
 0251:000A       _main
 0251:00DE idle  _Task1
 0251:01E4 idle  _Task2
 0251:029A idle  _ListPrintResource
 0251:0362 idle  _ListPrintNode
 0293:000A       _OSStartHighRdy
 0293:0028       _OSCtxSw
 0293:0063       _OSIntCtxSw
 0293:0090       _OSTickISR
 02A1:0000       _OSInitHookBegin
 02A1:0001       _OSInitHookEnd
 02A1:0002       _OSTaskCreateHook
 02A1:0007       _OSTaskDelHook
 02A1:000C       _OSTaskIdleHook
 02A1:000D idle  _OSTaskStatHook
 02A1:000E       _OSTaskStkInit
 02A1:00F4 idle  _OSTaskStkInit_FPE_x86
 02A1:01CF       _OSTaskSwHook
 02A1:01D0       _OSTCBInitHook
 02A1:01D5       _OSTimeTickHook
 02BE:0006 idle  _PC_DispChar
 02BE:0044 idle  _PC_DispClrCol
 02BE:008A idle  _PC_DispClrRow
 02BE:00C3 idle  _PC_DispClrScr
 02BE:00F4 idle  _PC_DispStr
 02BE:0143 idle  _PC_DOSReturn
 02BE:0157       _PC_DOSSaveReturn
 02BE:01C5 idle  _PC_ElapsedInit
 02BE:01D9 idle  _PC_ElapsedStart
 02BE:01FF idle  _PC_ElapsedStop
 02BE:0250 idle  _PC_GetDateTime
 02BE:02A3 idle  _PC_GetKey
 02BE:02CA       _PC_SetTickRate
 02BE:0317 idle  _PC_VectGet
 02BE:034E       _PC_VectSet
 02F6:0003 idle  _ListInsertNode
 02F6:009B       _OSInit
 02F6:00CE idle  _OSIntEnter
 02F6:00E1       _OSIntExit
 02F6:015C idle  _OSSchedLock
 02F6:0172 idle  _OSSchedUnlock
 02F6:019F       _OSStart
 02F6:01FE       _OSTimeTick
 02F6:029A idle  _OSVersion
 02F6:029E idle  _OS_Dummy
 02F6:029F idle  _OS_EventTaskRdy
 02F6:0369 idle  _OS_EventTaskWait
 02F6:03D6 idle  _OS_EventTO
 02F6:042A idle  _OS_EventWaitListInit
 02F6:0619 idle  _OS_Sched
 02F6:06B8 idle  _OS_TaskIdle
 02F6:06DD idle  _OS_TCBInit
 02F6:0870 idle  _OSFlagAccept
 02F6:09A2 idle  _OSFlagCreate
 02F6:0A1A idle  _OSFlagDel
 02F6:0B5C idle  _OSFlagPend
 02F6:0DB6 idle  _OSFlagPost
 02F6:0F56 idle  _OSFlagQuery
 02F6:1078 idle  _OS_FlagInit
 02F6:1137 idle  _OS_FlagUnlink
 02F6:11E6 idle  _OSMboxAccept
 02F6:1231 idle  _OSMboxCreate
 02F6:12A6 idle  _OSMboxDel
 02F6:13C4 idle  _OSMboxPend
 02F6:14C6 idle  _OSMboxPost
 02F6:153E idle  _OSMboxPostOpt
 02F6:15E1 idle  _OSMboxQuery
 02F6:16D5 idle  _OSMemCreate
 02F6:1820 idle  _OSMemGet
 02F6:189E idle  _OSMemPut
 02F6:190E idle  _OSMemQuery
 02F6:19B7 idle  _OS_MemInit
 02F6:1A5B idle  _ListInsertResource
 02F6:1AFA idle  _OSMutexAccept
 02F6:1B85       _OSMutexCreate
 02F6:1C6B idle  _OSMutexDel
 02F6:1DC5       _OSMutexPend
 02F6:1F75       _OSMutexPost
 02F6:2185 idle  _OSMutexQuery
 02F6:22A0 idle  _OSQAccept
 02F6:2340 idle  _OSQCreate
 02F6:2463 idle  _OSQDel
 02F6:25E0 idle  _OSQFlush
 02F6:2638 idle  _OSQPend
 02F6:277E idle  _OSQPost
 02F6:2846 idle  _OSQPostFront
 02F6:2908 idle  _OSQPostOpt
 02F6:2A46 idle  _OSQQuery
 02F6:2B81 idle  _OS_QInit
 02F6:2BD1 idle  _OSSemAccept
 02F6:2C03 idle  _OSSemCreate
 02F6:2C77 idle  _OSSemDel
 02F6:2D95 idle  _OSSemPend
 02F6:2E45 idle  _OSSemPost
 02F6:2E9F idle  _OSSemQuery
 02F6:2F8B idle  _OSTaskChangePrio
 02F6:3157       _OSTaskCreate
 02F6:3214 idle  _OSTaskCreateExt
 02F6:3304 idle  _OSTaskDel
 02F6:34E3 idle  _OSTaskDelReq
 02F6:354F idle  _OSTaskResume
 02F6:35CE idle  _OSTaskStkChk
 02F6:36B3       _OSTaskSuspend
 02F6:3761 idle  _OSTaskQuery
 02F6:37CF       _OSTimeDly
 02F6:3816 idle  _OSTimeDlyHMSM
 02F6:38EF idle  _OSTimeDlyResume
 02F6:3967 idle  _OSTimeGet
 02F6:3986       _OSTimeSet
 0690:0000 idle  DATASEG@
 0690:005B idle  __Int0Vector
 0690:005F idle  __Int4Vector
 0690:0063 idle  __Int5Vector
 0690:0067 idle  __Int6Vector
 0690:006B idle  __C0argc
 0690:006D idle  __C0argv
 0690:0071 idle  __C0environ
 0690:0075 idle  __envLng
 0690:0077 idle  __envseg
 0690:0079 idle  __envSize
 0690:007B       __psp
 0690:007D idle  __osversion
 0690:007D idle  __osmajor
 0690:007D idle  __version
 0690:007E idle  __osminor
 0690:007F       _errno
 0690:0081 idle  __StartTime
 0690:0085 idle  ___brklvl
 0690:0087       __heapbase
 0690:008B       __brklvl
 0690:008F       __heaptop
 0690:014A idle  _OSMapTbl
 0690:0152 idle  _OSUnMapTbl
 0690:0252       __atexitcnt
 0690:0254       __exitbuf
 0690:0258 idle  __exitfopen
 0690:025C idle  __exitopen
 0690:0260       __streams
 0690:03F0       __nfile
 0690:03F2       __openfd
 0690:041A idle  __doserrno
 0690:041C idle  __dosErrorToSV
 0690:0476       __stklen
 0690:04E0       __wscroll
 0690:04E2       __video
 0690:04F1       _directvideo
 0690:052E       __cFlag
 0690:052F       __cChar
 0690:0536       __RealCvtVector
 0690:0538 idle  __ScanTodVector
 0690:054A idle  _ResourceMutex2
 0690:054E idle  _ResourceMutex1
 0690:0552 idle  _err
 0690:0553 idle  _Task2_Stk
 0690:0953 idle  _Task1_Stk
 0690:0D54       _OSTickDOSCtr
 0690:0D56 idle  _PC_TickISR
 0690:0D72 idle  _Mutex_store
 0690:0D76       _head2
 0690:0D7A       _head
 0690:0D7E       _OSTime
 0690:0D82 idle  _OSQTbl
 0690:0DB2 idle  _OSQFreeList
 0690:0DB6 idle  _OSMemTbl
 0690:0E1A idle  _OSMemFreeList
 0690:0E1E idle  _OSTCBTbl
 0690:1142 idle  _OSTCBPrioTbl
 0690:1242 idle  _OSTCBList
 0690:1246       _OSTCBHighRdy
 0690:124A idle  _OSTCBFreeList
 0690:124E       _OSTCBCur
 0690:1252 idle  _OSTaskIdleStk
 0690:1652 idle  _OSIdleCtr
 0690:1656 idle  _OSTaskCtr
 0690:1657       _OSRunning
 0690:1658 idle  _OSRdyTbl
 0690:1660 idle  _OSRdyGrp
 0690:1661       _OSPrioHighRdy
 0690:1662       _OSPrioCur
 0690:1663 idle  _OSLockNesting
 0690:1664 idle  _OSIntExitY
 0690:1665       _OSIntNesting
 0690:1666 idle  _OSFlagFreeList
 0690:166A idle  _OSFlagTbl
 0690:168D idle  _OSEventTbl
 0690:16AD idle  _OSEventFreeList
 0690:16B1 idle  _OSCtxSwCtr
 0690:16B6       __atexittbl

Program entry point at 0000:0000

