
 Start  Stop   Length Name               Class

 00000H 02519H 0251AH _TEXT              CODE
 0251AH 02776H 0025DH TEST_TEXT          CODE
 02778H 0284DH 000D6H OS_CPU_A_TEXT      CODE
 0284EH 02A23H 001D6H OS_CPU_C_TEXT      CODE
 02A24H 02DA0H 0037DH PC_TEXT            CODE
 02DA1H 066DEH 0393EH UCOS_II_TEXT       CODE
 066E0H 066E0H 00000H _FARDATA           FAR_DATA
 066E0H 066E0H 00000H _FARBSS            FAR_BSS
 066E0H 066E0H 00000H _OVERLAY_          OVRINFO
 066E0H 066E0H 00000H _1STUB_            STUBSEG
 066E0H 06BC3H 004E4H _DATA              DATA
 06BC4H 06BC5H 00002H _CVTSEG            DATA
 06BC6H 06BCBH 00006H _SCNSEG            DATA
 06BCCH 06BCCH 00000H _CONST             CONST
 06BCCH 06BD7H 0000CH _INIT_             INITDATA
 06BD8H 06BD8H 00000H _INITEND_          INITDATA
 06BD8H 06BD8H 00000H _EXIT_             EXITDATA
 06BD8H 06BD8H 00000H _EXITEND_          EXITDATA
 06BD8H 07E19H 01242H _BSS               BSS
 07E1AH 07E1AH 00000H _BSSEND            BSSEND
 07E20H 07E9FH 00080H _STACK             STACK


Detailed map of segments

 0000:0000 0295 C=CODE   S=_TEXT          G=(none)  M=c0.ASM     ACBP=28
 0000:0295 002D C=CODE   S=_TEXT          G=(none)  M=ATEXIT     ACBP=28
 0000:02C2 0093 C=CODE   S=_TEXT          G=(none)  M=EXIT       ACBP=28
 0000:0355 0000 C=CODE   S=_TEXT          G=(none)  M=FILES      ACBP=28
 0000:0355 0000 C=CODE   S=_TEXT          G=(none)  M=FILES2     ACBP=28
 0000:0355 0017 C=CODE   S=_TEXT          G=(none)  M=F_LXMUL    ACBP=28
 0000:036C 0026 C=CODE   S=_TEXT          G=(none)  M=GETDATE    ACBP=28
 0000:0392 00AE C=CODE   S=_TEXT          G=(none)  M=H_LDIV     ACBP=28
 0000:0440 0021 C=CODE   S=_TEXT          G=(none)  M=H_LLSH     ACBP=28
 0000:0461 0021 C=CODE   S=_TEXT          G=(none)  M=H_LURSH    ACBP=28
 0000:0482 0060 C=CODE   S=_TEXT          G=(none)  M=H_PADD     ACBP=28
 0000:04E2 004B C=CODE   S=_TEXT          G=(none)  M=IOERROR    ACBP=28
 0000:052D 0011 C=CODE   S=_TEXT          G=(none)  M=ISATTY     ACBP=28
 0000:053E 00A2 C=CODE   S=_TEXT          G=(none)  M=LONGTOA    ACBP=28
 0000:05E0 0029 C=CODE   S=_TEXT          G=(none)  M=LSEEK      ACBP=28
 0000:0609 0021 C=CODE   S=_TEXT          G=(none)  M=N_PCMP     ACBP=28
 0000:062A 00BA C=CODE   S=_TEXT          G=(none)  M=SETUPIO    ACBP=28
 0000:06E4 0000 C=CODE   S=_TEXT          G=(none)  M=STKLEN     ACBP=28
 0000:06E4 04DB C=CODE   S=_TEXT          G=(none)  M=VPRINTER   ACBP=28
 0000:0BBF 009F C=CODE   S=_TEXT          G=(none)  M=VRAM       ACBP=28
 0000:0C5E 0000 C=CODE   S=_TEXT          G=(none)  M=WSCROLL    ACBP=28
 0000:0C5E 014E C=CODE   S=_TEXT          G=(none)  M=CPRINTF    ACBP=28
 0000:0DAC 01A5 C=CODE   S=_TEXT          G=(none)  M=CRTINIT    ACBP=28
 0000:0F51 001F C=CODE   S=_TEXT          G=(none)  M=CVTFAK     ACBP=28
 0000:0F70 0432 C=CODE   S=_TEXT          G=(none)  M=FARHEAP    ACBP=28
 0000:13A2 0140 C=CODE   S=_TEXT          G=(none)  M=FBRK       ACBP=28
 0000:14E2 005E C=CODE   S=_TEXT          G=(none)  M=GETCH      ACBP=28
 0000:1540 00AC C=CODE   S=_TEXT          G=(none)  M=GPTEXT     ACBP=28
 0000:15EC 0012 C=CODE   S=_TEXT          G=(none)  M=KBHIT      ACBP=28
 0000:15FE 009D C=CODE   S=_TEXT          G=(none)  M=MOVETEXT   ACBP=28
 0000:169B 0017 C=CODE   S=_TEXT          G=(none)  M=PUTCH      ACBP=28
 0000:16B2 0004 C=CODE   S=_TEXT          G=(none)  M=REALCVT    ACBP=28
 0000:16B6 01C7 C=CODE   S=_TEXT          G=(none)  M=SCREEN     ACBP=28
 0000:187D 018E C=CODE   S=_TEXT          G=(none)  M=SCROLL     ACBP=28
 0000:1A0B 001C C=CODE   S=_TEXT          G=(none)  M=SETBLOCK   ACBP=28
 0000:1A27 006A C=CODE   S=_TEXT          G=(none)  M=SETJMP     ACBP=28
 0000:1A91 002C C=CODE   S=_TEXT          G=(none)  M=WHEREXY    ACBP=28
 0000:1ABD 00CD C=CODE   S=_TEXT          G=(none)  M=FFLUSH     ACBP=28
 0000:1B8A 0042 C=CODE   S=_TEXT          G=(none)  M=FLUSHALL   ACBP=28
 0000:1BCC 01E2 C=CODE   S=_TEXT          G=(none)  M=FSEEK      ACBP=28
 0000:1DAE 0024 C=CODE   S=_TEXT          G=(none)  M=MEMCPY     ACBP=28
 0000:1DD2 001B C=CODE   S=_TEXT          G=(none)  M=PRINTF     ACBP=28
 0000:1DED 03C8 C=CODE   S=_TEXT          G=(none)  M=PUTC       ACBP=28
 0000:21B5 011D C=CODE   S=_TEXT          G=(none)  M=SETVBUF    ACBP=28
 0000:22D2 0083 C=CODE   S=_TEXT          G=(none)  M=SPRINTF    ACBP=28
 0000:2355 0151 C=CODE   S=_TEXT          G=(none)  M=WRITE      ACBP=28
 0000:24A6 003C C=CODE   S=_TEXT          G=(none)  M=WRITEA     ACBP=28
 0000:24E2 0038 C=CODE   S=_TEXT          G=(none)  M=XFFLUSH    ACBP=28
 0251:000A 025D C=CODE   S=TEST_TEXT      G=(none)  M=test.c     ACBP=28
 0277:0008 00D6 C=CODE   S=OS_CPU_A_TEXT  G=(none)  M=\SOFTWARE\uCOS-II\Ix86L\BC45\OS_CPU_A.ASM ACBP=48
 0284:000E 01D6 C=CODE   S=OS_CPU_C_TEXT  G=(none)  M=os_cpu_c.c ACBP=28
 02A2:0004 037D C=CODE   S=PC_TEXT        G=(none)  M=pc.c       ACBP=28
 02DA:0001 393E C=CODE   S=UCOS_II_TEXT   G=(none)  M=ucos_ii.c  ACBP=28
 066E:0000 0000 C=FAR_DATA S=_FARDATA       G=(none)  M=c0.ASM     ACBP=68
 066E:0000 0000 C=FAR_BSS S=_FARBSS        G=(none)  M=c0.ASM     ACBP=68
 066E:0000 0000 C=OVRINFO S=_OVERLAY_      G=(none)  M=c0.ASM     ACBP=68
 066E:0000 0000 C=STUBSEG S=_1STUB_        G=(none)  M=c0.ASM     ACBP=68
 066E:0000 0093 C=DATA   S=_DATA          G=DGROUP  M=c0.ASM     ACBP=68
 066E:0094 0044 C=DATA   S=_DATA          G=DGROUP  M=test.c     ACBP=48
 066E:00D8 0000 C=DATA   S=_DATA          G=DGROUP  M=\SOFTWARE\uCOS-II\Ix86L\BC45\OS_CPU_A.ASM ACBP=48
 066E:00D8 0000 C=DATA   S=_DATA          G=DGROUP  M=os_cpu_c.c ACBP=48
 066E:00D8 001F C=DATA   S=_DATA          G=DGROUP  M=pc.c       ACBP=48
 066E:00F8 0108 C=DATA   S=_DATA          G=DGROUP  M=ucos_ii.c  ACBP=48
 066E:0200 0002 C=DATA   S=_DATA          G=DGROUP  M=ATEXIT     ACBP=48
 066E:0202 000C C=DATA   S=_DATA          G=DGROUP  M=EXIT       ACBP=48
 066E:020E 0190 C=DATA   S=_DATA          G=DGROUP  M=FILES      ACBP=48
 066E:039E 002A C=DATA   S=_DATA          G=DGROUP  M=FILES2     ACBP=48
 066E:03C8 0000 C=DATA   S=_DATA          G=DGROUP  M=F_LXMUL    ACBP=48
 066E:03C8 0000 C=DATA   S=_DATA          G=DGROUP  M=GETDATE    ACBP=48
 066E:03C8 0000 C=DATA   S=_DATA          G=DGROUP  M=H_LDIV     ACBP=48
 066E:03C8 0000 C=DATA   S=_DATA          G=DGROUP  M=H_LLSH     ACBP=48
 066E:03C8 0000 C=DATA   S=_DATA          G=DGROUP  M=H_LURSH    ACBP=48
 066E:03C8 0000 C=DATA   S=_DATA          G=DGROUP  M=H_PADD     ACBP=48
 066E:03C8 005B C=DATA   S=_DATA          G=DGROUP  M=IOERROR    ACBP=48
 066E:0424 0000 C=DATA   S=_DATA          G=DGROUP  M=ISATTY     ACBP=48
 066E:0424 0000 C=DATA   S=_DATA          G=DGROUP  M=LONGTOA    ACBP=48
 066E:0424 0000 C=DATA   S=_DATA          G=DGROUP  M=LSEEK      ACBP=48
 066E:0424 0000 C=DATA   S=_DATA          G=DGROUP  M=N_PCMP     ACBP=48
 066E:0424 0000 C=DATA   S=_DATA          G=DGROUP  M=SETUPIO    ACBP=48
 066E:0424 0002 C=DATA   S=_DATA          G=DGROUP  M=STKLEN     ACBP=48
 066E:0426 0067 C=DATA   S=_DATA          G=DGROUP  M=VPRINTER   ACBP=48
 066E:048E 0000 C=DATA   S=_DATA          G=DGROUP  M=VRAM       ACBP=48
 066E:048E 0002 C=DATA   S=_DATA          G=DGROUP  M=WSCROLL    ACBP=48
 066E:0490 0000 C=DATA   S=_DATA          G=DGROUP  M=CPRINTF    ACBP=48
 066E:0490 0018 C=DATA   S=_DATA          G=DGROUP  M=CRTINIT    ACBP=48
 066E:04A8 0031 C=DATA   S=_DATA          G=DGROUP  M=CVTFAK     ACBP=48
 066E:04DA 0000 C=DATA   S=_DATA          G=DGROUP  M=FARHEAP    ACBP=48
 066E:04DA 0002 C=DATA   S=_DATA          G=DGROUP  M=FBRK       ACBP=48
 066E:04DC 0000 C=DATA   S=_DATA          G=DGROUP  M=GETCH      ACBP=48
 066E:04DC 0000 C=DATA   S=_DATA          G=DGROUP  M=GPTEXT     ACBP=48
 066E:04DC 0002 C=DATA   S=_DATA          G=DGROUP  M=KBHIT      ACBP=48
 066E:04DE 0000 C=DATA   S=_DATA          G=DGROUP  M=MOVETEXT   ACBP=48
 066E:04DE 0000 C=DATA   S=_DATA          G=DGROUP  M=PUTCH      ACBP=48
 066E:04DE 0000 C=DATA   S=_DATA          G=DGROUP  M=REALCVT    ACBP=48
 066E:04DE 0000 C=DATA   S=_DATA          G=DGROUP  M=SCREEN     ACBP=48
 066E:04DE 0000 C=DATA   S=_DATA          G=DGROUP  M=SCROLL     ACBP=48
 066E:04DE 0000 C=DATA   S=_DATA          G=DGROUP  M=SETBLOCK   ACBP=48
 066E:04DE 0000 C=DATA   S=_DATA          G=DGROUP  M=SETJMP     ACBP=48
 066E:04DE 0000 C=DATA   S=_DATA          G=DGROUP  M=WHEREXY    ACBP=48
 066E:04DE 0000 C=DATA   S=_DATA          G=DGROUP  M=FFLUSH     ACBP=48
 066E:04DE 0000 C=DATA   S=_DATA          G=DGROUP  M=FLUSHALL   ACBP=48
 066E:04DE 0000 C=DATA   S=_DATA          G=DGROUP  M=FSEEK      ACBP=48
 066E:04DE 0000 C=DATA   S=_DATA          G=DGROUP  M=MEMCPY     ACBP=48
 066E:04DE 0000 C=DATA   S=_DATA          G=DGROUP  M=PRINTF     ACBP=48
 066E:04DE 0001 C=DATA   S=_DATA          G=DGROUP  M=PUTC       ACBP=48
 066E:04E0 0004 C=DATA   S=_DATA          G=DGROUP  M=SETVBUF    ACBP=48
 066E:04E4 0000 C=DATA   S=_DATA          G=DGROUP  M=SPRINTF    ACBP=48
 066E:04E4 0000 C=DATA   S=_DATA          G=DGROUP  M=WRITE      ACBP=48
 066E:04E4 0000 C=DATA   S=_DATA          G=DGROUP  M=WRITEA     ACBP=48
 066E:04E4 0000 C=DATA   S=_DATA          G=DGROUP  M=XFFLUSH    ACBP=48
 066E:04E4 0000 C=DATA   S=_CVTSEG        G=DGROUP  M=c0.ASM     ACBP=48
 066E:04E4 0002 C=DATA   S=_CVTSEG        G=DGROUP  M=CVTFAK     ACBP=48
 066E:04E6 0000 C=DATA   S=_CVTSEG        G=DGROUP  M=REALCVT    ACBP=48
 066E:04E6 0000 C=DATA   S=_SCNSEG        G=DGROUP  M=c0.ASM     ACBP=48
 066E:04E6 0006 C=DATA   S=_SCNSEG        G=DGROUP  M=CVTFAK     ACBP=48
 066E:04EC 0000 C=CONST  S=_CONST         G=DGROUP  M=c0.ASM     ACBP=48
 066E:04EC 0000 C=INITDATA S=_INIT_         G=DGROUP  M=c0.ASM     ACBP=48
 066E:04EC 0006 C=INITDATA S=_INIT_         G=DGROUP  M=SETUPIO    ACBP=48
 066E:04F2 0006 C=INITDATA S=_INIT_         G=DGROUP  M=CRTINIT    ACBP=48
 066E:04F8 0000 C=INITDATA S=_INITEND_      G=DGROUP  M=c0.ASM     ACBP=28
 066E:04F8 0000 C=EXITDATA S=_EXIT_         G=DGROUP  M=c0.ASM     ACBP=48
 066E:04F8 0000 C=EXITDATA S=_EXITEND_      G=DGROUP  M=c0.ASM     ACBP=28
 066E:04F8 0000 C=BSS    S=_BSS           G=DGROUP  M=c0.ASM     ACBP=48
 066E:04F8 0800 C=BSS    S=_BSS           G=DGROUP  M=test.c     ACBP=48
 066E:0CF8 0001 C=BSS    S=_BSS           G=DGROUP  M=os_cpu_c.c ACBP=48
 066E:0CFA 001B C=BSS    S=_BSS           G=DGROUP  M=pc.c       ACBP=48
 066E:0D16 09A1 C=BSS    S=_BSS           G=DGROUP  M=ucos_ii.c  ACBP=48
 066E:16B8 0080 C=BSS    S=_BSS           G=DGROUP  M=ATEXIT     ACBP=48
 066E:1738 0000 C=BSS    S=_BSS           G=DGROUP  M=IOERROR    ACBP=48
 066E:1738 0000 C=BSS    S=_BSS           G=DGROUP  M=ISATTY     ACBP=48
 066E:1738 0000 C=BSS    S=_BSS           G=DGROUP  M=LONGTOA    ACBP=48
 066E:1738 0000 C=BSS    S=_BSS           G=DGROUP  M=LSEEK      ACBP=48
 066E:1738 0000 C=BSS    S=_BSS           G=DGROUP  M=SETUPIO    ACBP=48
 066E:1738 0000 C=BSS    S=_BSS           G=DGROUP  M=VPRINTER   ACBP=48
 066E:1738 0000 C=BSS    S=_BSS           G=DGROUP  M=VRAM       ACBP=48
 066E:1738 0000 C=BSS    S=_BSS           G=DGROUP  M=CRTINIT    ACBP=48
 066E:1738 0000 C=BSS    S=_BSS           G=DGROUP  M=GETCH      ACBP=48
 066E:1738 0000 C=BSS    S=_BSS           G=DGROUP  M=KBHIT      ACBP=48
 066E:1738 0000 C=BSS    S=_BSS           G=DGROUP  M=SETBLOCK   ACBP=48
 066E:1738 0000 C=BSS    S=_BSS           G=DGROUP  M=SETJMP     ACBP=48
 066E:1738 0000 C=BSS    S=_BSS           G=DGROUP  M=MEMCPY     ACBP=48
 066E:1738 0001 C=BSS    S=_BSS           G=DGROUP  M=PUTC       ACBP=48
 066E:173A 0000 C=BSS    S=_BSS           G=DGROUP  M=WRITEA     ACBP=48
 066E:173A 0000 C=BSSEND S=_BSSEND        G=DGROUP  M=c0.ASM     ACBP=28
 07E2:0000 0080 C=STACK  S=_STACK         G=(none)  M=c0.ASM     ACBP=74

  Address         Publics by Name

 066E:0000 idle  DATASEG@
 0000:0291 idle  DGROUP@
 0000:0395 idle  F_LDIV@
 0000:03A4 idle  F_LMOD@
 0000:039C       F_LUDIV@
 0000:03AC idle  F_LUMOD@
 0000:0443       F_LXLSH@
 0000:0355       F_LXMUL@
 0000:0464       F_LXURSH@
 0000:0485 idle  F_PADD@
 0000:04B4 idle  F_PSUB@
 0000:0395 idle  LDIV@
 0000:03A4 idle  LMOD@
 0000:039C idle  LUDIV@
 0000:03AC idle  LUMOD@
 0000:0443 idle  LXLSH@
 0000:0355 idle  LXMUL@
 0000:0464 idle  LXURSH@
 0000:0392 idle  N_LDIV@
 0000:03A1 idle  N_LMOD@
 0000:0399 idle  N_LUDIV@
 0000:03A9 idle  N_LUMOD@
 0000:0440       N_LXLSH@
 0000:0461 idle  N_LXURSH@
 0000:0482       N_PADD@
 0000:0609       N_PCMP@
 0000:04B1 idle  N_PSUB@
 0000:0485 idle  PADD@
 0000:04B4 idle  PSUB@
 0000:027A       _abort
 0000:0295 idle  _atexit
 0000:0D90 idle  _cprintf
 066E:049F       _directvideo
 066E:007F       _errno
 0000:031A       _exit
 0000:10B0 idle  _farfree
 0000:11C4 idle  _farmalloc
 0000:1328 idle  _farrealloc
 0000:1ABD       _fflush
 0000:1B8A       _flushall
 0000:1E09 idle  _fputc
 0000:1F9E idle  _fputchar
 0000:10B0       _free
 0000:1C4E       _fseek
 0000:1CCE idle  _ftell
 0000:14E2       _getch
 0000:14FE idle  _getche
 0000:036C       _getdate
 0000:1540       _gettext
 0000:037F       _gettime
 066E:0D16       _head
 0000:052D       _isatty
 0000:15EC       _kbhit
 02DA:0001 idle  _ListInsertNode
 0251:019F idle  _ListPrintNode
 0000:1A5D       _longjmp
 0000:05E0       _lseek
 0251:000A       _main
 0000:11BA       _malloc
 0000:1DAE       _memcpy
 0000:15FE       _movetext
 0277:0026       _OSCtxSw
 066E:16B3 idle  _OSCtxSwCtr
 066E:16AF idle  _OSEventFreeList
 066E:168F idle  _OSEventTbl
 02DA:08D6 idle  _OSFlagAccept
 02DA:0A08 idle  _OSFlagCreate
 02DA:0A80 idle  _OSFlagDel
 066E:1668 idle  _OSFlagFreeList
 02DA:0BC2 idle  _OSFlagPend
 02DA:0E1C idle  _OSFlagPost
 02DA:0FBC idle  _OSFlagQuery
 066E:166C idle  _OSFlagTbl
 066E:1654 idle  _OSIdleCtr
 02DA:011B       _OSInit
 0284:000E       _OSInitHookBegin
 0284:000F       _OSInitHookEnd
 0277:0061       _OSIntCtxSw
 02DA:014E idle  _OSIntEnter
 02DA:0161       _OSIntExit
 066E:1666 idle  _OSIntExitY
 066E:1667       _OSIntNesting
 066E:1665 idle  _OSLockNesting
 066E:00F8 idle  _OSMapTbl
 02DA:124C idle  _OSMboxAccept
 02DA:1297 idle  _OSMboxCreate
 02DA:130C idle  _OSMboxDel
 02DA:142A idle  _OSMboxPend
 02DA:152C idle  _OSMboxPost
 02DA:15A4 idle  _OSMboxPostOpt
 02DA:1647 idle  _OSMboxQuery
 02DA:173B idle  _OSMemCreate
 066E:0E1C idle  _OSMemFreeList
 02DA:1886 idle  _OSMemGet
 02DA:1904 idle  _OSMemPut
 02DA:1974 idle  _OSMemQuery
 066E:0DB8 idle  _OSMemTbl
 02DA:1AC1 idle  _OSMutexAccept
 02DA:1B4C idle  _OSMutexCreate
 02DA:1C32 idle  _OSMutexDel
 02DA:1D8C idle  _OSMutexPend
 02DA:1F77 idle  _OSMutexPost
 02DA:20FF idle  _OSMutexQuery
 066E:1664       _OSPrioCur
 066E:1663       _OSPrioHighRdy
 02DA:221A idle  _OSQAccept
 02DA:22BA idle  _OSQCreate
 02DA:23DD idle  _OSQDel
 02DA:255A idle  _OSQFlush
 066E:0DB4 idle  _OSQFreeList
 02DA:25B2 idle  _OSQPend
 02DA:26F8 idle  _OSQPost
 02DA:27C0 idle  _OSQPostFront
 02DA:2882 idle  _OSQPostOpt
 02DA:29C0 idle  _OSQQuery
 066E:0D84 idle  _OSQTbl
 066E:1662 idle  _OSRdyGrp
 066E:165A idle  _OSRdyTbl
 066E:1659       _OSRunning
 02DA:01FD idle  _OSSchedLock
 02DA:0213 idle  _OSSchedUnlock
 02DA:2B4B idle  _OSSemAccept
 02DA:2B7D idle  _OSSemCreate
 02DA:2BF1 idle  _OSSemDel
 02DA:2D0F idle  _OSSemPend
 02DA:2DBF idle  _OSSemPost
 02DA:2E19 idle  _OSSemQuery
 02DA:0240       _OSStart
 0277:0008       _OSStartHighRdy
 02DA:2F05 idle  _OSTaskChangePrio
 02DA:30D1       _OSTaskCreate
 02DA:319A idle  _OSTaskCreateExt
 0284:0010       _OSTaskCreateHook
 066E:1658 idle  _OSTaskCtr
 02DA:3292 idle  _OSTaskDel
 0284:0015       _OSTaskDelHook
 02DA:3471 idle  _OSTaskDelReq
 0284:001A       _OSTaskIdleHook
 066E:1254 idle  _OSTaskIdleStk
 02DA:36EF idle  _OSTaskQuery
 02DA:34DD idle  _OSTaskResume
 0284:001B idle  _OSTaskStatHook
 02DA:355C idle  _OSTaskStkChk
 0284:001C       _OSTaskStkInit
 0284:0102 idle  _OSTaskStkInit_FPE_x86
 02DA:3641 idle  _OSTaskSuspend
 0284:01DD       _OSTaskSwHook
 066E:1250       _OSTCBCur
 066E:124C idle  _OSTCBFreeList
 066E:1248       _OSTCBHighRdy
 0284:01DE       _OSTCBInitHook
 066E:1244 idle  _OSTCBList
 066E:1144 idle  _OSTCBPrioTbl
 066E:0E20 idle  _OSTCBTbl
 066E:0CF8       _OSTickDOSCtr
 0277:008E       _OSTickISR
 066E:0D80 idle  _OSTime
 02DA:375D       _OSTimeDly
 02DA:37A4 idle  _OSTimeDlyHMSM
 02DA:3893 idle  _OSTimeDlyResume
 02DA:390B       _OSTimeGet
 02DA:392A       _OSTimeSet
 02DA:0274       _OSTimeTick
 0284:01E3       _OSTimeTickHook
 066E:0100 idle  _OSUnMapTbl
 02DA:0310 idle  _OSVersion
 02DA:0314 idle  _OS_Dummy
 02DA:0315 idle  _OS_EventTaskRdy
 02DA:03DF idle  _OS_EventTaskWait
 02DA:044C idle  _OS_EventTO
 02DA:04A0 idle  _OS_EventWaitListInit
 02DA:10DE idle  _OS_FlagInit
 02DA:119D idle  _OS_FlagUnlink
 02DA:1A1D idle  _OS_MemInit
 02DA:2AFB idle  _OS_QInit
 02DA:068F idle  _OS_Sched
 02DA:0702 idle  _OS_TaskIdle
 02DA:0727 idle  _OS_TCBInit
 02A2:0004 idle  _PC_DispChar
 02A2:0042 idle  _PC_DispClrCol
 02A2:0088 idle  _PC_DispClrRow
 02A2:00C1 idle  _PC_DispClrScr
 02A2:00F2 idle  _PC_DispStr
 02A2:0141 idle  _PC_DOSReturn
 02A2:0155       _PC_DOSSaveReturn
 02A2:01C3 idle  _PC_ElapsedInit
 02A2:01D7 idle  _PC_ElapsedStart
 02A2:01FD idle  _PC_ElapsedStop
 02A2:024E idle  _PC_GetDateTime
 02A2:02A1 idle  _PC_GetKey
 02A2:02C8       _PC_SetTickRate
 066E:0CFA idle  _PC_TickISR
 02A2:0315 idle  _PC_VectGet
 02A2:034C       _PC_VectSet
 0000:1DD2       _printf
 0000:169B       _putch
 0000:1596       _puttext
 0000:1321 idle  _realloc
 0000:1A0B       _setblock
 0000:1A27       _setjmp
 0000:21B5       _setvbuf
 0000:2312       _sprintf
 0251:00B8 idle  _Task1
 066E:08F8 idle  _Task1_Stk
 0251:0120 idle  _Task2
 066E:04F8 idle  _Task2_Stk
 066E:0D1A idle  _task_log
 066E:0D7E       _task_log_index
 0000:1522 idle  _ungetch
 0000:2334 idle  _vsprintf
 0000:1A9B idle  _wherex
 0000:1AAA idle  _wherey
 0000:1000 idle  __AHINCR
 0000:000C idle  __AHSHIFT
 066E:0200       __atexitcnt
 066E:16B8       __atexittbl
 0000:1418       __brk
 066E:008B       __brklvl
 066E:006B idle  __C0argc
 066E:006D idle  __C0argv
 0000:0E72 idle  __c0crtinit
 066E:0071 idle  __C0environ
 066E:04DD       __cChar
 0000:033B idle  __cexit
 066E:04DC       __cFlag
 0000:016A       __checknull
 0000:0157       __cleanup
 0000:0C5E       __CPUTN
 0000:0E8F idle  __crtinit
 0000:0000  Abs  __cvtfak
 0000:0349 idle  __c_exit
 066E:03C8 idle  __doserrno
 0000:051B idle  __DOSERROR
 066E:03CA idle  __dosErrorToSV
 066E:0075 idle  __envLng
 066E:0077 idle  __envseg
 066E:0079 idle  __envSize
 0000:0329       __exit
 066E:0202       __exitbuf
 066E:0206 idle  __exitfopen
 066E:020A idle  __exitopen
 0000:1DED idle  __fputc
 0000:1FB2       __FPUTN
 066E:0087       __heapbase
 066E:008F       __heaptop
 066E:005B idle  __Int0Vector
 066E:005F idle  __Int4Vector
 066E:0063 idle  __Int5Vector
 066E:0067 idle  __Int6Vector
 0000:04E2       __IOERROR
 0000:053E       __LONGTOA
 0000:0293 idle  __MMODEL
 066E:039E       __nfile
 0000:14FB idle  __Ngetche
 0000:151F idle  __Nungetch
 066E:03A0       __openfd
 066E:007D idle  __osmajor
 066E:007E idle  __osminor
 066E:007D idle  __osversion
 066E:007B       __psp
 0000:16B2       __REALCVT
 066E:04E4       __RealCvtVector
 0000:01C0       __restorezero
 0000:1457       __sbrk
 066E:04E6 idle  __ScanTodVector
 0000:17EC       __SCREENIO
 0000:189F       __SCROLL
 0000:062A       __setupio
 066E:0081 idle  __StartTime
 066E:0424       __stklen
 066E:020E       __streams
 0000:016B       __terminate
 0000:0000 idle  __turboCrt
 0000:05C0 idle  __UTOA
 0000:1828       __VALIDATEXY
 066E:007D idle  __version
 066E:0490       __video
 0000:0DE7       __VideoInt
 0000:06FC       __VPRINTER
 0000:0BBF       __VPTR
 0000:0BE4       __VRAM
 0000:1A91       __wherexy
 0000:24A6       __write
 066E:048E       __wscroll
 0000:24E2       __xfflush
 066E:0085 idle  ___brklvl
 0000:0F70 idle  ___first
 0000:0F72 idle  ___last
 0000:0F74 idle  ___rover
 0000:2355       ___write

  Address         Publics by Value

 0000:0000 idle  __turboCrt
 0000:0000  Abs  __cvtfak
 0000:000C idle  __AHSHIFT
 0000:0157       __cleanup
 0000:016A       __checknull
 0000:016B       __terminate
 0000:01C0       __restorezero
 0000:027A       _abort
 0000:0291 idle  DGROUP@
 0000:0293 idle  __MMODEL
 0000:0295 idle  _atexit
 0000:031A       _exit
 0000:0329       __exit
 0000:033B idle  __cexit
 0000:0349 idle  __c_exit
 0000:0355       F_LXMUL@
 0000:0355 idle  LXMUL@
 0000:036C       _getdate
 0000:037F       _gettime
 0000:0392 idle  N_LDIV@
 0000:0395 idle  LDIV@
 0000:0395 idle  F_LDIV@
 0000:0399 idle  N_LUDIV@
 0000:039C       F_LUDIV@
 0000:039C idle  LUDIV@
 0000:03A1 idle  N_LMOD@
 0000:03A4 idle  F_LMOD@
 0000:03A4 idle  LMOD@
 0000:03A9 idle  N_LUMOD@
 0000:03AC idle  LUMOD@
 0000:03AC idle  F_LUMOD@
 0000:0440       N_LXLSH@
 0000:0443       F_LXLSH@
 0000:0443 idle  LXLSH@
 0000:0461 idle  N_LXURSH@
 0000:0464       F_LXURSH@
 0000:0464 idle  LXURSH@
 0000:0482       N_PADD@
 0000:0485 idle  F_PADD@
 0000:0485 idle  PADD@
 0000:04B1 idle  N_PSUB@
 0000:04B4 idle  F_PSUB@
 0000:04B4 idle  PSUB@
 0000:04E2       __IOERROR
 0000:051B idle  __DOSERROR
 0000:052D       _isatty
 0000:053E       __LONGTOA
 0000:05C0 idle  __UTOA
 0000:05E0       _lseek
 0000:0609       N_PCMP@
 0000:062A       __setupio
 0000:06FC       __VPRINTER
 0000:0BBF       __VPTR
 0000:0BE4       __VRAM
 0000:0C5E       __CPUTN
 0000:0D90 idle  _cprintf
 0000:0DE7       __VideoInt
 0000:0E72 idle  __c0crtinit
 0000:0E8F idle  __crtinit
 0000:0F70 idle  ___first
 0000:0F72 idle  ___last
 0000:0F74 idle  ___rover
 0000:1000 idle  __AHINCR
 0000:10B0       _free
 0000:10B0 idle  _farfree
 0000:11BA       _malloc
 0000:11C4 idle  _farmalloc
 0000:1321 idle  _realloc
 0000:1328 idle  _farrealloc
 0000:1418       __brk
 0000:1457       __sbrk
 0000:14E2       _getch
 0000:14FB idle  __Ngetche
 0000:14FE idle  _getche
 0000:151F idle  __Nungetch
 0000:1522 idle  _ungetch
 0000:1540       _gettext
 0000:1596       _puttext
 0000:15EC       _kbhit
 0000:15FE       _movetext
 0000:169B       _putch
 0000:16B2       __REALCVT
 0000:17EC       __SCREENIO
 0000:1828       __VALIDATEXY
 0000:189F       __SCROLL
 0000:1A0B       _setblock
 0000:1A27       _setjmp
 0000:1A5D       _longjmp
 0000:1A91       __wherexy
 0000:1A9B idle  _wherex
 0000:1AAA idle  _wherey
 0000:1ABD       _fflush
 0000:1B8A       _flushall
 0000:1C4E       _fseek
 0000:1CCE idle  _ftell
 0000:1DAE       _memcpy
 0000:1DD2       _printf
 0000:1DED idle  __fputc
 0000:1E09 idle  _fputc
 0000:1F9E idle  _fputchar
 0000:1FB2       __FPUTN
 0000:21B5       _setvbuf
 0000:2312       _sprintf
 0000:2334 idle  _vsprintf
 0000:2355       ___write
 0000:24A6       __write
 0000:24E2       __xfflush
 0251:000A       _main
 0251:00B8 idle  _Task1
 0251:0120 idle  _Task2
 0251:019F idle  _ListPrintNode
 0277:0008       _OSStartHighRdy
 0277:0026       _OSCtxSw
 0277:0061       _OSIntCtxSw
 0277:008E       _OSTickISR
 0284:000E       _OSInitHookBegin
 0284:000F       _OSInitHookEnd
 0284:0010       _OSTaskCreateHook
 0284:0015       _OSTaskDelHook
 0284:001A       _OSTaskIdleHook
 0284:001B idle  _OSTaskStatHook
 0284:001C       _OSTaskStkInit
 0284:0102 idle  _OSTaskStkInit_FPE_x86
 0284:01DD       _OSTaskSwHook
 0284:01DE       _OSTCBInitHook
 0284:01E3       _OSTimeTickHook
 02A2:0004 idle  _PC_DispChar
 02A2:0042 idle  _PC_DispClrCol
 02A2:0088 idle  _PC_DispClrRow
 02A2:00C1 idle  _PC_DispClrScr
 02A2:00F2 idle  _PC_DispStr
 02A2:0141 idle  _PC_DOSReturn
 02A2:0155       _PC_DOSSaveReturn
 02A2:01C3 idle  _PC_ElapsedInit
 02A2:01D7 idle  _PC_ElapsedStart
 02A2:01FD idle  _PC_ElapsedStop
 02A2:024E idle  _PC_GetDateTime
 02A2:02A1 idle  _PC_GetKey
 02A2:02C8       _PC_SetTickRate
 02A2:0315 idle  _PC_VectGet
 02A2:034C       _PC_VectSet
 02DA:0001 idle  _ListInsertNode
 02DA:011B       _OSInit
 02DA:014E idle  _OSIntEnter
 02DA:0161       _OSIntExit
 02DA:01FD idle  _OSSchedLock
 02DA:0213 idle  _OSSchedUnlock
 02DA:0240       _OSStart
 02DA:0274       _OSTimeTick
 02DA:0310 idle  _OSVersion
 02DA:0314 idle  _OS_Dummy
 02DA:0315 idle  _OS_EventTaskRdy
 02DA:03DF idle  _OS_EventTaskWait
 02DA:044C idle  _OS_EventTO
 02DA:04A0 idle  _OS_EventWaitListInit
 02DA:068F idle  _OS_Sched
 02DA:0702 idle  _OS_TaskIdle
 02DA:0727 idle  _OS_TCBInit
 02DA:08D6 idle  _OSFlagAccept
 02DA:0A08 idle  _OSFlagCreate
 02DA:0A80 idle  _OSFlagDel
 02DA:0BC2 idle  _OSFlagPend
 02DA:0E1C idle  _OSFlagPost
 02DA:0FBC idle  _OSFlagQuery
 02DA:10DE idle  _OS_FlagInit
 02DA:119D idle  _OS_FlagUnlink
 02DA:124C idle  _OSMboxAccept
 02DA:1297 idle  _OSMboxCreate
 02DA:130C idle  _OSMboxDel
 02DA:142A idle  _OSMboxPend
 02DA:152C idle  _OSMboxPost
 02DA:15A4 idle  _OSMboxPostOpt
 02DA:1647 idle  _OSMboxQuery
 02DA:173B idle  _OSMemCreate
 02DA:1886 idle  _OSMemGet
 02DA:1904 idle  _OSMemPut
 02DA:1974 idle  _OSMemQuery
 02DA:1A1D idle  _OS_MemInit
 02DA:1AC1 idle  _OSMutexAccept
 02DA:1B4C idle  _OSMutexCreate
 02DA:1C32 idle  _OSMutexDel
 02DA:1D8C idle  _OSMutexPend
 02DA:1F77 idle  _OSMutexPost
 02DA:20FF idle  _OSMutexQuery
 02DA:221A idle  _OSQAccept
 02DA:22BA idle  _OSQCreate
 02DA:23DD idle  _OSQDel
 02DA:255A idle  _OSQFlush
 02DA:25B2 idle  _OSQPend
 02DA:26F8 idle  _OSQPost
 02DA:27C0 idle  _OSQPostFront
 02DA:2882 idle  _OSQPostOpt
 02DA:29C0 idle  _OSQQuery
 02DA:2AFB idle  _OS_QInit
 02DA:2B4B idle  _OSSemAccept
 02DA:2B7D idle  _OSSemCreate
 02DA:2BF1 idle  _OSSemDel
 02DA:2D0F idle  _OSSemPend
 02DA:2DBF idle  _OSSemPost
 02DA:2E19 idle  _OSSemQuery
 02DA:2F05 idle  _OSTaskChangePrio
 02DA:30D1       _OSTaskCreate
 02DA:319A idle  _OSTaskCreateExt
 02DA:3292 idle  _OSTaskDel
 02DA:3471 idle  _OSTaskDelReq
 02DA:34DD idle  _OSTaskResume
 02DA:355C idle  _OSTaskStkChk
 02DA:3641 idle  _OSTaskSuspend
 02DA:36EF idle  _OSTaskQuery
 02DA:375D       _OSTimeDly
 02DA:37A4 idle  _OSTimeDlyHMSM
 02DA:3893 idle  _OSTimeDlyResume
 02DA:390B       _OSTimeGet
 02DA:392A       _OSTimeSet
 066E:0000 idle  DATASEG@
 066E:005B idle  __Int0Vector
 066E:005F idle  __Int4Vector
 066E:0063 idle  __Int5Vector
 066E:0067 idle  __Int6Vector
 066E:006B idle  __C0argc
 066E:006D idle  __C0argv
 066E:0071 idle  __C0environ
 066E:0075 idle  __envLng
 066E:0077 idle  __envseg
 066E:0079 idle  __envSize
 066E:007B       __psp
 066E:007D idle  __osversion
 066E:007D idle  __osmajor
 066E:007D idle  __version
 066E:007E idle  __osminor
 066E:007F       _errno
 066E:0081 idle  __StartTime
 066E:0085 idle  ___brklvl
 066E:0087       __heapbase
 066E:008B       __brklvl
 066E:008F       __heaptop
 066E:00F8 idle  _OSMapTbl
 066E:0100 idle  _OSUnMapTbl
 066E:0200       __atexitcnt
 066E:0202       __exitbuf
 066E:0206 idle  __exitfopen
 066E:020A idle  __exitopen
 066E:020E       __streams
 066E:039E       __nfile
 066E:03A0       __openfd
 066E:03C8 idle  __doserrno
 066E:03CA idle  __dosErrorToSV
 066E:0424       __stklen
 066E:048E       __wscroll
 066E:0490       __video
 066E:049F       _directvideo
 066E:04DC       __cFlag
 066E:04DD       __cChar
 066E:04E4       __RealCvtVector
 066E:04E6 idle  __ScanTodVector
 066E:04F8 idle  _Task2_Stk
 066E:08F8 idle  _Task1_Stk
 066E:0CF8       _OSTickDOSCtr
 066E:0CFA idle  _PC_TickISR
 066E:0D16       _head
 066E:0D1A idle  _task_log
 066E:0D7E       _task_log_index
 066E:0D80 idle  _OSTime
 066E:0D84 idle  _OSQTbl
 066E:0DB4 idle  _OSQFreeList
 066E:0DB8 idle  _OSMemTbl
 066E:0E1C idle  _OSMemFreeList
 066E:0E20 idle  _OSTCBTbl
 066E:1144 idle  _OSTCBPrioTbl
 066E:1244 idle  _OSTCBList
 066E:1248       _OSTCBHighRdy
 066E:124C idle  _OSTCBFreeList
 066E:1250       _OSTCBCur
 066E:1254 idle  _OSTaskIdleStk
 066E:1654 idle  _OSIdleCtr
 066E:1658 idle  _OSTaskCtr
 066E:1659       _OSRunning
 066E:165A idle  _OSRdyTbl
 066E:1662 idle  _OSRdyGrp
 066E:1663       _OSPrioHighRdy
 066E:1664       _OSPrioCur
 066E:1665 idle  _OSLockNesting
 066E:1666 idle  _OSIntExitY
 066E:1667       _OSIntNesting
 066E:1668 idle  _OSFlagFreeList
 066E:166C idle  _OSFlagTbl
 066E:168F idle  _OSEventTbl
 066E:16AF idle  _OSEventFreeList
 066E:16B3 idle  _OSCtxSwCtr
 066E:16B8       __atexittbl

Program entry point at 0000:0000

